Final exam/651FINALEXAM/Q1Q2V6.csv
ID,STORE,Week,STOREWEEK,Season,BRAND,MOVE,logmove,PRICE,logprice,Feat,AGE9,AGE60,ETHNIC,EDUC,NOCAR,INCOME,SINGLE,RETIRED,UNEMP,NWHITE,POVERTY
1,112,307,112307,Summer,COORS,1,0,10.99,2.396985768,1,0.16361186,0.08972372,0.069710243,0.329898517,0.013948884,10.88265918,0.250960531,0.06922866,0.181411077,0.114420485,0.019981998
151,112,223,112223,Winter,COORS,6,1.791759469,10.99,2.396985768,0,0.16361186,0.08972372,0.069710243,0.329898517,0.013948884,10.88265918,0.250960531,0.06922866,0.181411077,0.114420485,0.019981998
331,112,291,112291,Spring,COORS,4,1.386294361,12.99,2.564179831,0,0.16361186,0.08972372,0.069710243,0.329898517,0.013948884,10.88265918,0.250960531,0.06922866,0.181411077,0.114420485,0.019981998
352,112,300,112300,Summer,COORS,2,0.693147181,12.99,2.564179831,0,0.16361186,0.08972372,0.069710243,0.329898517,0.013948884,10.88265918,0.250960531,0.06922866,0.181411077,0.114420485,0.019981998
661,112,270,112270,Fall,COORS,5,1.609437912,11.99,2.484072969,0,0.16361186,0.08972372,0.069710243,0.329898517,0.013948884,10.88265918,0.250960531,0.06922866,0.181411077,0.114420485,0.019981998
672,112,152,112152,Summer,COORS,8,2.079441542,11.99,2.484072969,0,0.16361186,0.08972372,0.069710243,0.329898517,0.013948884,10.88265918,0.250960531,0.06922866,0.181411077,0.114420485,0.019981998
758,112,252,112252,Summer,COORS,8,2.079441542,11.86,2.473171394,1,0.16361186,0.08972372,0.069710243,0.329898517,0.013948884,10.88265918,0.250960531,0.06922866,0.181411077,0.114420485,0.019981998
838,112,131,112131,Spring,COORS,9,2.197224577,10.99,2.396985768,1,0.16361186,0.08972372,0.069710243,0.329898517,0.013948884,10.88265918,0.250960531,0.06922866,0.181411077,0.114420485,0.019981998
1153,112,147,112147,Summer,COORS,20,2.995732274,10.49,2.350422422,1,0.16361186,0.08972372,0.069710243,0.329898517,0.013948884,10.88265918,0.250960531,0.06922866,0.181411077,0.114420485,0.019981998
1487,112,239,112239,Spring,COORS,9,2.197224577,11.99,2.484072969,0,0.16361186,0.08972372,0.069710243,0.329898517,0.013948884,10.88265918,0.250960531,0.06922866,0.181411077,0.114420485,0.019981998
1561,112,158,112158,Fall,COORS,4,1.386294361,11.99,2.484072969,0,0.16361186,0.08972372,0.069710243,0.329898517,0.013948884,10.88265918,0.250960531,0.06922866,0.181411077,0.114420485,0.019981998
1602,112,205,112205,Summer,COORS,15,2.708050201,10.99,2.396985768,1,0.16361186,0.08972372,0.069710243,0.329898517,0.013948884,10.88265918,0.250960531,0.06922866,0.181411077,0.114420485,0.019981998
1617,112,141,112141,Summer,COORS,12,2.48490665,11.99,2.484072969,0,0.16361186,0.08972372,0.069710243,0.329898517,0.013948884,10.88265918,0.250960531,0.06922866,0.181411077,0.114420485,0.019981998
1729,112,240,112240,Spring,COORS,1,0,10.99,2.396985768,1,0.16361186,0.08972372,0.069710243,0.329898517,0.013948884,10.88265918,0.250960531,0.06922866,0.181411077,0.114420485,0.019981998
1943,112,258,112258,Fall,COORS,8,2.079441542,11.99,2.484072969,0,0.16361186,0.08972372,0.069710243,0.329898517,0.013948884,10.88265918,0.250960531,0.06922866,0.181411077,0.114420485,0.019981998
1968,112,256,112256,Summer,COORS,10,2.302585093,10.99,2.396985768,1,0.16361186,0.08972372,0.069710243,0.329898517,0.013948884,10.88265918,0.250960531,0.06922866,0.181411077,0.114420485,0.019981998
2,100,240,100240,Spring,MILLER,82,4.406719247,10.99,2.396985768,1,0.184360976,0.136995144,0.564086801,0.049550286,0.365650445,10.0365751,0.360772697,0.18784972,0.240074607,0.612805065,0.166714002
410,100,316,100316,Fall,MILLER,78,4.356708827,10.99,2.396985768,1,0.184360976,0.136995144,0.564086801,0.049550286,0.365650445,10.0365751,0.360772697,0.18784972,0.240074607,0.612805065,0.166714002
965,100,133,100133,Spring,MILLER,105,4.65396035,10.99,2.396985768,1,0.184360976,0.136995144,0.564086801,0.049550286,0.365650445,10.0365751,0.360772697,0.18784972,0.240074607,0.612805065,0.166714002
1208,100,250,100250,Summer,MILLER,126,4.836281907,10.99,2.396985768,1,0.184360976,0.136995144,0.564086801,0.049550286,0.365650445,10.0365751,0.360772697,0.18784972,0.240074607,0.612805065,0.166714002
1534,100,196,100196,Summer,MILLER,77,4.343805422,11.99,2.484072969,0,0.184360976,0.136995144,0.564086801,0.049550286,0.365650445,10.0365751,0.360772697,0.18784972,0.240074607,0.612805065,0.166714002
1605,100,247,100247,Summer,MILLER,108,4.682131227,10.99,2.396985768,1,0.184360976,0.136995144,0.564086801,0.049550286,0.365650445,10.0365751,0.360772697,0.18784972,0.240074607,0.612805065,0.166714002
1694,100,234,100234,Spring,MILLER,55,4.007333185,11.99,2.484072969,1,0.184360976,0.136995144,0.564086801,0.049550286,0.365650445,10.0365751,0.360772697,0.18784972,0.240074607,0.612805065,0.166714002
1707,100,239,100239,Spring,MILLER,72,4.276666119,10.99,2.396985768,1,0.184360976,0.136995144,0.564086801,0.049550286,0.365650445,10.0365751,0.360772697,0.18784972,0.240074607,0.612805065,0.166714002
1895,100,170,100170,Winter,MILLER,81,4.394449155,11.99,2.484072969,0,0.184360976,0.136995144,0.564086801,0.049550286,0.365650445,10.0365751,0.360772697,0.18784972,0.240074607,0.612805065,0.166714002
3,116,197,116197,Summer,MILLER,22,3.091042453,11.99,2.484072969,0,0.139877224,0.18817339,0.033137058,0.259224748,0.060981912,10.69711335,0.248022555,0.155310458,0.166748366,0.054622902,0.036188179
486,116,128,116128,Spring,MILLER,13,2.564949357,10.99,2.396985768,1,0.139877224,0.18817339,0.033137058,0.259224748,0.060981912,10.69711335,0.248022555,0.155310458,0.166748366,0.054622902,0.036188179
552,116,150,116150,Summer,MILLER,76,4.33073334,10.99,2.396985768,1,0.139877224,0.18817339,0.033137058,0.259224748,0.060981912,10.69711335,0.248022555,0.155310458,0.166748366,0.054622902,0.036188179
624,116,228,116228,Winter,MILLER,42,3.737669618,9.99,2.301584593,1,0.139877224,0.18817339,0.033137058,0.259224748,0.060981912,10.69711335,0.248022555,0.155310458,0.166748366,0.054622902,0.036188179
656,116,151,116151,Summer,MILLER,36,3.583518938,10.99,2.396985768,0,0.139877224,0.18817339,0.033137058,0.259224748,0.060981912,10.69711335,0.248022555,0.155310458,0.166748366,0.054622902,0.036188179
752,116,127,116127,Winter,MILLER,16,2.772588722,11.99,2.484072969,0,0.139877224,0.18817339,0.033137058,0.259224748,0.060981912,10.69711335,0.248022555,0.155310458,0.166748366,0.054622902,0.036188179
1004,116,133,116133,Spring,MILLER,28,3.33220451,10.99,2.396985768,1,0.139877224,0.18817339,0.033137058,0.259224748,0.060981912,10.69711335,0.248022555,0.155310458,0.166748366,0.054622902,0.036188179
1342,116,301,116301,Summer,MILLER,26,3.258096538,12.6,2.533696814,0,0.139877224,0.18817339,0.033137058,0.259224748,0.060981912,10.69711335,0.248022555,0.155310458,0.166748366,0.054622902,0.036188179
1351,116,123,116123,Winter,MILLER,15,2.708050201,11.99,2.484072969,0,0.139877224,0.18817339,0.033137058,0.259224748,0.060981912,10.69711335,0.248022555,0.155310458,0.166748366,0.054622902,0.036188179
1956,116,248,116248,Summer,MILLER,9,2.197224577,11.99,2.484072969,0,0.139877224,0.18817339,0.033137058,0.259224748,0.060981912,10.69711335,0.248022555,0.155310458,0.166748366,0.054622902,0.036188179
2030,116,299,116299,Summer,MILLER,24,3.17805383,12.07,2.490723035,1,0.139877224,0.18817339,0.033137058,0.259224748,0.060981912,10.69711335,0.248022555,0.155310458,0.166748366,0.054622902,0.036188179
4,12,212,12212,Fall,MILLER,18,2.890371758,10.99,2.396985768,1,0.10569674,0.178341405,0.380697988,0.253412969,0.483517598,9.996659083,0.451637338,0.175666032,0.203794006,0.495331769,0.168864097
107,12,217,12217,Fall,MILLER,27,3.295836866,10.13,2.315501318,1,0.10569674,0.178341405,0.380697988,0.253412969,0.483517598,9.996659083,0.451637338,0.175666032,0.203794006,0.495331769,0.168864097
183,12,310,12310,Fall,MILLER,28,3.33220451,12.99,2.564179831,0,0.10569674,0.178341405,0.380697988,0.253412969,0.483517598,9.996659083,0.451637338,0.175666032,0.203794006,0.495331769,0.168864097
234,12,101,12101,Summer,MILLER,13,2.564949357,11.99,2.484072969,0,0.10569674,0.178341405,0.380697988,0.253412969,0.483517598,9.996659083,0.451637338,0.175666032,0.203794006,0.495331769,0.168864097
470,12,163,12163,Fall,MILLER,7,1.945910149,10.99,2.396985768,1,0.10569674,0.178341405,0.380697988,0.253412969,0.483517598,9.996659083,0.451637338,0.175666032,0.203794006,0.495331769,0.168864097
704,12,290,12290,Spring,MILLER,4,1.386294361,12.99,2.564179831,0,0.10569674,0.178341405,0.380697988,0.253412969,0.483517598,9.996659083,0.451637338,0.175666032,0.203794006,0.495331769,0.168864097
711,12,215,12215,Fall,MILLER,10,2.302585093,11.99,2.484072969,0,0.10569674,0.178341405,0.380697988,0.253412969,0.483517598,9.996659083,0.451637338,0.175666032,0.203794006,0.495331769,0.168864097
718,12,256,12256,Summer,MILLER,12,2.48490665,11.9,2.4765384,1,0.10569674,0.178341405,0.380697988,0.253412969,0.483517598,9.996659083,0.451637338,0.175666032,0.203794006,0.495331769,0.168864097
740,12,297,12297,Summer,MILLER,16,2.772588722,12.99,2.564179831,0,0.10569674,0.178341405,0.380697988,0.253412969,0.483517598,9.996659083,0.451637338,0.175666032,0.203794006,0.495331769,0.168864097
976,12,129,12129,Spring,MILLER,11,2.397895273,10.99,2.396985768,1,0.10569674,0.178341405,0.380697988,0.253412969,0.483517598,9.996659083,0.451637338,0.175666032,0.203794006,0.495331769,0.168864097
1255,12,208,12208,Fall,MILLER,17,2.833213344,10.99,2.396985768,1,0.10569674,0.178341405,0.380697988,0.253412969,0.483517598,9.996659083,0.451637338,0.175666032,0.203794006,0.495331769,0.168864097
1257,12,141,12141,Summer,MILLER,29,3.36729583,10.99,2.396985768,0,0.10569674,0.178341405,0.380697988,0.253412969,0.483517598,9.996659083,0.451637338,0.175666032,0.203794006,0.495331769,0.168864097
1692,12,317,12317,Fall,MILLER,28,3.33220451,10.99,2.396985768,1,0.10569674,0.178341405,0.380697988,0.253412969,0.483517598,9.996659083,0.451637338,0.175666032,0.203794006,0.495331769,0.168864097
1939,12,237,12237,Spring,MILLER,11,2.397895273,10.99,2.396985768,1,0.10569674,0.178341405,0.380697988,0.253412969,0.483517598,9.996659083,0.451637338,0.175666032,0.203794006,0.495331769,0.168864097
1955,12,205,12205,Summer,MILLER,25,3.218875825,11.99,2.484072969,0,0.10569674,0.178341405,0.380697988,0.253412969,0.483517598,9.996659083,0.451637338,0.175666032,0.203794006,0.495331769,0.168864097
2038,12,274,12274,Winter,MILLER,17,2.833213344,11.28,2.423031246,0,0.10569674,0.178341405,0.380697988,0.253412969,0.483517598,9.996659083,0.451637338,0.175666032,0.203794006,0.495331769,0.168864097
5,119,303,119303,Summer,AMSTEL,8,2.079441542,6.99,1.944480556,0,0.145669581,0.121574965,0.049584956,0.279952033,0.015622023,10.75271926,0.242272811,0.079484945,0.15471004,0.09285242,0.02152381
167,119,223,119223,Winter,AMSTEL,2,0.693147181,6.29,1.838961071,0,0.145669581,0.121574965,0.049584956,0.279952033,0.015622023,10.75271926,0.242272811,0.079484945,0.15471004,0.09285242,0.02152381
236,119,143,119143,Summer,AMSTEL,1,0,4.99,1.60743591,1,0.145669581,0.121574965,0.049584956,0.279952033,0.015622023,10.75271926,0.242272811,0.079484945,0.15471004,0.09285242,0.02152381
411,119,308,119308,Summer,AMSTEL,3,1.098612289,6.99,1.944480556,0,0.145669581,0.121574965,0.049584956,0.279952033,0.015622023,10.75271926,0.242272811,0.079484945,0.15471004,0.09285242,0.02152381
1150,119,222,119222,Winter,AMSTEL,1,0,4.99,1.60743591,1,0.145669581,0.121574965,0.049584956,0.279952033,0.015622023,10.75271926,0.242272811,0.079484945,0.15471004,0.09285242,0.02152381
1440,119,261,119261,Fall,AMSTEL,1,0,6.59,1.885553349,0,0.145669581,0.121574965,0.049584956,0.279952033,0.015622023,10.75271926,0.242272811,0.079484945,0.15471004,0.09285242,0.02152381
1577,119,213,119213,Fall,AMSTEL,2,0.693147181,6.29,1.838961071,0,0.145669581,0.121574965,0.049584956,0.279952033,0.015622023,10.75271926,0.242272811,0.079484945,0.15471004,0.09285242,0.02152381
1584,119,291,119291,Spring,AMSTEL,3,1.098612289,6.99,1.944480556,0,0.145669581,0.121574965,0.049584956,0.279952033,0.015622023,10.75271926,0.242272811,0.079484945,0.15471004,0.09285242,0.02152381
1639,119,193,119193,Summer,AMSTEL,3,1.098612289,4.99,1.60743591,1,0.145669581,0.121574965,0.049584956,0.279952033,0.015622023,10.75271926,0.242272811,0.079484945,0.15471004,0.09285242,0.02152381
1705,119,271,119271,Winter,AMSTEL,1,0,5.49,1.702928256,1,0.145669581,0.121574965,0.049584956,0.279952033,0.015622023,10.75271926,0.242272811,0.079484945,0.15471004,0.09285242,0.02152381
1865,119,194,119194,Summer,AMSTEL,1,0,4.99,1.60743591,1,0.145669581,0.121574965,0.049584956,0.279952033,0.015622023,10.75271926,0.242272811,0.079484945,0.15471004,0.09285242,0.02152381
1974,119,240,119240,Spring,AMSTEL,1,0,6.59,1.885553349,0,0.145669581,0.121574965,0.049584956,0.279952033,0.015622023,10.75271926,0.242272811,0.079484945,0.15471004,0.09285242,0.02152381
6,71,124,71124,Winter,COORS,2,0.693147181,10.99,2.396985768,1,0.111723683,0.26807087,0.074828009,0.159588077,0.15343218,10.40483843,0.26706132,0.232490272,0.179617762,0.100791631,0.073374341
60,71,206,71206,Fall,COORS,3,1.098612289,11.99,2.484072969,0,0.111723683,0.26807087,0.074828009,0.159588077,0.15343218,10.40483843,0.26706132,0.232490272,0.179617762,0.100791631,0.073374341
93,71,108,71108,Fall,COORS,1,0,11.99,2.484072969,0,0.111723683,0.26807087,0.074828009,0.159588077,0.15343218,10.40483843,0.26706132,0.232490272,0.179617762,0.100791631,0.073374341
662,71,229,71229,Winter,COORS,3,1.098612289,9.99,2.301584593,1,0.111723683,0.26807087,0.074828009,0.159588077,0.15343218,10.40483843,0.26706132,0.232490272,0.179617762,0.100791631,0.073374341
937,71,273,71273,Winter,COORS,4,1.386294361,10.99,2.396985768,1,0.111723683,0.26807087,0.074828009,0.159588077,0.15343218,10.40483843,0.26706132,0.232490272,0.179617762,0.100791631,0.073374341
1010,71,214,71214,Fall,COORS,8,2.079441542,9.99,2.301584593,1,0.111723683,0.26807087,0.074828009,0.159588077,0.15343218,10.40483843,0.26706132,0.232490272,0.179617762,0.100791631,0.073374341
1313,71,188,71188,Spring,COORS,1,0,11.99,2.484072969,0,0.111723683,0.26807087,0.074828009,0.159588077,0.15343218,10.40483843,0.26706132,0.232490272,0.179617762,0.100791631,0.073374341
1731,71,281,71281,Winter,COORS,1,0,11.99,2.484072969,0,0.111723683,0.26807087,0.074828009,0.159588077,0.15343218,10.40483843,0.26706132,0.232490272,0.179617762,0.100791631,0.073374341
1973,71,296,71296,Spring,COORS,2,0.693147181,12.49,2.524928324,0,0.111723683,0.26807087,0.074828009,0.159588077,0.15343218,10.40483843,0.26706132,0.232490272,0.179617762,0.100791631,0.073374341
7,134,269,134269,Fall,COORS,2,0.693147181,11.99,2.484072969,0,0.192817818,0.090152653,0.105855856,0.247949139,0.021371673,10.7225182,0.219711825,0.0901507,0.19465375,0.133508509,0.027977463
22,134,111,134111,Fall,COORS,5,1.609437912,10.99,2.396985768,0,0.192817818,0.090152653,0.105855856,0.247949139,0.021371673,10.7225182,0.219711825,0.0901507,0.19465375,0.133508509,0.027977463
254,134,110,134110,Fall,COORS,6,1.791759469,10.99,2.396985768,0,0.192817818,0.090152653,0.105855856,0.247949139,0.021371673,10.7225182,0.219711825,0.0901507,0.19465375,0.133508509,0.027977463
455,134,205,134205,Summer,COORS,4,1.386294361,10.99,2.396985768,1,0.192817818,0.090152653,0.105855856,0.247949139,0.021371673,10.7225182,0.219711825,0.0901507,0.19465375,0.133508509,0.027977463
479,134,189,134189,Spring,COORS,4,1.386294361,10.99,2.396985768,1,0.192817818,0.090152653,0.105855856,0.247949139,0.021371673,10.7225182,0.219711825,0.0901507,0.19465375,0.133508509,0.027977463
550,134,158,134158,Fall,COORS,2,0.693147181,11.99,2.484072969,0,0.192817818,0.090152653,0.105855856,0.247949139,0.021371673,10.7225182,0.219711825,0.0901507,0.19465375,0.133508509,0.027977463
803,134,304,134304,Summer,COORS,5,1.609437912,12.99,2.564179831,0,0.192817818,0.090152653,0.105855856,0.247949139,0.021371673,10.7225182,0.219711825,0.0901507,0.19465375,0.133508509,0.027977463
837,134,299,134299,Summer,COORS,9,2.197224577,12.99,2.564179831,0,0.192817818,0.090152653,0.105855856,0.247949139,0.021371673,10.7225182,0.219711825,0.0901507,0.19465375,0.133508509,0.027977463
1177,134,133,134133,Spring,COORS,4,1.386294361,11.99,2.484072969,0,0.192817818,0.090152653,0.105855856,0.247949139,0.021371673,10.7225182,0.219711825,0.0901507,0.19465375,0.133508509,0.027977463
1332,134,223,134223,Winter,COORS,6,1.791759469,10.99,2.396985768,0,0.192817818,0.090152653,0.105855856,0.247949139,0.021371673,10.7225182,0.219711825,0.0901507,0.19465375,0.133508509,0.027977463
1583,134,204,134204,Summer,COORS,7,1.945910149,10.99,2.396985768,1,0.192817818,0.090152653,0.105855856,0.247949139,0.021371673,10.7225182,0.219711825,0.0901507,0.19465375,0.133508509,0.027977463
1800,134,181,134181,Spring,COORS,3,1.098612289,10.99,2.396985768,1,0.192817818,0.090152653,0.105855856,0.247949139,0.021371673,10.7225182,0.219711825,0.0901507,0.19465375,0.133508509,0.027977463
1854,134,203,134203,Summer,COORS,4,1.386294361,11.99,2.484072969,0,0.192817818,0.090152653,0.105855856,0.247949139,0.021371673,10.7225182,0.219711825,0.0901507,0.19465375,0.133508509,0.027977463
1942,134,258,134258,Fall,COORS,6,1.791759469,11.99,2.484072969,0,0.192817818,0.090152653,0.105855856,0.247949139,0.021371673,10.7225182,0.219711825,0.0901507,0.19465375,0.133508509,0.027977463
