Final exam/651FINALEXAM/Q1Q2V6.csv
ID,STORE,Week,STOREWEEK,Season,BRAND,MOVE,logmove,PRICE,logprice,Feat,AGE9,AGE60,ETHNIC,EDUC,NOCAR,INCOME,SINGLE,RETIRED,UNEMP,NWHITE,POVERTY
8,131,125,131125,Winter,COORS,3,1.098612289,10.99,2.396985768,1,0.124252223,0.17065481,0.074656427,0.2713958,0.037446985,10.79353697,0.274067522,0.120368955,0.154104877,0.110549717,0.027004656
77,131,270,131270,Fall,COORS,2,0.693147181,11.99,2.484072969,0,0.124252223,0.17065481,0.074656427,0.2713958,0.037446985,10.79353697,0.274067522,0.120368955,0.154104877,0.110549717,0.027004656
94,131,238,131238,Spring,COORS,3,1.098612289,11.99,2.484072969,0,0.124252223,0.17065481,0.074656427,0.2713958,0.037446985,10.79353697,0.274067522,0.120368955,0.154104877,0.110549717,0.027004656
125,131,116,131116,Winter,COORS,10,2.302585093,10.99,2.396985768,0,0.124252223,0.17065481,0.074656427,0.2713958,0.037446985,10.79353697,0.274067522,0.120368955,0.154104877,0.110549717,0.027004656
225,131,253,131253,Summer,COORS,5,1.609437912,11.99,2.484072969,0,0.124252223,0.17065481,0.074656427,0.2713958,0.037446985,10.79353697,0.274067522,0.120368955,0.154104877,0.110549717,0.027004656
306,131,205,131205,Summer,COORS,12,2.48490665,10.99,2.396985768,1,0.124252223,0.17065481,0.074656427,0.2713958,0.037446985,10.79353697,0.274067522,0.120368955,0.154104877,0.110549717,0.027004656
865,131,242,131242,Spring,COORS,5,1.609437912,11.99,2.484072969,0,0.124252223,0.17065481,0.074656427,0.2713958,0.037446985,10.79353697,0.274067522,0.120368955,0.154104877,0.110549717,0.027004656
1156,131,313,131313,Fall,COORS,21,3.044522438,9.99,2.301584593,1,0.124252223,0.17065481,0.074656427,0.2713958,0.037446985,10.79353697,0.274067522,0.120368955,0.154104877,0.110549717,0.027004656
1175,131,179,131179,Winter,COORS,5,1.609437912,11.99,2.484072969,0,0.124252223,0.17065481,0.074656427,0.2713958,0.037446985,10.79353697,0.274067522,0.120368955,0.154104877,0.110549717,0.027004656
1558,131,92,131092,Summer,COORS,19,2.944438979,9.69,2.271094426,1,0.124252223,0.17065481,0.074656427,0.2713958,0.037446985,10.79353697,0.274067522,0.120368955,0.154104877,0.110549717,0.027004656
1600,131,99,131099,Summer,COORS,1,0,10.99,2.396985768,0,0.124252223,0.17065481,0.074656427,0.2713958,0.037446985,10.79353697,0.274067522,0.120368955,0.154104877,0.110549717,0.027004656
1819,131,312,131312,Fall,COORS,46,3.828641396,9.99,2.301584593,1,0.124252223,0.17065481,0.074656427,0.2713958,0.037446985,10.79353697,0.274067522,0.120368955,0.154104877,0.110549717,0.027004656
2045,131,128,131128,Spring,COORS,5,1.609437912,10.99,2.396985768,1,0.124252223,0.17065481,0.074656427,0.2713958,0.037446985,10.79353697,0.274067522,0.120368955,0.154104877,0.110549717,0.027004656
9,109,204,109204,Summer,COORS,30,3.401197382,10.99,2.396985768,1,0.147519804,0.151055656,0.060687451,0.476916693,0.030239311,11.23319833,0.231391726,0.134189085,0.187628021,0.089484242,0.023230199
157,109,158,109158,Fall,COORS,2,0.693147181,11.99,2.484072969,0,0.147519804,0.151055656,0.060687451,0.476916693,0.030239311,11.23319833,0.231391726,0.134189085,0.187628021,0.089484242,0.023230199
278,109,291,109291,Spring,COORS,1,0,12.99,2.564179831,0,0.147519804,0.151055656,0.060687451,0.476916693,0.030239311,11.23319833,0.231391726,0.134189085,0.187628021,0.089484242,0.023230199
398,109,280,109280,Winter,COORS,3,1.098612289,11.99,2.484072969,0,0.147519804,0.151055656,0.060687451,0.476916693,0.030239311,11.23319833,0.231391726,0.134189085,0.187628021,0.089484242,0.023230199
583,109,190,109190,Spring,COORS,14,2.63905733,10.99,2.396985768,1,0.147519804,0.151055656,0.060687451,0.476916693,0.030239311,11.23319833,0.231391726,0.134189085,0.187628021,0.089484242,0.023230199
623,109,112,109112,Fall,COORS,12,2.48490665,10.49,2.350422422,0,0.147519804,0.151055656,0.060687451,0.476916693,0.030239311,11.23319833,0.231391726,0.134189085,0.187628021,0.089484242,0.023230199
680,109,189,109189,Spring,COORS,12,2.48490665,10.99,2.396985768,1,0.147519804,0.151055656,0.060687451,0.476916693,0.030239311,11.23319833,0.231391726,0.134189085,0.187628021,0.089484242,0.023230199
738,109,145,109145,Summer,COORS,6,1.791759469,11.99,2.484072969,1,0.147519804,0.151055656,0.060687451,0.476916693,0.030239311,11.23319833,0.231391726,0.134189085,0.187628021,0.089484242,0.023230199
751,109,214,109214,Fall,COORS,21,3.044522438,9.99,2.301584593,1,0.147519804,0.151055656,0.060687451,0.476916693,0.030239311,11.23319833,0.231391726,0.134189085,0.187628021,0.089484242,0.023230199
1073,109,172,109172,Winter,COORS,6,1.791759469,11.99,2.484072969,0,0.147519804,0.151055656,0.060687451,0.476916693,0.030239311,11.23319833,0.231391726,0.134189085,0.187628021,0.089484242,0.023230199
1653,109,167,109167,Winter,COORS,4,1.386294361,11.99,2.484072969,0,0.147519804,0.151055656,0.060687451,0.476916693,0.030239311,11.23319833,0.231391726,0.134189085,0.187628021,0.089484242,0.023230199
1699,109,121,109121,Winter,COORS,20,2.995732274,10.49,2.350422422,0,0.147519804,0.151055656,0.060687451,0.476916693,0.030239311,11.23319833,0.231391726,0.134189085,0.187628021,0.089484242,0.023230199
1704,109,99,109099,Summer,COORS,10,2.302585093,11.99,2.484072969,0,0.147519804,0.151055656,0.060687451,0.476916693,0.030239311,11.23319833,0.231391726,0.134189085,0.187628021,0.089484242,0.023230199
1928,109,173,109173,Winter,COORS,4,1.386294361,11.99,2.484072969,0,0.147519804,0.151055656,0.060687451,0.476916693,0.030239311,11.23319833,0.231391726,0.134189085,0.187628021,0.089484242,0.023230199
1933,109,228,109228,Winter,COORS,20,2.995732274,9.99,2.301584593,1,0.147519804,0.151055656,0.060687451,0.476916693,0.030239311,11.23319833,0.231391726,0.134189085,0.187628021,0.089484242,0.023230199
1958,109,160,109160,Fall,COORS,15,2.708050201,10.99,2.396985768,1,0.147519804,0.151055656,0.060687451,0.476916693,0.030239311,11.23319833,0.231391726,0.134189085,0.187628021,0.089484242,0.023230199
2044,109,241,109241,Spring,COORS,8,2.079441542,10.99,2.396985768,1,0.147519804,0.151055656,0.060687451,0.476916693,0.030239311,11.23319833,0.231391726,0.134189085,0.187628021,0.089484242,0.023230199
10,112,311,112311,Fall,AMSTEL,4,1.386294361,6.99,1.944480556,0,0.16361186,0.08972372,0.069710243,0.329898517,0.013948884,10.88265918,0.250960531,0.06922866,0.181411077,0.114420485,0.019981998
46,112,345,112345,Spring,AMSTEL,1,0,6.99,1.944480556,0,0.16361186,0.08972372,0.069710243,0.329898517,0.013948884,10.88265918,0.250960531,0.06922866,0.181411077,0.114420485,0.019981998
226,112,112,112112,Fall,AMSTEL,4,1.386294361,6.19,1.822935087,0,0.16361186,0.08972372,0.069710243,0.329898517,0.013948884,10.88265918,0.250960531,0.06922866,0.181411077,0.114420485,0.019981998
271,112,396,112396,Spring,AMSTEL,4,1.386294361,6.99,1.944480556,0,0.16361186,0.08972372,0.069710243,0.329898517,0.013948884,10.88265918,0.250960531,0.06922866,0.181411077,0.114420485,0.019981998
342,112,95,112095,Summer,AMSTEL,12,2.48490665,6.19,1.822935087,0,0.16361186,0.08972372,0.069710243,0.329898517,0.013948884,10.88265918,0.250960531,0.06922866,0.181411077,0.114420485,0.019981998
344,112,332,112332,Winter,AMSTEL,4,1.386294361,6.99,1.944480556,0,0.16361186,0.08972372,0.069710243,0.329898517,0.013948884,10.88265918,0.250960531,0.06922866,0.181411077,0.114420485,0.019981998
452,112,339,112339,Spring,AMSTEL,3,1.098612289,6.99,1.944480556,0,0.16361186,0.08972372,0.069710243,0.329898517,0.013948884,10.88265918,0.250960531,0.06922866,0.181411077,0.114420485,0.019981998
534,112,302,112302,Summer,AMSTEL,1,0,6.99,1.944480556,0,0.16361186,0.08972372,0.069710243,0.329898517,0.013948884,10.88265918,0.250960531,0.06922866,0.181411077,0.114420485,0.019981998
620,112,351,112351,Summer,AMSTEL,5,1.609437912,6.99,1.944480556,0,0.16361186,0.08972372,0.069710243,0.329898517,0.013948884,10.88265918,0.250960531,0.06922866,0.181411077,0.114420485,0.019981998
1034,112,158,112158,Fall,AMSTEL,4,1.386294361,6.49,1.870262531,0,0.16361186,0.08972372,0.069710243,0.329898517,0.013948884,10.88265918,0.250960531,0.06922866,0.181411077,0.114420485,0.019981998
1051,112,138,112138,Spring,AMSTEL,3,1.098612289,6.29,1.838961071,0,0.16361186,0.08972372,0.069710243,0.329898517,0.013948884,10.88265918,0.250960531,0.06922866,0.181411077,0.114420485,0.019981998
1232,112,196,112196,Summer,AMSTEL,9,2.197224577,6.29,1.838961071,0,0.16361186,0.08972372,0.069710243,0.329898517,0.013948884,10.88265918,0.250960531,0.06922866,0.181411077,0.114420485,0.019981998
1378,112,98,112098,Summer,AMSTEL,10,2.302585093,6.19,1.822935087,0,0.16361186,0.08972372,0.069710243,0.329898517,0.013948884,10.88265918,0.250960531,0.06922866,0.181411077,0.114420485,0.019981998
1406,112,383,112383,Winter,AMSTEL,8,2.079441542,6.49,1.870262531,1,0.16361186,0.08972372,0.069710243,0.329898517,0.013948884,10.88265918,0.250960531,0.06922866,0.181411077,0.114420485,0.019981998
1527,112,236,112236,Spring,AMSTEL,1,0,6.29,1.838961071,0,0.16361186,0.08972372,0.069710243,0.329898517,0.013948884,10.88265918,0.250960531,0.06922866,0.181411077,0.114420485,0.019981998
1615,112,216,112216,Fall,AMSTEL,2,0.693147181,6.29,1.838961071,0,0.16361186,0.08972372,0.069710243,0.329898517,0.013948884,10.88265918,0.250960531,0.06922866,0.181411077,0.114420485,0.019981998
1887,112,377,112377,Winter,AMSTEL,5,1.609437912,6.99,1.944480556,0,0.16361186,0.08972372,0.069710243,0.329898517,0.013948884,10.88265918,0.250960531,0.06922866,0.181411077,0.114420485,0.019981998
1923,112,296,112296,Spring,AMSTEL,3,1.098612289,6.99,1.944480556,0,0.16361186,0.08972372,0.069710243,0.329898517,0.013948884,10.88265918,0.250960531,0.06922866,0.181411077,0.114420485,0.019981998
12,72,104,72104,Fall,MILLER,24,3.17805383,9.79,2.281361457,1,0.105576311,0.283727688,0.04593884,0.268724553,0.067621465,10.71219307,0.226300197,0.194626866,0.146353945,0.204995157,0.040246555
178,72,297,72297,Summer,MILLER,14,2.63905733,12.91,2.558002205,1,0.105576311,0.283727688,0.04593884,0.268724553,0.067621465,10.71219307,0.226300197,0.194626866,0.146353945,0.204995157,0.040246555
243,72,267,72267,Fall,MILLER,9,2.197224577,10.99,2.396985768,1,0.105576311,0.283727688,0.04593884,0.268724553,0.067621465,10.71219307,0.226300197,0.194626866,0.146353945,0.204995157,0.040246555
307,72,310,72310,Fall,MILLER,8,2.079441542,12.99,2.564179831,0,0.105576311,0.283727688,0.04593884,0.268724553,0.067621465,10.71219307,0.226300197,0.194626866,0.146353945,0.204995157,0.040246555
386,72,185,72185,Spring,MILLER,8,2.079441542,11.99,2.484072969,0,0.105576311,0.283727688,0.04593884,0.268724553,0.067621465,10.71219307,0.226300197,0.194626866,0.146353945,0.204995157,0.040246555
522,72,234,72234,Spring,MILLER,2,0.693147181,11.99,2.484072969,1,0.105576311,0.283727688,0.04593884,0.268724553,0.067621465,10.71219307,0.226300197,0.194626866,0.146353945,0.204995157,0.040246555
669,72,124,72124,Winter,MILLER,7,1.945910149,10.99,2.396985768,0,0.105576311,0.283727688,0.04593884,0.268724553,0.067621465,10.71219307,0.226300197,0.194626866,0.146353945,0.204995157,0.040246555
1123,72,182,72182,Spring,MILLER,3,1.098612289,11.99,2.484072969,0,0.105576311,0.283727688,0.04593884,0.268724553,0.067621465,10.71219307,0.226300197,0.194626866,0.146353945,0.204995157,0.040246555
1219,72,224,72224,Winter,MILLER,37,3.610917913,9.99,2.301584593,1,0.105576311,0.283727688,0.04593884,0.268724553,0.067621465,10.71219307,0.226300197,0.194626866,0.146353945,0.204995157,0.040246555
1235,72,138,72138,Spring,MILLER,1,0,11.99,2.484072969,0,0.105576311,0.283727688,0.04593884,0.268724553,0.067621465,10.71219307,0.226300197,0.194626866,0.146353945,0.204995157,0.040246555
1557,72,101,72101,Summer,MILLER,7,1.945910149,11.99,2.484072969,0,0.105576311,0.283727688,0.04593884,0.268724553,0.067621465,10.71219307,0.226300197,0.194626866,0.146353945,0.204995157,0.040246555
1826,72,266,72266,Fall,MILLER,5,1.609437912,11.79,2.467251715,0,0.105576311,0.283727688,0.04593884,0.268724553,0.067621465,10.71219307,0.226300197,0.194626866,0.146353945,0.204995157,0.040246555
1921,72,188,72188,Spring,MILLER,7,1.945910149,10.99,2.396985768,1,0.105576311,0.283727688,0.04593884,0.268724553,0.067621465,10.71219307,0.226300197,0.194626866,0.146353945,0.204995157,0.040246555
1924,72,243,72243,Spring,MILLER,3,1.098612289,11.99,2.484072969,0,0.105576311,0.283727688,0.04593884,0.268724553,0.067621465,10.71219307,0.226300197,0.194626866,0.146353945,0.204995157,0.040246555
13,115,190,115190,Spring,AMSTEL,2,0.693147181,6.29,1.838961071,0,0.185493511,0.060280055,0.043971995,0.406312482,0.018763942,10.94748525,0.236840561,0.068418412,0.198356955,0.094859973,0.018897638
48,115,350,115350,Summer,AMSTEL,15,2.708050201,5.99,1.790091412,1,0.185493511,0.060280055,0.043971995,0.406312482,0.018763942,10.94748525,0.236840561,0.068418412,0.198356955,0.094859973,0.018897638
80,115,156,115156,Fall,AMSTEL,4,1.386294361,6.49,1.870262531,0,0.185493511,0.060280055,0.043971995,0.406312482,0.018763942,10.94748525,0.236840561,0.068418412,0.198356955,0.094859973,0.018897638
105,115,168,115168,Winter,AMSTEL,4,1.386294361,6.49,1.870262531,0,0.185493511,0.060280055,0.043971995,0.406312482,0.018763942,10.94748525,0.236840561,0.068418412,0.198356955,0.094859973,0.018897638
242,115,379,115379,Winter,AMSTEL,5,1.609437912,6.99,1.944480556,0,0.185493511,0.060280055,0.043971995,0.406312482,0.018763942,10.94748525,0.236840561,0.068418412,0.198356955,0.094859973,0.018897638
279,115,181,115181,Spring,AMSTEL,3,1.098612289,6.49,1.870262531,0,0.185493511,0.060280055,0.043971995,0.406312482,0.018763942,10.94748525,0.236840561,0.068418412,0.198356955,0.094859973,0.018897638
463,115,369,115369,Fall,AMSTEL,11,2.397895273,5.49,1.702928256,1,0.185493511,0.060280055,0.043971995,0.406312482,0.018763942,10.94748525,0.236840561,0.068418412,0.198356955,0.094859973,0.018897638
980,115,214,115214,Fall,AMSTEL,13,2.564949357,4.99,1.60743591,1,0.185493511,0.060280055,0.043971995,0.406312482,0.018763942,10.94748525,0.236840561,0.068418412,0.198356955,0.094859973,0.018897638
1046,115,319,115319,Fall,AMSTEL,3,1.098612289,6.99,1.944480556,0,0.185493511,0.060280055,0.043971995,0.406312482,0.018763942,10.94748525,0.236840561,0.068418412,0.198356955,0.094859973,0.018897638
1178,115,302,115302,Summer,AMSTEL,2,0.693147181,6.99,1.944480556,0,0.185493511,0.060280055,0.043971995,0.406312482,0.018763942,10.94748525,0.236840561,0.068418412,0.198356955,0.094859973,0.018897638
1489,115,338,115338,Spring,AMSTEL,5,1.609437912,5.99,1.790091412,0,0.185493511,0.060280055,0.043971995,0.406312482,0.018763942,10.94748525,0.236840561,0.068418412,0.198356955,0.094859973,0.018897638
1495,115,394,115394,Spring,AMSTEL,3,1.098612289,6.99,1.944480556,0,0.185493511,0.060280055,0.043971995,0.406312482,0.018763942,10.94748525,0.236840561,0.068418412,0.198356955,0.094859973,0.018897638
1609,115,176,115176,Winter,AMSTEL,5,1.609437912,4.99,1.60743591,1,0.185493511,0.060280055,0.043971995,0.406312482,0.018763942,10.94748525,0.236840561,0.068418412,0.198356955,0.094859973,0.018897638
1917,115,235,115235,Spring,AMSTEL,1,0,6.29,1.838961071,0,0.185493511,0.060280055,0.043971995,0.406312482,0.018763942,10.94748525,0.236840561,0.068418412,0.198356955,0.094859973,0.018897638
1993,115,212,115212,Fall,AMSTEL,4,1.386294361,6.29,1.838961071,0,0.185493511,0.060280055,0.043971995,0.406312482,0.018763942,10.94748525,0.236840561,0.068418412,0.198356955,0.094859973,0.018897638
14,14,257,14257,Summer,COORS,3,1.098612289,11.99,2.484072969,0,0.129589372,0.213949275,0.034178744,0.348293024,0.026585899,11.04392933,0.223351772,0.156164597,0.150933083,0.120350242,0.019350496
16,14,161,14161,Fall,COORS,7,1.945910149,10.99,2.396985768,0,0.129589372,0.213949275,0.034178744,0.348293024,0.026585899,11.04392933,0.223351772,0.156164597,0.150933083,0.120350242,0.019350496
40,14,110,14110,Fall,COORS,1,0,11.99,2.484072969,0,0.129589372,0.213949275,0.034178744,0.348293024,0.026585899,11.04392933,0.223351772,0.156164597,0.150933083,0.120350242,0.019350496
182,14,275,14275,Winter,COORS,5,1.609437912,11.99,2.484072969,0,0.129589372,0.213949275,0.034178744,0.348293024,0.026585899,11.04392933,0.223351772,0.156164597,0.150933083,0.120350242,0.019350496
445,14,139,14139,Spring,COORS,1,0,10.99,2.396985768,1,0.129589372,0.213949275,0.034178744,0.348293024,0.026585899,11.04392933,0.223351772,0.156164597,0.150933083,0.120350242,0.019350496
575,14,157,14157,Fall,COORS,3,1.098612289,10.99,2.396985768,0,0.129589372,0.213949275,0.034178744,0.348293024,0.026585899,11.04392933,0.223351772,0.156164597,0.150933083,0.120350242,0.019350496
806,14,112,14112,Fall,COORS,2,0.693147181,10.49,2.350422422,0,0.129589372,0.213949275,0.034178744,0.348293024,0.026585899,11.04392933,0.223351772,0.156164597,0.150933083,0.120350242,0.019350496
1055,14,150,14150,Summer,COORS,9,2.197224577,10.99,2.396985768,0,0.129589372,0.213949275,0.034178744,0.348293024,0.026585899,11.04392933,0.223351772,0.156164597,0.150933083,0.120350242,0.019350496
1168,14,117,14117,Winter,COORS,2,0.693147181,10.49,2.350422422,1,0.129589372,0.213949275,0.034178744,0.348293024,0.026585899,11.04392933,0.223351772,0.156164597,0.150933083,0.120350242,0.019350496
1788,14,212,14212,Fall,COORS,3,1.098612289,11.99,2.484072969,0,0.129589372,0.213949275,0.034178744,0.348293024,0.026585899,11.04392933,0.223351772,0.156164597,0.150933083,0.120350242,0.019350496
