Final exam/651FINALEXAM/Q1Q2V6.csv
ID,STORE,Week,STOREWEEK,Season,BRAND,MOVE,logmove,PRICE,logprice,Feat,AGE9,AGE60,ETHNIC,EDUC,NOCAR,INCOME,SINGLE,RETIRED,UNEMP,NWHITE,POVERTY
15,84,96,84096,Summer,COORS,3,1.098612289,9.69,2.271094426,1,0.164657284,0.122100005,0.02963639,0.188094318,0.013319672,10.76561773,0.231269528,0.108960476,0.190308609,0.057879821,0.024297424
116,84,151,84151,Summer,COORS,9,2.197224577,10.99,2.396985768,0,0.164657284,0.122100005,0.02963639,0.188094318,0.013319672,10.76561773,0.231269528,0.108960476,0.190308609,0.057879821,0.024297424
310,84,128,84128,Spring,COORS,1,0,10.99,2.396985768,1,0.164657284,0.122100005,0.02963639,0.188094318,0.013319672,10.76561773,0.231269528,0.108960476,0.190308609,0.057879821,0.024297424
399,84,300,84300,Summer,COORS,4,1.386294361,12.99,2.564179831,0,0.164657284,0.122100005,0.02963639,0.188094318,0.013319672,10.76561773,0.231269528,0.108960476,0.190308609,0.057879821,0.024297424
417,84,302,84302,Summer,COORS,1,0,11.99,2.484072969,1,0.164657284,0.122100005,0.02963639,0.188094318,0.013319672,10.76561773,0.231269528,0.108960476,0.190308609,0.057879821,0.024297424
424,84,293,84293,Spring,COORS,4,1.386294361,11.99,2.484072969,1,0.164657284,0.122100005,0.02963639,0.188094318,0.013319672,10.76561773,0.231269528,0.108960476,0.190308609,0.057879821,0.024297424
487,84,303,84303,Summer,COORS,7,1.945910149,11.99,2.484072969,1,0.164657284,0.122100005,0.02963639,0.188094318,0.013319672,10.76561773,0.231269528,0.108960476,0.190308609,0.057879821,0.024297424
867,84,144,84144,Summer,COORS,9,2.197224577,10.99,2.396985768,0,0.164657284,0.122100005,0.02963639,0.188094318,0.013319672,10.76561773,0.231269528,0.108960476,0.190308609,0.057879821,0.024297424
1018,84,198,84198,Summer,COORS,3,1.098612289,11.99,2.484072969,0,0.164657284,0.122100005,0.02963639,0.188094318,0.013319672,10.76561773,0.231269528,0.108960476,0.190308609,0.057879821,0.024297424
1032,84,188,84188,Spring,COORS,1,0,11.99,2.484072969,0,0.164657284,0.122100005,0.02963639,0.188094318,0.013319672,10.76561773,0.231269528,0.108960476,0.190308609,0.057879821,0.024297424
1094,84,171,84171,Winter,COORS,2,0.693147181,11.99,2.484072969,0,0.164657284,0.122100005,0.02963639,0.188094318,0.013319672,10.76561773,0.231269528,0.108960476,0.190308609,0.057879821,0.024297424
1305,84,172,84172,Winter,COORS,1,0,11.99,2.484072969,0,0.164657284,0.122100005,0.02963639,0.188094318,0.013319672,10.76561773,0.231269528,0.108960476,0.190308609,0.057879821,0.024297424
1920,84,274,84274,Winter,COORS,1,0,11.99,2.484072969,0,0.164657284,0.122100005,0.02963639,0.188094318,0.013319672,10.76561773,0.231269528,0.108960476,0.190308609,0.057879821,0.024297424
1980,84,190,84190,Spring,COORS,4,1.386294361,10.99,2.396985768,1,0.164657284,0.122100005,0.02963639,0.188094318,0.013319672,10.76561773,0.231269528,0.108960476,0.190308609,0.057879821,0.024297424
17,115,95,115095,Summer,MILLER,97,4.574710979,9.49,2.250238613,0,0.185493511,0.060280055,0.043971995,0.406312482,0.018763942,10.94748525,0.236840561,0.068418412,0.198356955,0.094859973,0.018897638
471,115,131,115131,Spring,MILLER,23,3.135494216,11.99,2.484072969,0,0.185493511,0.060280055,0.043971995,0.406312482,0.018763942,10.94748525,0.236840561,0.068418412,0.198356955,0.094859973,0.018897638
869,115,303,115303,Summer,MILLER,69,4.234106505,10.99,2.396985768,1,0.185493511,0.060280055,0.043971995,0.406312482,0.018763942,10.94748525,0.236840561,0.068418412,0.198356955,0.094859973,0.018897638
903,115,230,115230,Winter,MILLER,31,3.433987204,11.28,2.423031246,0,0.185493511,0.060280055,0.043971995,0.406312482,0.018763942,10.94748525,0.236840561,0.068418412,0.198356955,0.094859973,0.018897638
1103,115,267,115267,Fall,MILLER,27,3.295836866,10.99,2.396985768,1,0.185493511,0.060280055,0.043971995,0.406312482,0.018763942,10.94748525,0.236840561,0.068418412,0.198356955,0.094859973,0.018897638
1205,115,272,115272,Winter,MILLER,26,3.258096538,10.99,2.396985768,1,0.185493511,0.060280055,0.043971995,0.406312482,0.018763942,10.94748525,0.236840561,0.068418412,0.198356955,0.094859973,0.018897638
1361,115,240,115240,Spring,MILLER,34,3.526360525,10.99,2.396985768,1,0.185493511,0.060280055,0.043971995,0.406312482,0.018763942,10.94748525,0.236840561,0.068418412,0.198356955,0.094859973,0.018897638
1714,115,281,115281,Winter,MILLER,54,3.988984047,10.99,2.396985768,1,0.185493511,0.060280055,0.043971995,0.406312482,0.018763942,10.94748525,0.236840561,0.068418412,0.198356955,0.094859973,0.018897638
1795,115,107,115107,Fall,MILLER,47,3.850147602,10.99,2.396985768,0,0.185493511,0.060280055,0.043971995,0.406312482,0.018763942,10.94748525,0.236840561,0.068418412,0.198356955,0.094859973,0.018897638
19,70,188,70188,Spring,MILLER,10,2.302585093,10.99,2.396985768,1,0.143345982,0.190235804,0.162860821,0.165669605,0.081125525,10.41235125,0.26475788,0.179099737,0.19729558,0.175159236,0.087977343
112,70,96,70096,Summer,MILLER,11,2.397895273,11.99,2.484072969,0,0.143345982,0.190235804,0.162860821,0.165669605,0.081125525,10.41235125,0.26475788,0.179099737,0.19729558,0.175159236,0.087977343
120,70,241,70241,Spring,MILLER,11,2.397895273,10.99,2.396985768,1,0.143345982,0.190235804,0.162860821,0.165669605,0.081125525,10.41235125,0.26475788,0.179099737,0.19729558,0.175159236,0.087977343
142,70,310,70310,Fall,MILLER,39,3.663561646,12.99,2.564179831,0,0.143345982,0.190235804,0.162860821,0.165669605,0.081125525,10.41235125,0.26475788,0.179099737,0.19729558,0.175159236,0.087977343
283,70,113,70113,Fall,MILLER,16,2.772588722,10.49,2.350422422,0,0.143345982,0.190235804,0.162860821,0.165669605,0.081125525,10.41235125,0.26475788,0.179099737,0.19729558,0.175159236,0.087977343
326,70,199,70199,Summer,MILLER,75,4.317488114,10.99,2.396985768,1,0.143345982,0.190235804,0.162860821,0.165669605,0.081125525,10.41235125,0.26475788,0.179099737,0.19729558,0.175159236,0.087977343
378,70,194,70194,Summer,MILLER,60,4.094344562,10.49,2.350422422,1,0.143345982,0.190235804,0.162860821,0.165669605,0.081125525,10.41235125,0.26475788,0.179099737,0.19729558,0.175159236,0.087977343
433,70,200,70200,Summer,MILLER,19,2.944438979,10.49,2.350422422,1,0.143345982,0.190235804,0.162860821,0.165669605,0.081125525,10.41235125,0.26475788,0.179099737,0.19729558,0.175159236,0.087977343
462,70,108,70108,Fall,MILLER,12,2.48490665,10.49,2.350422422,1,0.143345982,0.190235804,0.162860821,0.165669605,0.081125525,10.41235125,0.26475788,0.179099737,0.19729558,0.175159236,0.087977343
467,70,317,70317,Fall,MILLER,62,4.127134385,10.99,2.396985768,1,0.143345982,0.190235804,0.162860821,0.165669605,0.081125525,10.41235125,0.26475788,0.179099737,0.19729558,0.175159236,0.087977343
674,70,168,70168,Winter,MILLER,11,2.397895273,10.99,2.396985768,0,0.143345982,0.190235804,0.162860821,0.165669605,0.081125525,10.41235125,0.26475788,0.179099737,0.19729558,0.175159236,0.087977343
813,70,112,70112,Fall,MILLER,11,2.397895273,10.49,2.350422422,1,0.143345982,0.190235804,0.162860821,0.165669605,0.081125525,10.41235125,0.26475788,0.179099737,0.19729558,0.175159236,0.087977343
815,70,125,70125,Winter,MILLER,17,2.833213344,10.99,2.396985768,1,0.143345982,0.190235804,0.162860821,0.165669605,0.081125525,10.41235125,0.26475788,0.179099737,0.19729558,0.175159236,0.087977343
985,70,109,70109,Fall,MILLER,20,2.995732274,10.49,2.350422422,1,0.143345982,0.190235804,0.162860821,0.165669605,0.081125525,10.41235125,0.26475788,0.179099737,0.19729558,0.175159236,0.087977343
990,70,127,70127,Winter,MILLER,12,2.48490665,11.99,2.484072969,0,0.143345982,0.190235804,0.162860821,0.165669605,0.081125525,10.41235125,0.26475788,0.179099737,0.19729558,0.175159236,0.087977343
1553,70,256,70256,Summer,MILLER,28,3.33220451,11.99,2.484072969,0,0.143345982,0.190235804,0.162860821,0.165669605,0.081125525,10.41235125,0.26475788,0.179099737,0.19729558,0.175159236,0.087977343
1966,70,208,70208,Fall,MILLER,14,2.63905733,10.99,2.396985768,1,0.143345982,0.190235804,0.162860821,0.165669605,0.081125525,10.41235125,0.26475788,0.179099737,0.19729558,0.175159236,0.087977343
20,101,294,101294,Spring,AMSTEL,3,1.098612289,6.99,1.944480556,0,0.116924935,0.225035218,0.087422017,0.174741859,0.061029945,10.65993812,0.255044273,0.15505933,0.149301557,0.127510566,0.038226458
160,101,133,101133,Spring,AMSTEL,1,0,6.29,1.838961071,0,0.116924935,0.225035218,0.087422017,0.174741859,0.061029945,10.65993812,0.255044273,0.15505933,0.149301557,0.127510566,0.038226458
527,101,369,101369,Fall,AMSTEL,1,0,5.49,1.702928256,0,0.116924935,0.225035218,0.087422017,0.174741859,0.061029945,10.65993812,0.255044273,0.15505933,0.149301557,0.127510566,0.038226458
667,101,364,101364,Fall,AMSTEL,2,0.693147181,6.99,1.944480556,0,0.116924935,0.225035218,0.087422017,0.174741859,0.061029945,10.65993812,0.255044273,0.15505933,0.149301557,0.127510566,0.038226458
790,101,307,101307,Summer,AMSTEL,1,0,6.99,1.944480556,0,0.116924935,0.225035218,0.087422017,0.174741859,0.061029945,10.65993812,0.255044273,0.15505933,0.149301557,0.127510566,0.038226458
974,101,305,101305,Summer,AMSTEL,5,1.609437912,5.99,1.790091412,1,0.116924935,0.225035218,0.087422017,0.174741859,0.061029945,10.65993812,0.255044273,0.15505933,0.149301557,0.127510566,0.038226458
1325,101,120,101120,Winter,AMSTEL,12,2.48490665,4.99,1.60743591,1,0.116924935,0.225035218,0.087422017,0.174741859,0.061029945,10.65993812,0.255044273,0.15505933,0.149301557,0.127510566,0.038226458
1508,101,132,101132,Spring,AMSTEL,1,0,6.29,1.838961071,0,0.116924935,0.225035218,0.087422017,0.174741859,0.061029945,10.65993812,0.255044273,0.15505933,0.149301557,0.127510566,0.038226458
1791,101,243,101243,Spring,AMSTEL,1,0,6.59,1.885553349,0,0.116924935,0.225035218,0.087422017,0.174741859,0.061029945,10.65993812,0.255044273,0.15505933,0.149301557,0.127510566,0.038226458
1931,101,251,101251,Summer,AMSTEL,1,0,6.59,1.885553349,0,0.116924935,0.225035218,0.087422017,0.174741859,0.061029945,10.65993812,0.255044273,0.15505933,0.149301557,0.127510566,0.038226458
23,129,122,129122,Winter,MILLER,39,3.663561646,11.99,2.484072969,0,0.172501467,0.103412869,0.034128692,0.307842548,0.024509101,10.99986401,0.203080691,0.111313992,0.19706499,0.053099941,0.029529817
106,129,125,129125,Winter,MILLER,55,4.007333185,10.99,2.396985768,1,0.172501467,0.103412869,0.034128692,0.307842548,0.024509101,10.99986401,0.203080691,0.111313992,0.19706499,0.053099941,0.029529817
339,129,222,129222,Winter,MILLER,41,3.713572067,10.99,2.396985768,0,0.172501467,0.103412869,0.034128692,0.307842548,0.024509101,10.99986401,0.203080691,0.111313992,0.19706499,0.053099941,0.029529817
402,129,215,129215,Fall,MILLER,36,3.583518938,11.99,2.484072969,0,0.172501467,0.103412869,0.034128692,0.307842548,0.024509101,10.99986401,0.203080691,0.111313992,0.19706499,0.053099941,0.029529817
492,129,123,129123,Winter,MILLER,44,3.784189634,11.99,2.484072969,0,0.172501467,0.103412869,0.034128692,0.307842548,0.024509101,10.99986401,0.203080691,0.111313992,0.19706499,0.053099941,0.029529817
688,129,134,129134,Spring,MILLER,49,3.891820298,11.99,2.484072969,0,0.172501467,0.103412869,0.034128692,0.307842548,0.024509101,10.99986401,0.203080691,0.111313992,0.19706499,0.053099941,0.029529817
743,129,103,129103,Fall,MILLER,83,4.418840608,10.99,2.396985768,0,0.172501467,0.103412869,0.034128692,0.307842548,0.024509101,10.99986401,0.203080691,0.111313992,0.19706499,0.053099941,0.029529817
1321,129,159,129159,Fall,MILLER,61,4.110873864,10.99,2.396985768,1,0.172501467,0.103412869,0.034128692,0.307842548,0.024509101,10.99986401,0.203080691,0.111313992,0.19706499,0.053099941,0.029529817
1604,129,145,129145,Summer,MILLER,59,4.077537444,11.99,2.484072969,0,0.172501467,0.103412869,0.034128692,0.307842548,0.024509101,10.99986401,0.203080691,0.111313992,0.19706499,0.053099941,0.029529817
24,5,225,5225,Winter,MILLER,26,3.258096538,9.99,2.301584593,1,0.141433483,0.117368032,0.053875277,0.32122573,0.025569503,10.92237097,0.26458527,0.096642755,0.177905308,0.091170199,0.025104603
30,5,185,5185,Spring,MILLER,3,1.098612289,11.99,2.484072969,0,0.141433483,0.117368032,0.053875277,0.32122573,0.025569503,10.92237097,0.26458527,0.096642755,0.177905308,0.091170199,0.025104603
314,5,315,5315,Fall,MILLER,9,2.197224577,11.65,2.45530618,1,0.141433483,0.117368032,0.053875277,0.32122573,0.025569503,10.92237097,0.26458527,0.096642755,0.177905308,0.091170199,0.025104603
351,5,239,5239,Spring,MILLER,23,3.135494216,10.99,2.396985768,1,0.141433483,0.117368032,0.053875277,0.32122573,0.025569503,10.92237097,0.26458527,0.096642755,0.177905308,0.091170199,0.025104603
499,5,299,5299,Summer,MILLER,18,2.890371758,12.1,2.493205453,0,0.141433483,0.117368032,0.053875277,0.32122573,0.025569503,10.92237097,0.26458527,0.096642755,0.177905308,0.091170199,0.025104603
631,5,288,5288,Spring,MILLER,17,2.833213344,11.99,2.484072969,1,0.141433483,0.117368032,0.053875277,0.32122573,0.025569503,10.92237097,0.26458527,0.096642755,0.177905308,0.091170199,0.025104603
874,5,233,5233,Spring,MILLER,15,2.708050201,10.99,2.396985768,1,0.141433483,0.117368032,0.053875277,0.32122573,0.025569503,10.92237097,0.26458527,0.096642755,0.177905308,0.091170199,0.025104603
928,5,216,5216,Fall,MILLER,24,3.17805383,9.9,2.292534757,1,0.141433483,0.117368032,0.053875277,0.32122573,0.025569503,10.92237097,0.26458527,0.096642755,0.177905308,0.091170199,0.025104603
1130,5,222,5222,Winter,MILLER,7,1.945910149,10.99,2.396985768,0,0.141433483,0.117368032,0.053875277,0.32122573,0.025569503,10.92237097,0.26458527,0.096642755,0.177905308,0.091170199,0.025104603
1488,5,261,5261,Fall,MILLER,20,2.995732274,11.94,2.479894108,1,0.141433483,0.117368032,0.053875277,0.32122573,0.025569503,10.92237097,0.26458527,0.096642755,0.177905308,0.091170199,0.025104603
1512,5,226,5226,Winter,MILLER,17,2.833213344,10.99,2.396985768,0,0.141433483,0.117368032,0.053875277,0.32122573,0.025569503,10.92237097,0.26458527,0.096642755,0.177905308,0.091170199,0.025104603
1842,5,234,5234,Spring,MILLER,10,2.302585093,11.99,2.484072969,1,0.141433483,0.117368032,0.053875277,0.32122573,0.025569503,10.92237097,0.26458527,0.096642755,0.177905308,0.091170199,0.025104603
1902,5,291,5291,Spring,MILLER,14,2.63905733,11.99,2.484072969,1,0.141433483,0.117368032,0.053875277,0.32122573,0.025569503,10.92237097,0.26458527,0.096642755,0.177905308,0.091170199,0.025104603
2015,5,316,5316,Fall,MILLER,17,2.833213344,10.99,2.396985768,1,0.141433483,0.117368032,0.053875277,0.32122573,0.025569503,10.92237097,0.26458527,0.096642755,0.177905308,0.091170199,0.025104603
26,109,205,109205,Summer,MILLER,26,3.258096538,11.99,2.484072969,0,0.147519804,0.151055656,0.060687451,0.476916693,0.030239311,11.23319833,0.231391726,0.134189085,0.187628021,0.089484242,0.023230199
114,109,111,109111,Fall,MILLER,17,2.833213344,11.99,2.484072969,0,0.147519804,0.151055656,0.060687451,0.476916693,0.030239311,11.23319833,0.231391726,0.134189085,0.187628021,0.089484242,0.023230199
458,109,304,109304,Summer,MILLER,19,2.944438979,12.99,2.564179831,0,0.147519804,0.151055656,0.060687451,0.476916693,0.030239311,11.23319833,0.231391726,0.134189085,0.187628021,0.089484242,0.023230199
562,109,190,109190,Spring,MILLER,28,3.33220451,11.99,2.484072969,0,0.147519804,0.151055656,0.060687451,0.476916693,0.030239311,11.23319833,0.231391726,0.134189085,0.187628021,0.089484242,0.023230199
641,109,287,109287,Spring,MILLER,23,3.135494216,11.99,2.484072969,1,0.147519804,0.151055656,0.060687451,0.476916693,0.030239311,11.23319833,0.231391726,0.134189085,0.187628021,0.089484242,0.023230199
780,109,303,109303,Summer,MILLER,80,4.382026635,10.99,2.396985768,1,0.147519804,0.151055656,0.060687451,0.476916693,0.030239311,11.23319833,0.231391726,0.134189085,0.187628021,0.089484242,0.023230199
839,109,142,109142,Summer,MILLER,59,4.077537444,10.99,2.396985768,1,0.147519804,0.151055656,0.060687451,0.476916693,0.030239311,11.23319833,0.231391726,0.134189085,0.187628021,0.089484242,0.023230199
845,109,296,109296,Spring,MILLER,20,2.995732274,11.99,2.484072969,1,0.147519804,0.151055656,0.060687451,0.476916693,0.030239311,11.23319833,0.231391726,0.134189085,0.187628021,0.089484242,0.023230199
1360,109,193,109193,Summer,MILLER,35,3.555348061,10.79,2.378619779,0,0.147519804,0.151055656,0.060687451,0.476916693,0.030239311,11.23319833,0.231391726,0.134189085,0.187628021,0.089484242,0.023230199
1405,109,302,109302,Summer,MILLER,78,4.356708827,10.99,2.396985768,1,0.147519804,0.151055656,0.060687451,0.476916693,0.030239311,11.23319833,0.231391726,0.134189085,0.187628021,0.089484242,0.023230199
1453,109,144,109144,Summer,MILLER,40,3.688879454,11.99,2.484072969,0,0.147519804,0.151055656,0.060687451,0.476916693,0.030239311,11.23319833,0.231391726,0.134189085,0.187628021,0.089484242,0.023230199
1474,109,310,109310,Fall,MILLER,22,3.091042453,12.99,2.564179831,0,0.147519804,0.151055656,0.060687451,0.476916693,0.030239311,11.23319833,0.231391726,0.134189085,0.187628021,0.089484242,0.023230199
1589,109,288,109288,Spring,MILLER,35,3.555348061,11.99,2.484072969,1,0.147519804,0.151055656,0.060687451,0.476916693,0.030239311,11.23319833,0.231391726,0.134189085,0.187628021,0.089484242,0.023230199
2006,109,225,109225,Winter,MILLER,54,3.988984047,9.99,2.301584593,1,0.147519804,0.151055656,0.060687451,0.476916693,0.030239311,11.23319833,0.231391726,0.134189085,0.187628021,0.089484242,0.023230199
