Final exam/651FINALEXAM/Q1Q2V6.csv
ID,STORE,Week,STOREWEEK,Season,BRAND,MOVE,logmove,PRICE,logprice,Feat,AGE9,AGE60,ETHNIC,EDUC,NOCAR,INCOME,SINGLE,RETIRED,UNEMP,NWHITE,POVERTY
27,106,282,106282,Winter,MILLER,24,3.17805383,11.99,2.484072969,0,0.187403158,0.109887349,0.19058587,0.157939308,0.058229718,10.50684678,0.241658587,0.113602121,0.20478515,0.202521044,0.059091469
102,106,302,106302,Summer,MILLER,57,4.043051268,10.99,2.396985768,1,0.187403158,0.109887349,0.19058587,0.157939308,0.058229718,10.50684678,0.241658587,0.113602121,0.20478515,0.202521044,0.059091469
580,106,148,106148,Summer,MILLER,117,4.762173935,10.49,2.350422422,1,0.187403158,0.109887349,0.19058587,0.157939308,0.058229718,10.50684678,0.241658587,0.113602121,0.20478515,0.202521044,0.059091469
644,106,141,106141,Summer,MILLER,96,4.564348191,10.99,2.396985768,0,0.187403158,0.109887349,0.19058587,0.157939308,0.058229718,10.50684678,0.241658587,0.113602121,0.20478515,0.202521044,0.059091469
724,106,247,106247,Summer,MILLER,30,3.401197382,10.99,2.396985768,1,0.187403158,0.109887349,0.19058587,0.157939308,0.058229718,10.50684678,0.241658587,0.113602121,0.20478515,0.202521044,0.059091469
797,106,136,106136,Spring,MILLER,67,4.204692619,10.99,2.396985768,1,0.187403158,0.109887349,0.19058587,0.157939308,0.058229718,10.50684678,0.241658587,0.113602121,0.20478515,0.202521044,0.059091469
996,106,224,106224,Winter,MILLER,70,4.248495242,9.99,2.301584593,1,0.187403158,0.109887349,0.19058587,0.157939308,0.058229718,10.50684678,0.241658587,0.113602121,0.20478515,0.202521044,0.059091469
1427,106,261,106261,Fall,MILLER,24,3.17805383,11.99,2.484072969,0,0.187403158,0.109887349,0.19058587,0.157939308,0.058229718,10.50684678,0.241658587,0.113602121,0.20478515,0.202521044,0.059091469
1682,106,106,106106,Fall,MILLER,12,2.48490665,11.99,2.484072969,0,0.187403158,0.109887349,0.19058587,0.157939308,0.058229718,10.50684678,0.241658587,0.113602121,0.20478515,0.202521044,0.059091469
1693,106,213,106213,Fall,MILLER,21,3.044522438,10.99,2.396985768,1,0.187403158,0.109887349,0.19058587,0.157939308,0.058229718,10.50684678,0.241658587,0.113602121,0.20478515,0.202521044,0.059091469
2048,106,227,106227,Winter,MILLER,52,3.951243719,9.99,2.301584593,1,0.187403158,0.109887349,0.19058587,0.157939308,0.058229718,10.50684678,0.241658587,0.113602121,0.20478515,0.202521044,0.059091469
28,67,98,67098,Summer,MILLER,33,3.496507561,9.99,2.301584593,1,0.118820051,0.210272984,0.050539779,0.284394654,0.045029137,10.79695991,0.252884133,0.152855153,0.155901811,0.117032249,0.034080876
42,67,188,67188,Spring,MILLER,8,2.079441542,10.99,2.396985768,1,0.118820051,0.210272984,0.050539779,0.284394654,0.045029137,10.79695991,0.252884133,0.152855153,0.155901811,0.117032249,0.034080876
729,67,221,67221,Winter,MILLER,11,2.397895273,9.99,2.301584593,1,0.118820051,0.210272984,0.050539779,0.284394654,0.045029137,10.79695991,0.252884133,0.152855153,0.155901811,0.117032249,0.034080876
1021,67,109,67109,Fall,MILLER,11,2.397895273,10.49,2.350422422,1,0.118820051,0.210272984,0.050539779,0.284394654,0.045029137,10.79695991,0.252884133,0.152855153,0.155901811,0.117032249,0.034080876
1111,67,153,67153,Summer,MILLER,23,3.135494216,11.99,2.484072969,0,0.118820051,0.210272984,0.050539779,0.284394654,0.045029137,10.79695991,0.252884133,0.152855153,0.155901811,0.117032249,0.034080876
1165,67,223,67223,Winter,MILLER,21,3.044522438,9.99,2.301584593,1,0.118820051,0.210272984,0.050539779,0.284394654,0.045029137,10.79695991,0.252884133,0.152855153,0.155901811,0.117032249,0.034080876
1507,67,216,67216,Fall,MILLER,19,2.944438979,9.99,2.301584593,1,0.118820051,0.210272984,0.050539779,0.284394654,0.045029137,10.79695991,0.252884133,0.152855153,0.155901811,0.117032249,0.034080876
2005,67,91,67091,Summer,MILLER,16,2.772588722,11.99,2.484072969,0,0.118820051,0.210272984,0.050539779,0.284394654,0.045029137,10.79695991,0.252884133,0.152855153,0.155901811,0.117032249,0.034080876
31,62,355,62355,Summer,AMSTEL,26,3.258096538,6.99,1.944480556,0,0.133509324,0.222534262,0.026510896,0.517760337,0.026528434,11.23619652,0.206418161,0.177232899,0.165304469,0.078971018,0.019975602
37,62,289,62289,Spring,AMSTEL,5,1.609437912,6.99,1.944480556,0,0.133509324,0.222534262,0.026510896,0.517760337,0.026528434,11.23619652,0.206418161,0.177232899,0.165304469,0.078971018,0.019975602
66,62,212,62212,Fall,AMSTEL,6,1.791759469,6.29,1.838961071,0,0.133509324,0.222534262,0.026510896,0.517760337,0.026528434,11.23619652,0.206418161,0.177232899,0.165304469,0.078971018,0.019975602
275,62,109,62109,Fall,AMSTEL,4,1.386294361,6.19,1.822935087,0,0.133509324,0.222534262,0.026510896,0.517760337,0.026528434,11.23619652,0.206418161,0.177232899,0.165304469,0.078971018,0.019975602
388,62,208,62208,Fall,AMSTEL,8,2.079441542,6.29,1.838961071,0,0.133509324,0.222534262,0.026510896,0.517760337,0.026528434,11.23619652,0.206418161,0.177232899,0.165304469,0.078971018,0.019975602
403,62,115,62115,Winter,AMSTEL,5,1.609437912,6.19,1.822935087,0,0.133509324,0.222534262,0.026510896,0.517760337,0.026528434,11.23619652,0.206418161,0.177232899,0.165304469,0.078971018,0.019975602
588,62,127,62127,Winter,AMSTEL,4,1.386294361,6.29,1.838961071,0,0.133509324,0.222534262,0.026510896,0.517760337,0.026528434,11.23619652,0.206418161,0.177232899,0.165304469,0.078971018,0.019975602
825,62,220,62220,Winter,AMSTEL,2,0.693147181,6.29,1.838961071,0,0.133509324,0.222534262,0.026510896,0.517760337,0.026528434,11.23619652,0.206418161,0.177232899,0.165304469,0.078971018,0.019975602
1217,62,189,62189,Spring,AMSTEL,5,1.609437912,6.29,1.838961071,0,0.133509324,0.222534262,0.026510896,0.517760337,0.026528434,11.23619652,0.206418161,0.177232899,0.165304469,0.078971018,0.019975602
1261,62,388,62388,Spring,AMSTEL,9,2.197224577,6.49,1.870262531,1,0.133509324,0.222534262,0.026510896,0.517760337,0.026528434,11.23619652,0.206418161,0.177232899,0.165304469,0.078971018,0.019975602
1452,62,136,62136,Spring,AMSTEL,1,0,6.29,1.838961071,0,0.133509324,0.222534262,0.026510896,0.517760337,0.026528434,11.23619652,0.206418161,0.177232899,0.165304469,0.078971018,0.019975602
1482,62,346,62346,Spring,AMSTEL,7,1.945910149,6.84,1.922787732,0,0.133509324,0.222534262,0.026510896,0.517760337,0.026528434,11.23619652,0.206418161,0.177232899,0.165304469,0.078971018,0.019975602
1510,62,292,62292,Spring,AMSTEL,4,1.386294361,6.99,1.944480556,0,0.133509324,0.222534262,0.026510896,0.517760337,0.026528434,11.23619652,0.206418161,0.177232899,0.165304469,0.078971018,0.019975602
1590,62,254,62254,Summer,AMSTEL,3,1.098612289,6.59,1.885553349,0,0.133509324,0.222534262,0.026510896,0.517760337,0.026528434,11.23619652,0.206418161,0.177232899,0.165304469,0.078971018,0.019975602
1715,62,291,62291,Spring,AMSTEL,6,1.791759469,6.99,1.944480556,0,0.133509324,0.222534262,0.026510896,0.517760337,0.026528434,11.23619652,0.206418161,0.177232899,0.165304469,0.078971018,0.019975602
1740,62,342,62342,Spring,AMSTEL,7,1.945910149,6.99,1.944480556,0,0.133509324,0.222534262,0.026510896,0.517760337,0.026528434,11.23619652,0.206418161,0.177232899,0.165304469,0.078971018,0.019975602
1762,62,108,62108,Fall,AMSTEL,10,2.302585093,6.19,1.822935087,0,0.133509324,0.222534262,0.026510896,0.517760337,0.026528434,11.23619652,0.206418161,0.177232899,0.165304469,0.078971018,0.019975602
1886,62,122,62122,Winter,AMSTEL,3,1.098612289,6.19,1.822935087,0,0.133509324,0.222534262,0.026510896,0.517760337,0.026528434,11.23619652,0.206418161,0.177232899,0.165304469,0.078971018,0.019975602
1919,62,274,62274,Winter,AMSTEL,8,2.079441542,6.59,1.885553349,0,0.133509324,0.222534262,0.026510896,0.517760337,0.026528434,11.23619652,0.206418161,0.177232899,0.165304469,0.078971018,0.019975602
2013,62,272,62272,Winter,AMSTEL,8,2.079441542,6.59,1.885553349,0,0.133509324,0.222534262,0.026510896,0.517760337,0.026528434,11.23619652,0.206418161,0.177232899,0.165304469,0.078971018,0.019975602
32,126,129,126129,Spring,COORS,9,2.197224577,11.99,2.484072969,0,0.160059877,0.107002273,0.045018573,0.413222417,0.023449553,10.9808762,0.262072942,0.09331307,0.17887538,0.092587459,0.01373033
43,126,203,126203,Summer,COORS,8,2.079441542,11.99,2.484072969,0,0.160059877,0.107002273,0.045018573,0.413222417,0.023449553,10.9808762,0.262072942,0.09331307,0.17887538,0.092587459,0.01373033
189,126,173,126173,Winter,COORS,5,1.609437912,11.99,2.484072969,0,0.160059877,0.107002273,0.045018573,0.413222417,0.023449553,10.9808762,0.262072942,0.09331307,0.17887538,0.092587459,0.01373033
475,126,91,126091,Summer,COORS,7,1.945910149,10.99,2.396985768,0,0.160059877,0.107002273,0.045018573,0.413222417,0.023449553,10.9808762,0.262072942,0.09331307,0.17887538,0.092587459,0.01373033
596,126,230,126230,Winter,COORS,4,1.386294361,11.24,2.419478844,0,0.160059877,0.107002273,0.045018573,0.413222417,0.023449553,10.9808762,0.262072942,0.09331307,0.17887538,0.092587459,0.01373033
964,126,302,126302,Summer,COORS,10,2.302585093,11.99,2.484072969,1,0.160059877,0.107002273,0.045018573,0.413222417,0.023449553,10.9808762,0.262072942,0.09331307,0.17887538,0.092587459,0.01373033
1732,126,216,126216,Fall,COORS,8,2.079441542,10.99,2.396985768,0,0.160059877,0.107002273,0.045018573,0.413222417,0.023449553,10.9808762,0.262072942,0.09331307,0.17887538,0.092587459,0.01373033
1804,126,300,126300,Summer,COORS,3,1.098612289,12.99,2.564179831,0,0.160059877,0.107002273,0.045018573,0.413222417,0.023449553,10.9808762,0.262072942,0.09331307,0.17887538,0.092587459,0.01373033
1937,126,295,126295,Spring,COORS,4,1.386294361,12.99,2.564179831,0,0.160059877,0.107002273,0.045018573,0.413222417,0.023449553,10.9808762,0.262072942,0.09331307,0.17887538,0.092587459,0.01373033
33,59,289,59289,Spring,MILLER,15,2.708050201,12.99,2.564179831,0,0.172145374,0.110818913,0.024246568,0.233036093,0.031318168,10.7150398,0.213364348,0.111152723,0.181784136,0.035765003,0.038323726
484,59,274,59274,Winter,MILLER,17,2.833213344,11.63,2.453587967,0,0.172145374,0.110818913,0.024246568,0.233036093,0.031318168,10.7150398,0.213364348,0.111152723,0.181784136,0.035765003,0.038323726
513,59,307,59307,Summer,MILLER,28,3.33220451,10.99,2.396985768,1,0.172145374,0.110818913,0.024246568,0.233036093,0.031318168,10.7150398,0.213364348,0.111152723,0.181784136,0.035765003,0.038323726
1227,59,256,59256,Summer,MILLER,25,3.218875825,11.95,2.480731278,1,0.172145374,0.110818913,0.024246568,0.233036093,0.031318168,10.7150398,0.213364348,0.111152723,0.181784136,0.035765003,0.038323726
1473,59,125,59125,Winter,MILLER,35,3.555348061,10.99,2.396985768,1,0.172145374,0.110818913,0.024246568,0.233036093,0.031318168,10.7150398,0.213364348,0.111152723,0.181784136,0.035765003,0.038323726
1543,59,108,59108,Fall,MILLER,27,3.295836866,10.49,2.350422422,1,0.172145374,0.110818913,0.024246568,0.233036093,0.031318168,10.7150398,0.213364348,0.111152723,0.181784136,0.035765003,0.038323726
1799,59,251,59251,Summer,MILLER,60,4.094344562,10.99,2.396985768,1,0.172145374,0.110818913,0.024246568,0.233036093,0.031318168,10.7150398,0.213364348,0.111152723,0.181784136,0.035765003,0.038323726
1821,59,121,59121,Winter,MILLER,69,4.234106505,10.49,2.350422422,1,0.172145374,0.110818913,0.024246568,0.233036093,0.031318168,10.7150398,0.213364348,0.111152723,0.181784136,0.035765003,0.038323726
1948,59,200,59200,Summer,MILLER,41,3.713572067,10.49,2.350422422,1,0.172145374,0.110818913,0.024246568,0.233036093,0.031318168,10.7150398,0.213364348,0.111152723,0.181784136,0.035765003,0.038323726
2031,59,190,59190,Spring,MILLER,25,3.218875825,11.99,2.484072969,0,0.172145374,0.110818913,0.024246568,0.233036093,0.031318168,10.7150398,0.213364348,0.111152723,0.181784136,0.035765003,0.038323726
36,76,278,76278,Winter,MILLER,8,2.079441542,11.99,2.484072969,0,0.141774676,0.149192423,0.425324028,0.087711787,0.347964098,10.1406129,0.317409394,0.172157335,0.218352276,0.463688933,0.133099825
258,76,177,76177,Winter,MILLER,27,3.295836866,10.99,2.396985768,1,0.141774676,0.149192423,0.425324028,0.087711787,0.347964098,10.1406129,0.317409394,0.172157335,0.218352276,0.463688933,0.133099825
334,76,152,76152,Summer,MILLER,28,3.33220451,11.99,2.484072969,0,0.141774676,0.149192423,0.425324028,0.087711787,0.347964098,10.1406129,0.317409394,0.172157335,0.218352276,0.463688933,0.133099825
436,76,309,76309,Summer,MILLER,17,2.833213344,12.99,2.564179831,0,0.141774676,0.149192423,0.425324028,0.087711787,0.347964098,10.1406129,0.317409394,0.172157335,0.218352276,0.463688933,0.133099825
725,76,92,76092,Summer,MILLER,15,2.708050201,11.99,2.484072969,0,0.141774676,0.149192423,0.425324028,0.087711787,0.347964098,10.1406129,0.317409394,0.172157335,0.218352276,0.463688933,0.133099825
807,76,246,76246,Summer,MILLER,48,3.871201011,10.99,2.396985768,1,0.141774676,0.149192423,0.425324028,0.087711787,0.347964098,10.1406129,0.317409394,0.172157335,0.218352276,0.463688933,0.133099825
841,76,232,76232,Spring,MILLER,20,2.995732274,10.79,2.378619779,0,0.141774676,0.149192423,0.425324028,0.087711787,0.347964098,10.1406129,0.317409394,0.172157335,0.218352276,0.463688933,0.133099825
972,76,287,76287,Spring,MILLER,19,2.944438979,11.99,2.484072969,1,0.141774676,0.149192423,0.425324028,0.087711787,0.347964098,10.1406129,0.317409394,0.172157335,0.218352276,0.463688933,0.133099825
979,76,121,76121,Winter,MILLER,36,3.583518938,10.49,2.350422422,0,0.141774676,0.149192423,0.425324028,0.087711787,0.347964098,10.1406129,0.317409394,0.172157335,0.218352276,0.463688933,0.133099825
1748,76,286,76286,Spring,MILLER,14,2.63905733,12.91,2.558002205,0,0.141774676,0.149192423,0.425324028,0.087711787,0.347964098,10.1406129,0.317409394,0.172157335,0.218352276,0.463688933,0.133099825
1751,76,188,76188,Spring,MILLER,20,2.995732274,10.99,2.396985768,1,0.141774676,0.149192423,0.425324028,0.087711787,0.347964098,10.1406129,0.317409394,0.172157335,0.218352276,0.463688933,0.133099825
1827,76,178,76178,Winter,MILLER,13,2.564949357,11.99,2.484072969,0,0.141774676,0.149192423,0.425324028,0.087711787,0.347964098,10.1406129,0.317409394,0.172157335,0.218352276,0.463688933,0.133099825
1836,76,293,76293,Spring,MILLER,10,2.302585093,12.99,2.564179831,0,0.141774676,0.149192423,0.425324028,0.087711787,0.347964098,10.1406129,0.317409394,0.172157335,0.218352276,0.463688933,0.133099825
38,80,171,80171,Winter,AMSTEL,6,1.791759469,6.49,1.870262531,0,0.138604057,0.152691263,0.041910238,0.304465687,0.030874641,10.90950929,0.253846154,0.117798975,0.163535635,0.074365117,0.023853832
39,80,344,80344,Spring,AMSTEL,3,1.098612289,5.99,1.790091412,1,0.138604057,0.152691263,0.041910238,0.304465687,0.030874641,10.90950929,0.253846154,0.117798975,0.163535635,0.074365117,0.023853832
657,80,172,80172,Winter,AMSTEL,1,0,4.99,1.60743591,1,0.138604057,0.152691263,0.041910238,0.304465687,0.030874641,10.90950929,0.253846154,0.117798975,0.163535635,0.074365117,0.023853832
716,80,354,80354,Summer,AMSTEL,3,1.098612289,6.99,1.944480556,0,0.138604057,0.152691263,0.041910238,0.304465687,0.030874641,10.90950929,0.253846154,0.117798975,0.163535635,0.074365117,0.023853832
1037,80,146,80146,Summer,AMSTEL,2,0.693147181,6.29,1.838961071,0,0.138604057,0.152691263,0.041910238,0.304465687,0.030874641,10.90950929,0.253846154,0.117798975,0.163535635,0.074365117,0.023853832
1155,80,147,80147,Summer,AMSTEL,1,0,6.29,1.838961071,0,0.138604057,0.152691263,0.041910238,0.304465687,0.030874641,10.90950929,0.253846154,0.117798975,0.163535635,0.074365117,0.023853832
1339,80,370,80370,Fall,AMSTEL,4,1.386294361,5.49,1.702928256,1,0.138604057,0.152691263,0.041910238,0.304465687,0.030874641,10.90950929,0.253846154,0.117798975,0.163535635,0.074365117,0.023853832
1365,80,205,80205,Summer,AMSTEL,2,0.693147181,6.29,1.838961071,0,0.138604057,0.152691263,0.041910238,0.304465687,0.030874641,10.90950929,0.253846154,0.117798975,0.163535635,0.074365117,0.023853832
1394,80,122,80122,Winter,AMSTEL,1,0,6.19,1.822935087,0,0.138604057,0.152691263,0.041910238,0.304465687,0.030874641,10.90950929,0.253846154,0.117798975,0.163535635,0.074365117,0.023853832
1415,80,123,80123,Winter,AMSTEL,2,0.693147181,6.29,1.838961071,0,0.138604057,0.152691263,0.041910238,0.304465687,0.030874641,10.90950929,0.253846154,0.117798975,0.163535635,0.074365117,0.023853832
1436,80,243,80243,Spring,AMSTEL,1,0,6.59,1.885553349,0,0.138604057,0.152691263,0.041910238,0.304465687,0.030874641,10.90950929,0.253846154,0.117798975,0.163535635,0.074365117,0.023853832
1710,80,160,80160,Fall,AMSTEL,1,0,6.49,1.870262531,0,0.138604057,0.152691263,0.041910238,0.304465687,0.030874641,10.90950929,0.253846154,0.117798975,0.163535635,0.074365117,0.023853832
