Final exam/651FINALEXAM/Q1Q2V6.csv
ID,STORE,Week,STOREWEEK,Season,BRAND,MOVE,logmove,PRICE,logprice,Feat,AGE9,AGE60,ETHNIC,EDUC,NOCAR,INCOME,SINGLE,RETIRED,UNEMP,NWHITE,POVERTY
44,107,267,107267,Fall,COORS,6,1.791759469,10.99,2.396985768,1,0.119089317,0.261867453,0.025624482,0.273051907,0.042052145,10.82713119,0.216217723,0.19621094,0.169063709,0.064475989,0.027871216
87,107,260,107260,Fall,COORS,10,2.302585093,11.99,2.484072969,0,0.119089317,0.261867453,0.025624482,0.273051907,0.042052145,10.82713119,0.216217723,0.19621094,0.169063709,0.064475989,0.027871216
161,107,202,107202,Summer,COORS,6,1.791759469,11.99,2.484072969,0,0.119089317,0.261867453,0.025624482,0.273051907,0.042052145,10.82713119,0.216217723,0.19621094,0.169063709,0.064475989,0.027871216
319,107,305,107305,Summer,COORS,5,1.609437912,12.59,2.532902848,0,0.119089317,0.261867453,0.025624482,0.273051907,0.042052145,10.82713119,0.216217723,0.19621094,0.169063709,0.064475989,0.027871216
404,107,270,107270,Fall,COORS,5,1.609437912,11.99,2.484072969,0,0.119089317,0.261867453,0.025624482,0.273051907,0.042052145,10.82713119,0.216217723,0.19621094,0.169063709,0.064475989,0.027871216
626,107,249,107249,Summer,COORS,7,1.945910149,11.84,2.471483629,0,0.119089317,0.261867453,0.025624482,0.273051907,0.042052145,10.82713119,0.216217723,0.19621094,0.169063709,0.064475989,0.027871216
907,107,227,107227,Winter,COORS,3,1.098612289,10.99,2.396985768,0,0.119089317,0.261867453,0.025624482,0.273051907,0.042052145,10.82713119,0.216217723,0.19621094,0.169063709,0.064475989,0.027871216
1302,107,107,107107,Fall,COORS,2,0.693147181,11.99,2.484072969,0,0.119089317,0.261867453,0.025624482,0.273051907,0.042052145,10.82713119,0.216217723,0.19621094,0.169063709,0.064475989,0.027871216
1519,107,314,107314,Fall,COORS,2,0.693147181,12.99,2.564179831,0,0.119089317,0.261867453,0.025624482,0.273051907,0.042052145,10.82713119,0.216217723,0.19621094,0.169063709,0.064475989,0.027871216
1545,107,151,107151,Summer,COORS,8,2.079441542,10.99,2.396985768,0,0.119089317,0.261867453,0.025624482,0.273051907,0.042052145,10.82713119,0.216217723,0.19621094,0.169063709,0.064475989,0.027871216
45,90,166,90166,Fall,MILLER,4,1.386294361,11.99,2.484072969,0,0.129722571,0.225219573,0.268367489,0.050193454,0.180874722,10.5046565,0.285503472,0.235358312,0.208257548,0.271643664,0.091751622
425,90,266,90266,Fall,MILLER,19,2.944438979,11.88,2.474856314,0,0.129722571,0.225219573,0.268367489,0.050193454,0.180874722,10.5046565,0.285503472,0.235358312,0.208257548,0.271643664,0.091751622
772,90,298,90298,Summer,MILLER,45,3.80666249,11.99,2.484072969,1,0.129722571,0.225219573,0.268367489,0.050193454,0.180874722,10.5046565,0.285503472,0.235358312,0.208257548,0.271643664,0.091751622
1146,90,293,90293,Spring,MILLER,22,3.091042453,12.99,2.564179831,0,0.129722571,0.225219573,0.268367489,0.050193454,0.180874722,10.5046565,0.285503472,0.235358312,0.208257548,0.271643664,0.091751622
1167,90,210,90210,Fall,MILLER,16,2.772588722,10.99,2.396985768,1,0.129722571,0.225219573,0.268367489,0.050193454,0.180874722,10.5046565,0.285503472,0.235358312,0.208257548,0.271643664,0.091751622
1299,90,190,90190,Spring,MILLER,5,1.609437912,11.99,2.484072969,1,0.129722571,0.225219573,0.268367489,0.050193454,0.180874722,10.5046565,0.285503472,0.235358312,0.208257548,0.271643664,0.091751622
1363,90,132,90132,Spring,MILLER,15,2.708050201,10.99,2.396985768,1,0.129722571,0.225219573,0.268367489,0.050193454,0.180874722,10.5046565,0.285503472,0.235358312,0.208257548,0.271643664,0.091751622
1374,90,151,90151,Summer,MILLER,14,2.63905733,10.99,2.396985768,0,0.129722571,0.225219573,0.268367489,0.050193454,0.180874722,10.5046565,0.285503472,0.235358312,0.208257548,0.271643664,0.091751622
1481,90,220,90220,Winter,MILLER,36,3.583518938,9.62,2.263844265,1,0.129722571,0.225219573,0.268367489,0.050193454,0.180874722,10.5046565,0.285503472,0.235358312,0.208257548,0.271643664,0.091751622
1644,90,280,90280,Winter,MILLER,79,4.369447852,10.99,2.396985768,1,0.129722571,0.225219573,0.268367489,0.050193454,0.180874722,10.5046565,0.285503472,0.235358312,0.208257548,0.271643664,0.091751622
1848,90,301,90301,Summer,MILLER,30,3.401197382,12.72,2.543175558,0,0.129722571,0.225219573,0.268367489,0.050193454,0.180874722,10.5046565,0.285503472,0.235358312,0.208257548,0.271643664,0.091751622
2026,90,312,90312,Fall,MILLER,70,4.248495242,10.99,2.396985768,1,0.129722571,0.225219573,0.268367489,0.050193454,0.180874722,10.5046565,0.285503472,0.235358312,0.208257548,0.271643664,0.091751622
47,132,171,132171,Winter,MILLER,122,4.804021045,10.99,2.396985768,1,0.146748237,0.139617348,0.273974204,0.264528441,0.032773961,10.61915425,0.25541913,0.119681566,0.188908612,0.296886568,0.041450777
67,132,305,132305,Summer,MILLER,61,4.110873864,12.99,2.564179831,0,0.146748237,0.139617348,0.273974204,0.264528441,0.032773961,10.61915425,0.25541913,0.119681566,0.188908612,0.296886568,0.041450777
155,132,306,132306,Summer,MILLER,66,4.189654742,12.59,2.532902848,0,0.146748237,0.139617348,0.273974204,0.264528441,0.032773961,10.61915425,0.25541913,0.119681566,0.188908612,0.296886568,0.041450777
229,132,168,132168,Winter,MILLER,74,4.304065093,10.99,2.396985768,1,0.146748237,0.139617348,0.273974204,0.264528441,0.032773961,10.61915425,0.25541913,0.119681566,0.188908612,0.296886568,0.041450777
367,132,201,132201,Summer,MILLER,61,4.110873864,11.99,2.484072969,0,0.146748237,0.139617348,0.273974204,0.264528441,0.032773961,10.61915425,0.25541913,0.119681566,0.188908612,0.296886568,0.041450777
846,132,125,132125,Winter,MILLER,67,4.204692619,10.99,2.396985768,1,0.146748237,0.139617348,0.273974204,0.264528441,0.032773961,10.61915425,0.25541913,0.119681566,0.188908612,0.296886568,0.041450777
1571,132,243,132243,Spring,MILLER,49,3.891820298,11.99,2.484072969,0,0.146748237,0.139617348,0.273974204,0.264528441,0.032773961,10.61915425,0.25541913,0.119681566,0.188908612,0.296886568,0.041450777
1596,132,155,132155,Fall,MILLER,136,4.912654886,10.99,2.396985768,1,0.146748237,0.139617348,0.273974204,0.264528441,0.032773961,10.61915425,0.25541913,0.119681566,0.188908612,0.296886568,0.041450777
1629,132,101,132101,Summer,MILLER,69,4.234106505,10.99,2.396985768,0,0.146748237,0.139617348,0.273974204,0.264528441,0.032773961,10.61915425,0.25541913,0.119681566,0.188908612,0.296886568,0.041450777
1720,132,228,132228,Winter,MILLER,102,4.624972813,9.99,2.301584593,1,0.146748237,0.139617348,0.273974204,0.264528441,0.032773961,10.61915425,0.25541913,0.119681566,0.188908612,0.296886568,0.041450777
49,111,271,111271,Winter,MILLER,4,1.386294361,10.99,2.396985768,1,0.145874221,0.210512842,0.995690759,0.096928919,0.334262176,10.13828296,0.377741408,0.236108717,0.223984371,0.994965441,0.171653543
256,111,132,111132,Spring,MILLER,4,1.386294361,10.99,2.396985768,1,0.145874221,0.210512842,0.995690759,0.096928919,0.334262176,10.13828296,0.377741408,0.236108717,0.223984371,0.994965441,0.171653543
288,111,193,111193,Summer,MILLER,1,0,10.49,2.350422422,1,0.145874221,0.210512842,0.995690759,0.096928919,0.334262176,10.13828296,0.377741408,0.236108717,0.223984371,0.994965441,0.171653543
621,111,140,111140,Spring,MILLER,4,1.386294361,11.99,2.484072969,0,0.145874221,0.210512842,0.995690759,0.096928919,0.334262176,10.13828296,0.377741408,0.236108717,0.223984371,0.994965441,0.171653543
926,111,172,111172,Winter,MILLER,13,2.564949357,10.99,2.396985768,1,0.145874221,0.210512842,0.995690759,0.096928919,0.334262176,10.13828296,0.377741408,0.236108717,0.223984371,0.994965441,0.171653543
971,111,92,111092,Summer,MILLER,12,2.48490665,11.99,2.484072969,0,0.145874221,0.210512842,0.995690759,0.096928919,0.334262176,10.13828296,0.377741408,0.236108717,0.223984371,0.994965441,0.171653543
1268,111,234,111234,Spring,MILLER,4,1.386294361,11.99,2.484072969,1,0.145874221,0.210512842,0.995690759,0.096928919,0.334262176,10.13828296,0.377741408,0.236108717,0.223984371,0.994965441,0.171653543
1309,111,272,111272,Winter,MILLER,5,1.609437912,10.99,2.396985768,1,0.145874221,0.210512842,0.995690759,0.096928919,0.334262176,10.13828296,0.377741408,0.236108717,0.223984371,0.994965441,0.171653543
1461,111,187,111187,Spring,MILLER,6,1.791759469,10.99,2.396985768,1,0.145874221,0.210512842,0.995690759,0.096928919,0.334262176,10.13828296,0.377741408,0.236108717,0.223984371,0.994965441,0.171653543
1476,111,164,111164,Fall,MILLER,1,0,10.99,2.396985768,1,0.145874221,0.210512842,0.995690759,0.096928919,0.334262176,10.13828296,0.377741408,0.236108717,0.223984371,0.994965441,0.171653543
1759,111,190,111190,Spring,MILLER,8,2.079441542,11.99,2.484072969,0,0.145874221,0.210512842,0.995690759,0.096928919,0.334262176,10.13828296,0.377741408,0.236108717,0.223984371,0.994965441,0.171653543
1957,111,136,111136,Spring,MILLER,3,1.098612289,10.99,2.396985768,1,0.145874221,0.210512842,0.995690759,0.096928919,0.334262176,10.13828296,0.377741408,0.236108717,0.223984371,0.994965441,0.171653543
50,53,168,53168,Winter,MILLER,4,1.386294361,10.99,2.396985768,0,0.120839139,0.300278681,0.065722248,0.2703835,0.145362903,10.60000405,0.233270677,0.227650929,0.150928793,0.203050008,0.063319218
83,53,239,53239,Spring,MILLER,8,2.079441542,10.99,2.396985768,1,0.120839139,0.300278681,0.065722248,0.2703835,0.145362903,10.60000405,0.233270677,0.227650929,0.150928793,0.203050008,0.063319218
299,53,238,53238,Spring,MILLER,13,2.564949357,11.91,2.477378383,0,0.120839139,0.300278681,0.065722248,0.2703835,0.145362903,10.60000405,0.233270677,0.227650929,0.150928793,0.203050008,0.063319218
391,53,309,53309,Summer,MILLER,8,2.079441542,12.99,2.564179831,0,0.120839139,0.300278681,0.065722248,0.2703835,0.145362903,10.60000405,0.233270677,0.227650929,0.150928793,0.203050008,0.063319218
428,53,173,53173,Winter,MILLER,10,2.302585093,10.99,2.396985768,1,0.120839139,0.300278681,0.065722248,0.2703835,0.145362903,10.60000405,0.233270677,0.227650929,0.150928793,0.203050008,0.063319218
507,53,295,53295,Spring,MILLER,3,1.098612289,11.99,2.484072969,1,0.120839139,0.300278681,0.065722248,0.2703835,0.145362903,10.60000405,0.233270677,0.227650929,0.150928793,0.203050008,0.063319218
1085,53,246,53246,Summer,MILLER,14,2.63905733,10.99,2.396985768,1,0.120839139,0.300278681,0.065722248,0.2703835,0.145362903,10.60000405,0.233270677,0.227650929,0.150928793,0.203050008,0.063319218
1144,53,189,53189,Spring,MILLER,2,0.693147181,11.99,2.484072969,0,0.120839139,0.300278681,0.065722248,0.2703835,0.145362903,10.60000405,0.233270677,0.227650929,0.150928793,0.203050008,0.063319218
1145,53,240,53240,Spring,MILLER,6,1.791759469,10.99,2.396985768,1,0.120839139,0.300278681,0.065722248,0.2703835,0.145362903,10.60000405,0.233270677,0.227650929,0.150928793,0.203050008,0.063319218
1254,53,286,53286,Spring,MILLER,4,1.386294361,12.74,2.54474665,0,0.120839139,0.300278681,0.065722248,0.2703835,0.145362903,10.60000405,0.233270677,0.227650929,0.150928793,0.203050008,0.063319218
1312,53,99,53099,Summer,MILLER,15,2.708050201,9.99,2.301584593,1,0.120839139,0.300278681,0.065722248,0.2703835,0.145362903,10.60000405,0.233270677,0.227650929,0.150928793,0.203050008,0.063319218
1348,53,133,53133,Spring,MILLER,14,2.63905733,10.99,2.396985768,1,0.120839139,0.300278681,0.065722248,0.2703835,0.145362903,10.60000405,0.233270677,0.227650929,0.150928793,0.203050008,0.063319218
1944,53,279,53279,Winter,MILLER,5,1.609437912,11.79,2.467251715,0,0.120839139,0.300278681,0.065722248,0.2703835,0.145362903,10.60000405,0.233270677,0.227650929,0.150928793,0.203050008,0.063319218
51,75,157,75157,Fall,MILLER,17,2.833213344,11.99,2.484072969,0,0.113891113,0.207699493,0.415999466,0.219548453,0.550654721,9.867082871,0.44122065,0.230837646,0.227441785,0.56238324,0.212956582
90,75,218,75218,Fall,MILLER,6,1.791759469,10.99,2.396985768,0,0.113891113,0.207699493,0.415999466,0.219548453,0.550654721,9.867082871,0.44122065,0.230837646,0.227441785,0.56238324,0.212956582
156,75,192,75192,Spring,MILLER,15,2.708050201,10.99,2.396985768,1,0.113891113,0.207699493,0.415999466,0.219548453,0.550654721,9.867082871,0.44122065,0.230837646,0.227441785,0.56238324,0.212956582
286,75,312,75312,Fall,MILLER,28,3.33220451,10.99,2.396985768,1,0.113891113,0.207699493,0.415999466,0.219548453,0.550654721,9.867082871,0.44122065,0.230837646,0.227441785,0.56238324,0.212956582
340,75,288,75288,Spring,MILLER,16,2.772588722,11.99,2.484072969,1,0.113891113,0.207699493,0.415999466,0.219548453,0.550654721,9.867082871,0.44122065,0.230837646,0.227441785,0.56238324,0.212956582
668,75,124,75124,Winter,MILLER,13,2.564949357,10.99,2.396985768,0,0.113891113,0.207699493,0.415999466,0.219548453,0.550654721,9.867082871,0.44122065,0.230837646,0.227441785,0.56238324,0.212956582
677,75,305,75305,Summer,MILLER,26,3.258096538,12.99,2.564179831,0,0.113891113,0.207699493,0.415999466,0.219548453,0.550654721,9.867082871,0.44122065,0.230837646,0.227441785,0.56238324,0.212956582
791,75,300,75300,Summer,MILLER,13,2.564949357,12.99,2.564179831,0,0.113891113,0.207699493,0.415999466,0.219548453,0.550654721,9.867082871,0.44122065,0.230837646,0.227441785,0.56238324,0.212956582
935,75,316,75316,Fall,MILLER,23,3.135494216,10.99,2.396985768,1,0.113891113,0.207699493,0.415999466,0.219548453,0.550654721,9.867082871,0.44122065,0.230837646,0.227441785,0.56238324,0.212956582
962,75,281,75281,Winter,MILLER,19,2.944438979,10.99,2.396985768,1,0.113891113,0.207699493,0.415999466,0.219548453,0.550654721,9.867082871,0.44122065,0.230837646,0.227441785,0.56238324,0.212956582
1023,75,283,75283,Winter,MILLER,8,2.079441542,11.61,2.451866796,0,0.113891113,0.207699493,0.415999466,0.219548453,0.550654721,9.867082871,0.44122065,0.230837646,0.227441785,0.56238324,0.212956582
1072,75,276,75276,Winter,MILLER,10,2.302585093,10.99,2.396985768,1,0.113891113,0.207699493,0.415999466,0.219548453,0.550654721,9.867082871,0.44122065,0.230837646,0.227441785,0.56238324,0.212956582
1084,75,260,75260,Fall,MILLER,21,3.044522438,10.99,2.396985768,1,0.113891113,0.207699493,0.415999466,0.219548453,0.550654721,9.867082871,0.44122065,0.230837646,0.227441785,0.56238324,0.212956582
1221,75,191,75191,Spring,MILLER,42,3.737669618,10.99,2.396985768,1,0.113891113,0.207699493,0.415999466,0.219548453,0.550654721,9.867082871,0.44122065,0.230837646,0.227441785,0.56238324,0.212956582
1280,75,104,75104,Fall,MILLER,26,3.258096538,9.79,2.281361457,1,0.113891113,0.207699493,0.415999466,0.219548453,0.550654721,9.867082871,0.44122065,0.230837646,0.227441785,0.56238324,0.212956582
1462,75,100,75100,Summer,MILLER,28,3.33220451,9.99,2.301584593,1,0.113891113,0.207699493,0.415999466,0.219548453,0.550654721,9.867082871,0.44122065,0.230837646,0.227441785,0.56238324,0.212956582
1626,75,206,75206,Fall,MILLER,5,1.609437912,11.99,2.484072969,0,0.113891113,0.207699493,0.415999466,0.219548453,0.550654721,9.867082871,0.44122065,0.230837646,0.227441785,0.56238324,0.212956582
1760,75,110,75110,Fall,MILLER,12,2.48490665,11.99,2.484072969,0,0.113891113,0.207699493,0.415999466,0.219548453,0.550654721,9.867082871,0.44122065,0.230837646,0.227441785,0.56238324,0.212956582
1767,75,107,75107,Fall,MILLER,5,1.609437912,11.99,2.484072969,0,0.113891113,0.207699493,0.415999466,0.219548453,0.550654721,9.867082871,0.44122065,0.230837646,0.227441785,0.56238324,0.212956582
1878,75,153,75153,Summer,MILLER,16,2.772588722,11.99,2.484072969,0,0.113891113,0.207699493,0.415999466,0.219548453,0.550654721,9.867082871,0.44122065,0.230837646,0.227441785,0.56238324,0.212956582
53,67,356,67356,Summer,AMSTEL,3,1.098612289,6.99,1.944480556,0,0.118820051,0.210272984,0.050539779,0.284394654,0.045029137,10.79695991,0.252884133,0.152855153,0.155901811,0.117032249,0.034080876
251,67,122,67122,Winter,AMSTEL,1,0,6.19,1.822935087,0,0.118820051,0.210272984,0.050539779,0.284394654,0.045029137,10.79695991,0.252884133,0.152855153,0.155901811,0.117032249,0.034080876
308,67,300,67300,Summer,AMSTEL,3,1.098612289,6.99,1.944480556,0,0.118820051,0.210272984,0.050539779,0.284394654,0.045029137,10.79695991,0.252884133,0.152855153,0.155901811,0.117032249,0.034080876
371,67,306,67306,Summer,AMSTEL,9,2.197224577,5.99,1.790091412,1,0.118820051,0.210272984,0.050539779,0.284394654,0.045029137,10.79695991,0.252884133,0.152855153,0.155901811,0.117032249,0.034080876
394,67,260,67260,Fall,AMSTEL,4,1.386294361,6.59,1.885553349,0,0.118820051,0.210272984,0.050539779,0.284394654,0.045029137,10.79695991,0.252884133,0.152855153,0.155901811,0.117032249,0.034080876
536,67,238,67238,Spring,AMSTEL,1,0,6.59,1.885553349,0,0.118820051,0.210272984,0.050539779,0.284394654,0.045029137,10.79695991,0.252884133,0.152855153,0.155901811,0.117032249,0.034080876
541,67,353,67353,Summer,AMSTEL,2,0.693147181,6.99,1.944480556,0,0.118820051,0.210272984,0.050539779,0.284394654,0.045029137,10.79695991,0.252884133,0.152855153,0.155901811,0.117032249,0.034080876
696,67,221,67221,Winter,AMSTEL,1,0,4.99,1.60743591,1,0.118820051,0.210272984,0.050539779,0.284394654,0.045029137,10.79695991,0.252884133,0.152855153,0.155901811,0.117032249,0.034080876
1149,67,101,67101,Summer,AMSTEL,2,0.693147181,6.19,1.822935087,0,0.118820051,0.210272984,0.050539779,0.284394654,0.045029137,10.79695991,0.252884133,0.152855153,0.155901811,0.117032249,0.034080876
1186,67,207,67207,Fall,AMSTEL,1,0,6.29,1.838961071,0,0.118820051,0.210272984,0.050539779,0.284394654,0.045029137,10.79695991,0.252884133,0.152855153,0.155901811,0.117032249,0.034080876
1909,67,210,67210,Fall,AMSTEL,1,0,4.99,1.60743591,1,0.118820051,0.210272984,0.050539779,0.284394654,0.045029137,10.79695991,0.252884133,0.152855153,0.155901811,0.117032249,0.034080876
