Final exam/651FINALEXAM/Q1Q2V6.csv
ID,STORE,Week,STOREWEEK,Season,BRAND,MOVE,logmove,PRICE,logprice,Feat,AGE9,AGE60,ETHNIC,EDUC,NOCAR,INCOME,SINGLE,RETIRED,UNEMP,NWHITE,POVERTY
54,75,144,75144,Summer,AMSTEL,4,1.386294361,6.29,1.838961071,0,0.113891113,0.207699493,0.415999466,0.219548453,0.550654721,9.867082871,0.44122065,0.230837646,0.227441785,0.56238324,0.212956582
194,75,163,75163,Fall,AMSTEL,3,1.098612289,4.99,1.60743591,1,0.113891113,0.207699493,0.415999466,0.219548453,0.550654721,9.867082871,0.44122065,0.230837646,0.227441785,0.56238324,0.212956582
221,75,168,75168,Winter,AMSTEL,1,0,6.49,1.870262531,0,0.113891113,0.207699493,0.415999466,0.219548453,0.550654721,9.867082871,0.44122065,0.230837646,0.227441785,0.56238324,0.212956582
281,75,237,75237,Spring,AMSTEL,6,1.791759469,6.54,1.877937165,0,0.113891113,0.207699493,0.415999466,0.219548453,0.550654721,9.867082871,0.44122065,0.230837646,0.227441785,0.56238324,0.212956582
291,75,233,75233,Spring,AMSTEL,3,1.098612289,6.29,1.838961071,0,0.113891113,0.207699493,0.415999466,0.219548453,0.550654721,9.867082871,0.44122065,0.230837646,0.227441785,0.56238324,0.212956582
327,75,173,75173,Winter,AMSTEL,7,1.945910149,4.99,1.60743591,1,0.113891113,0.207699493,0.415999466,0.219548453,0.550654721,9.867082871,0.44122065,0.230837646,0.227441785,0.56238324,0.212956582
450,75,123,75123,Winter,AMSTEL,1,0,6.29,1.838961071,0,0.113891113,0.207699493,0.415999466,0.219548453,0.550654721,9.867082871,0.44122065,0.230837646,0.227441785,0.56238324,0.212956582
460,75,290,75290,Spring,AMSTEL,4,1.386294361,6.99,1.944480556,0,0.113891113,0.207699493,0.415999466,0.219548453,0.550654721,9.867082871,0.44122065,0.230837646,0.227441785,0.56238324,0.212956582
537,75,387,75387,Winter,AMSTEL,9,2.197224577,6.49,1.870262531,1,0.113891113,0.207699493,0.415999466,0.219548453,0.550654721,9.867082871,0.44122065,0.230837646,0.227441785,0.56238324,0.212956582
763,75,326,75326,Winter,AMSTEL,2,0.693147181,5.99,1.790091412,1,0.113891113,0.207699493,0.415999466,0.219548453,0.550654721,9.867082871,0.44122065,0.230837646,0.227441785,0.56238324,0.212956582
796,75,244,75244,Spring,AMSTEL,10,2.302585093,6.27,1.835776355,0,0.113891113,0.207699493,0.415999466,0.219548453,0.550654721,9.867082871,0.44122065,0.230837646,0.227441785,0.56238324,0.212956582
866,75,266,75266,Fall,AMSTEL,2,0.693147181,6.59,1.885553349,0,0.113891113,0.207699493,0.415999466,0.219548453,0.550654721,9.867082871,0.44122065,0.230837646,0.227441785,0.56238324,0.212956582
1281,75,251,75251,Summer,AMSTEL,8,2.079441542,6.59,1.885553349,0,0.113891113,0.207699493,0.415999466,0.219548453,0.550654721,9.867082871,0.44122065,0.230837646,0.227441785,0.56238324,0.212956582
1382,75,96,75096,Summer,AMSTEL,5,1.609437912,4.99,1.60743591,1,0.113891113,0.207699493,0.415999466,0.219548453,0.550654721,9.867082871,0.44122065,0.230837646,0.227441785,0.56238324,0.212956582
1465,75,115,75115,Winter,AMSTEL,2,0.693147181,6.19,1.822935087,0,0.113891113,0.207699493,0.415999466,0.219548453,0.550654721,9.867082871,0.44122065,0.230837646,0.227441785,0.56238324,0.212956582
1647,75,359,75359,Summer,AMSTEL,7,1.945910149,6.84,1.922787732,0,0.113891113,0.207699493,0.415999466,0.219548453,0.550654721,9.867082871,0.44122065,0.230837646,0.227441785,0.56238324,0.212956582
1803,75,311,75311,Fall,AMSTEL,2,0.693147181,6.99,1.944480556,0,0.113891113,0.207699493,0.415999466,0.219548453,0.550654721,9.867082871,0.44122065,0.230837646,0.227441785,0.56238324,0.212956582
55,91,110,91110,Fall,MILLER,18,2.890371758,11.99,2.484072969,0,0.11623504,0.255730611,0.024680506,0.144310113,0.07217735,10.53844932,0.260433649,0.209869253,0.178827499,0.035228886,0.051916796
538,91,113,91113,Fall,MILLER,29,3.36729583,10.49,2.350422422,0,0.11623504,0.255730611,0.024680506,0.144310113,0.07217735,10.53844932,0.260433649,0.209869253,0.178827499,0.035228886,0.051916796
765,91,214,91214,Fall,MILLER,19,2.944438979,11.99,2.484072969,0,0.11623504,0.255730611,0.024680506,0.144310113,0.07217735,10.53844932,0.260433649,0.209869253,0.178827499,0.035228886,0.051916796
1105,91,145,91145,Summer,MILLER,43,3.761200116,11.99,2.484072969,0,0.11623504,0.255730611,0.024680506,0.144310113,0.07217735,10.53844932,0.260433649,0.209869253,0.178827499,0.035228886,0.051916796
1191,91,247,91247,Summer,MILLER,26,3.258096538,10.99,2.396985768,1,0.11623504,0.255730611,0.024680506,0.144310113,0.07217735,10.53844932,0.260433649,0.209869253,0.178827499,0.035228886,0.051916796
1593,91,215,91215,Fall,MILLER,15,2.708050201,11.99,2.484072969,0,0.11623504,0.255730611,0.024680506,0.144310113,0.07217735,10.53844932,0.260433649,0.209869253,0.178827499,0.035228886,0.051916796
1673,91,142,91142,Summer,MILLER,62,4.127134385,10.99,2.396985768,1,0.11623504,0.255730611,0.024680506,0.144310113,0.07217735,10.53844932,0.260433649,0.209869253,0.178827499,0.035228886,0.051916796
1678,91,94,91094,Summer,MILLER,53,3.970291914,9.49,2.250238613,1,0.11623504,0.255730611,0.024680506,0.144310113,0.07217735,10.53844932,0.260433649,0.209869253,0.178827499,0.035228886,0.051916796
1689,91,230,91230,Winter,MILLER,16,2.772588722,11.24,2.419478844,1,0.11623504,0.255730611,0.024680506,0.144310113,0.07217735,10.53844932,0.260433649,0.209869253,0.178827499,0.035228886,0.051916796
1736,91,106,91106,Fall,MILLER,26,3.258096538,11.99,2.484072969,0,0.11623504,0.255730611,0.024680506,0.144310113,0.07217735,10.53844932,0.260433649,0.209869253,0.178827499,0.035228886,0.051916796
1755,91,105,91105,Fall,MILLER,48,3.871201011,9.79,2.281361457,1,0.11623504,0.255730611,0.024680506,0.144310113,0.07217735,10.53844932,0.260433649,0.209869253,0.178827499,0.035228886,0.051916796
1833,91,197,91197,Summer,MILLER,19,2.944438979,11.99,2.484072969,0,0.11623504,0.255730611,0.024680506,0.144310113,0.07217735,10.53844932,0.260433649,0.209869253,0.178827499,0.035228886,0.051916796
1910,91,289,91289,Spring,MILLER,16,2.772588722,12.99,2.564179831,0,0.11623504,0.255730611,0.024680506,0.144310113,0.07217735,10.53844932,0.260433649,0.209869253,0.178827499,0.035228886,0.051916796
56,118,117,118117,Winter,MILLER,12,2.48490665,10.49,2.350422422,0,0.103791822,0.289442379,0.040669145,0.224725883,0.081783681,10.63236378,0.220619282,0.184881603,0.140255009,0.178587361,0.039278937
201,118,137,118137,Spring,MILLER,5,1.609437912,10.99,2.396985768,1,0.103791822,0.289442379,0.040669145,0.224725883,0.081783681,10.63236378,0.220619282,0.184881603,0.140255009,0.178587361,0.039278937
393,118,215,118215,Fall,MILLER,9,2.197224577,11.99,2.484072969,0,0.103791822,0.289442379,0.040669145,0.224725883,0.081783681,10.63236378,0.220619282,0.184881603,0.140255009,0.178587361,0.039278937
415,118,211,118211,Fall,MILLER,11,2.397895273,11.99,2.484072969,0,0.103791822,0.289442379,0.040669145,0.224725883,0.081783681,10.63236378,0.220619282,0.184881603,0.140255009,0.178587361,0.039278937
885,118,154,118154,Fall,MILLER,11,2.397895273,11.99,2.484072969,1,0.103791822,0.289442379,0.040669145,0.224725883,0.081783681,10.63236378,0.220619282,0.184881603,0.140255009,0.178587361,0.039278937
1151,118,218,118218,Fall,MILLER,2,0.693147181,10.99,2.396985768,0,0.103791822,0.289442379,0.040669145,0.224725883,0.081783681,10.63236378,0.220619282,0.184881603,0.140255009,0.178587361,0.039278937
1331,118,146,118146,Summer,MILLER,16,2.772588722,11.99,2.484072969,0,0.103791822,0.289442379,0.040669145,0.224725883,0.081783681,10.63236378,0.220619282,0.184881603,0.140255009,0.178587361,0.039278937
1367,118,279,118279,Winter,MILLER,10,2.302585093,11.89,2.475697711,0,0.103791822,0.289442379,0.040669145,0.224725883,0.081783681,10.63236378,0.220619282,0.184881603,0.140255009,0.178587361,0.039278937
1551,118,253,118253,Summer,MILLER,6,1.791759469,11.82,2.469793012,0,0.103791822,0.289442379,0.040669145,0.224725883,0.081783681,10.63236378,0.220619282,0.184881603,0.140255009,0.178587361,0.039278937
1756,118,134,118134,Spring,MILLER,3,1.098612289,11.99,2.484072969,0,0.103791822,0.289442379,0.040669145,0.224725883,0.081783681,10.63236378,0.220619282,0.184881603,0.140255009,0.178587361,0.039278937
1934,118,195,118195,Summer,MILLER,10,2.302585093,11.99,2.484072969,0,0.103791822,0.289442379,0.040669145,0.224725883,0.081783681,10.63236378,0.220619282,0.184881603,0.140255009,0.178587361,0.039278937
57,119,110,119110,Fall,COORS,2,0.693147181,11.99,2.484072969,0,0.145669581,0.121574965,0.049584956,0.279952033,0.015622023,10.75271926,0.242272811,0.079484945,0.15471004,0.09285242,0.02152381
259,119,109,119109,Fall,COORS,1,0,11.99,2.484072969,0,0.145669581,0.121574965,0.049584956,0.279952033,0.015622023,10.75271926,0.242272811,0.079484945,0.15471004,0.09285242,0.02152381
481,119,169,119169,Winter,COORS,4,1.386294361,10.99,2.396985768,1,0.145669581,0.121574965,0.049584956,0.279952033,0.015622023,10.75271926,0.242272811,0.079484945,0.15471004,0.09285242,0.02152381
591,119,205,119205,Summer,COORS,2,0.693147181,10.99,2.396985768,1,0.145669581,0.121574965,0.049584956,0.279952033,0.015622023,10.75271926,0.242272811,0.079484945,0.15471004,0.09285242,0.02152381
892,119,121,119121,Winter,COORS,6,1.791759469,10.49,2.350422422,0,0.145669581,0.121574965,0.049584956,0.279952033,0.015622023,10.75271926,0.242272811,0.079484945,0.15471004,0.09285242,0.02152381
1655,119,317,119317,Fall,COORS,2,0.693147181,10.99,2.396985768,1,0.145669581,0.121574965,0.049584956,0.279952033,0.015622023,10.75271926,0.242272811,0.079484945,0.15471004,0.09285242,0.02152381
1657,119,255,119255,Summer,COORS,2,0.693147181,10.99,2.396985768,1,0.145669581,0.121574965,0.049584956,0.279952033,0.015622023,10.75271926,0.242272811,0.079484945,0.15471004,0.09285242,0.02152381
1766,119,111,119111,Fall,COORS,2,0.693147181,11.99,2.484072969,0,0.145669581,0.121574965,0.049584956,0.279952033,0.015622023,10.75271926,0.242272811,0.079484945,0.15471004,0.09285242,0.02152381
2000,119,276,119276,Winter,COORS,2,0.693147181,10.99,2.396985768,1,0.145669581,0.121574965,0.049584956,0.279952033,0.015622023,10.75271926,0.242272811,0.079484945,0.15471004,0.09285242,0.02152381
2014,119,164,119164,Fall,COORS,1,0,11.99,2.484072969,0,0.145669581,0.121574965,0.049584956,0.279952033,0.015622023,10.75271926,0.242272811,0.079484945,0.15471004,0.09285242,0.02152381
59,128,235,128235,Spring,AMSTEL,1,0,6.29,1.838961071,0,0.138208506,0.157485189,0.355911221,0.211896894,0.34014789,10.15342882,0.397690129,0.157038699,0.180931015,0.479618003,0.113527621
162,128,184,128184,Spring,AMSTEL,1,0,6.29,1.838961071,0,0.138208506,0.157485189,0.355911221,0.211896894,0.34014789,10.15342882,0.397690129,0.157038699,0.180931015,0.479618003,0.113527621
171,128,303,128303,Summer,AMSTEL,6,1.791759469,6.99,1.944480556,0,0.138208506,0.157485189,0.355911221,0.211896894,0.34014789,10.15342882,0.397690129,0.157038699,0.180931015,0.479618003,0.113527621
309,128,325,128325,Winter,AMSTEL,4,1.386294361,6.74,1.908059925,0,0.138208506,0.157485189,0.355911221,0.211896894,0.34014789,10.15342882,0.397690129,0.157038699,0.180931015,0.479618003,0.113527621
389,128,144,128144,Summer,AMSTEL,1,0,6.29,1.838961071,0,0.138208506,0.157485189,0.355911221,0.211896894,0.34014789,10.15342882,0.397690129,0.157038699,0.180931015,0.479618003,0.113527621
581,128,215,128215,Fall,AMSTEL,3,1.098612289,4.99,1.60743591,1,0.138208506,0.157485189,0.355911221,0.211896894,0.34014789,10.15342882,0.397690129,0.157038699,0.180931015,0.479618003,0.113527621
896,128,105,128105,Fall,AMSTEL,1,0,6.19,1.822935087,0,0.138208506,0.157485189,0.355911221,0.211896894,0.34014789,10.15342882,0.397690129,0.157038699,0.180931015,0.479618003,0.113527621
1074,128,227,128227,Winter,AMSTEL,3,1.098612289,6.29,1.838961071,0,0.138208506,0.157485189,0.355911221,0.211896894,0.34014789,10.15342882,0.397690129,0.157038699,0.180931015,0.479618003,0.113527621
1096,128,231,128231,Winter,AMSTEL,2,0.693147181,6.29,1.838961071,0,0.138208506,0.157485189,0.355911221,0.211896894,0.34014789,10.15342882,0.397690129,0.157038699,0.180931015,0.479618003,0.113527621
1157,128,280,128280,Winter,AMSTEL,5,1.609437912,5.99,1.790091412,1,0.138208506,0.157485189,0.355911221,0.211896894,0.34014789,10.15342882,0.397690129,0.157038699,0.180931015,0.479618003,0.113527621
1196,128,306,128306,Summer,AMSTEL,7,1.945910149,5.99,1.790091412,1,0.138208506,0.157485189,0.355911221,0.211896894,0.34014789,10.15342882,0.397690129,0.157038699,0.180931015,0.479618003,0.113527621
1222,128,254,128254,Summer,AMSTEL,8,2.079441542,6.59,1.885553349,0,0.138208506,0.157485189,0.355911221,0.211896894,0.34014789,10.15342882,0.397690129,0.157038699,0.180931015,0.479618003,0.113527621
1324,128,295,128295,Spring,AMSTEL,6,1.791759469,6.99,1.944480556,0,0.138208506,0.157485189,0.355911221,0.211896894,0.34014789,10.15342882,0.397690129,0.157038699,0.180931015,0.479618003,0.113527621
1398,128,187,128187,Spring,AMSTEL,8,2.079441542,6.29,1.838961071,0,0.138208506,0.157485189,0.355911221,0.211896894,0.34014789,10.15342882,0.397690129,0.157038699,0.180931015,0.479618003,0.113527621
1472,128,161,128161,Fall,AMSTEL,3,1.098612289,6.49,1.870262531,1,0.138208506,0.157485189,0.355911221,0.211896894,0.34014789,10.15342882,0.397690129,0.157038699,0.180931015,0.479618003,0.113527621
1544,128,194,128194,Summer,AMSTEL,16,2.772588722,4.99,1.60743591,1,0.138208506,0.157485189,0.355911221,0.211896894,0.34014789,10.15342882,0.397690129,0.157038699,0.180931015,0.479618003,0.113527621
1630,128,247,128247,Summer,AMSTEL,7,1.945910149,6.59,1.885553349,0,0.138208506,0.157485189,0.355911221,0.211896894,0.34014789,10.15342882,0.397690129,0.157038699,0.180931015,0.479618003,0.113527621
1798,128,350,128350,Summer,AMSTEL,12,2.48490665,5.99,1.790091412,1,0.138208506,0.157485189,0.355911221,0.211896894,0.34014789,10.15342882,0.397690129,0.157038699,0.180931015,0.479618003,0.113527621
1894,128,121,128121,Winter,AMSTEL,2,0.693147181,6.19,1.822935087,0,0.138208506,0.157485189,0.355911221,0.211896894,0.34014789,10.15342882,0.397690129,0.157038699,0.180931015,0.479618003,0.113527621
61,33,334,33334,Winter,AMSTEL,17,2.833213344,5.99,1.790091412,1,0.046070917,0.134169965,0.130127179,0.419688004,0.506223517,10.34592726,0.593475533,0.093755624,0.181752744,0.170470816,0.087538074
406,33,145,33145,Summer,AMSTEL,12,2.48490665,6.29,1.838961071,0,0.046070917,0.134169965,0.130127179,0.419688004,0.506223517,10.34592726,0.593475533,0.093755624,0.181752744,0.170470816,0.087538074
774,33,391,33391,Spring,AMSTEL,22,3.091042453,5.99,1.790091412,1,0.046070917,0.134169965,0.130127179,0.419688004,0.506223517,10.34592726,0.593475533,0.093755624,0.181752744,0.170470816,0.087538074
895,33,399,33399,Spring,AMSTEL,23,3.135494216,5.99,1.790091412,1,0.046070917,0.134169965,0.130127179,0.419688004,0.506223517,10.34592726,0.593475533,0.093755624,0.181752744,0.170470816,0.087538074
906,33,153,33153,Summer,AMSTEL,1,0,6.49,1.870262531,0,0.046070917,0.134169965,0.130127179,0.419688004,0.506223517,10.34592726,0.593475533,0.093755624,0.181752744,0.170470816,0.087538074
1035,33,188,33188,Spring,AMSTEL,8,2.079441542,6.29,1.838961071,0,0.046070917,0.134169965,0.130127179,0.419688004,0.506223517,10.34592726,0.593475533,0.093755624,0.181752744,0.170470816,0.087538074
1293,33,254,33254,Summer,AMSTEL,1,0,6.59,1.885553349,0,0.046070917,0.134169965,0.130127179,0.419688004,0.506223517,10.34592726,0.593475533,0.093755624,0.181752744,0.170470816,0.087538074
1441,33,182,33182,Spring,AMSTEL,5,1.609437912,6.45,1.864080131,0,0.046070917,0.134169965,0.130127179,0.419688004,0.506223517,10.34592726,0.593475533,0.093755624,0.181752744,0.170470816,0.087538074
1813,33,397,33397,Spring,AMSTEL,13,2.564949357,6.99,1.944480556,0,0.046070917,0.134169965,0.130127179,0.419688004,0.506223517,10.34592726,0.593475533,0.093755624,0.181752744,0.170470816,0.087538074
2002,33,190,33190,Spring,AMSTEL,14,2.63905733,6.29,1.838961071,0,0.046070917,0.134169965,0.130127179,0.419688004,0.506223517,10.34592726,0.593475533,0.093755624,0.181752744,0.170470816,0.087538074
2003,33,381,33381,Winter,AMSTEL,12,2.48490665,6.49,1.870262531,1,0.046070917,0.134169965,0.130127179,0.419688004,0.506223517,10.34592726,0.593475533,0.093755624,0.181752744,0.170470816,0.087538074
