Final exam/651FINALEXAM/Q1Q2V6.csv
ID,STORE,Week,STOREWEEK,Season,BRAND,MOVE,logmove,PRICE,logprice,Feat,AGE9,AGE60,ETHNIC,EDUC,NOCAR,INCOME,SINGLE,RETIRED,UNEMP,NWHITE,POVERTY
62,121,283,121283,Winter,COORS,3,1.098612289,10.99,2.396985768,1,0.131251097,0.16358133,0.039173539,0.35061287,0.023876247,10.94992897,0.252030319,0.128497937,0.171745152,0.102167047,0.016704036
131,121,181,121181,Spring,COORS,11,2.397895273,10.99,2.396985768,1,0.131251097,0.16358133,0.039173539,0.35061287,0.023876247,10.94992897,0.252030319,0.128497937,0.171745152,0.102167047,0.016704036
214,121,259,121259,Fall,COORS,7,1.945910149,11.99,2.484072969,0,0.131251097,0.16358133,0.039173539,0.35061287,0.023876247,10.94992897,0.252030319,0.128497937,0.171745152,0.102167047,0.016704036
429,121,174,121174,Winter,COORS,13,2.564949357,10.99,2.396985768,1,0.131251097,0.16358133,0.039173539,0.35061287,0.023876247,10.94992897,0.252030319,0.128497937,0.171745152,0.102167047,0.016704036
514,121,246,121246,Summer,COORS,29,3.36729583,10.99,2.396985768,1,0.131251097,0.16358133,0.039173539,0.35061287,0.023876247,10.94992897,0.252030319,0.128497937,0.171745152,0.102167047,0.016704036
622,121,155,121155,Fall,COORS,4,1.386294361,11.99,2.484072969,0,0.131251097,0.16358133,0.039173539,0.35061287,0.023876247,10.94992897,0.252030319,0.128497937,0.171745152,0.102167047,0.016704036
918,121,277,121277,Winter,COORS,6,1.791759469,10.99,2.396985768,1,0.131251097,0.16358133,0.039173539,0.35061287,0.023876247,10.94992897,0.252030319,0.128497937,0.171745152,0.102167047,0.016704036
1435,121,102,121102,Fall,COORS,6,1.791759469,10.99,2.396985768,0,0.131251097,0.16358133,0.039173539,0.35061287,0.023876247,10.94992897,0.252030319,0.128497937,0.171745152,0.102167047,0.016704036
1532,121,245,121245,Summer,COORS,18,2.890371758,10.99,2.396985768,1,0.131251097,0.16358133,0.039173539,0.35061287,0.023876247,10.94992897,0.252030319,0.128497937,0.171745152,0.102167047,0.016704036
1896,121,206,121206,Fall,COORS,15,2.708050201,11.99,2.484072969,0,0.131251097,0.16358133,0.039173539,0.35061287,0.023876247,10.94992897,0.252030319,0.128497937,0.171745152,0.102167047,0.016704036
2021,121,244,121244,Spring,COORS,5,1.609437912,11.79,2.467251715,0,0.131251097,0.16358133,0.039173539,0.35061287,0.023876247,10.94992897,0.252030319,0.128497937,0.171745152,0.102167047,0.016704036
63,117,137,117137,Spring,MILLER,27,3.295836866,10.99,2.396985768,1,0.139093717,0.110102729,0.049851894,0.249083542,0.018772197,10.76096203,0.262193178,0.076003703,0.163201751,0.114955568,0.018599932
103,117,126,117126,Winter,MILLER,16,2.772588722,11.99,2.484072969,0,0.139093717,0.110102729,0.049851894,0.249083542,0.018772197,10.76096203,0.262193178,0.076003703,0.163201751,0.114955568,0.018599932
571,117,129,117129,Spring,MILLER,23,3.135494216,10.99,2.396985768,1,0.139093717,0.110102729,0.049851894,0.249083542,0.018772197,10.76096203,0.262193178,0.076003703,0.163201751,0.114955568,0.018599932
572,117,104,117104,Fall,MILLER,53,3.970291914,9.79,2.281361457,1,0.139093717,0.110102729,0.049851894,0.249083542,0.018772197,10.76096203,0.262193178,0.076003703,0.163201751,0.114955568,0.018599932
781,117,247,117247,Summer,MILLER,42,3.737669618,10.99,2.396985768,1,0.139093717,0.110102729,0.049851894,0.249083542,0.018772197,10.76096203,0.262193178,0.076003703,0.163201751,0.114955568,0.018599932
805,117,190,117190,Spring,MILLER,22,3.091042453,11.99,2.484072969,1,0.139093717,0.110102729,0.049851894,0.249083542,0.018772197,10.76096203,0.262193178,0.076003703,0.163201751,0.114955568,0.018599932
1022,117,292,117292,Spring,MILLER,32,3.465735903,11.99,2.484072969,1,0.139093717,0.110102729,0.049851894,0.249083542,0.018772197,10.76096203,0.262193178,0.076003703,0.163201751,0.114955568,0.018599932
1349,117,105,117105,Fall,MILLER,66,4.189654742,9.79,2.281361457,1,0.139093717,0.110102729,0.049851894,0.249083542,0.018772197,10.76096203,0.262193178,0.076003703,0.163201751,0.114955568,0.018599932
1555,117,180,117180,Spring,MILLER,26,3.258096538,10.99,2.396985768,0,0.139093717,0.110102729,0.049851894,0.249083542,0.018772197,10.76096203,0.262193178,0.076003703,0.163201751,0.114955568,0.018599932
64,8,211,8211,Fall,MILLER,19,2.944438979,11.99,2.484072969,0,0.123155416,0.252394035,0.035243328,0.095173274,0.075112724,10.59700966,0.250372149,0.208451971,0.173884809,0.04599686,0.05135254
430,8,215,8215,Fall,MILLER,18,2.890371758,11.99,2.484072969,0,0.123155416,0.252394035,0.035243328,0.095173274,0.075112724,10.59700966,0.250372149,0.208451971,0.173884809,0.04599686,0.05135254
561,8,238,8238,Spring,MILLER,44,3.784189634,11.99,2.484072969,0,0.123155416,0.252394035,0.035243328,0.095173274,0.075112724,10.59700966,0.250372149,0.208451971,0.173884809,0.04599686,0.05135254
565,8,141,8141,Summer,MILLER,93,4.532599493,10.99,2.396985768,0,0.123155416,0.252394035,0.035243328,0.095173274,0.075112724,10.59700966,0.250372149,0.208451971,0.173884809,0.04599686,0.05135254
782,8,190,8190,Spring,MILLER,25,3.218875825,11.99,2.484072969,1,0.123155416,0.252394035,0.035243328,0.095173274,0.075112724,10.59700966,0.250372149,0.208451971,0.173884809,0.04599686,0.05135254
1195,8,258,8258,Fall,MILLER,47,3.850147602,10.99,2.396985768,1,0.123155416,0.252394035,0.035243328,0.095173274,0.075112724,10.59700966,0.250372149,0.208451971,0.173884809,0.04599686,0.05135254
1270,8,286,8286,Spring,MILLER,30,3.401197382,12.85,2.553343811,0,0.123155416,0.252394035,0.035243328,0.095173274,0.075112724,10.59700966,0.250372149,0.208451971,0.173884809,0.04599686,0.05135254
1454,8,306,8306,Summer,MILLER,50,3.912023005,12.51,2.526528324,0,0.123155416,0.252394035,0.035243328,0.095173274,0.075112724,10.59700966,0.250372149,0.208451971,0.173884809,0.04599686,0.05135254
1497,8,197,8197,Summer,MILLER,29,3.36729583,11.99,2.484072969,0,0.123155416,0.252394035,0.035243328,0.095173274,0.075112724,10.59700966,0.250372149,0.208451971,0.173884809,0.04599686,0.05135254
1601,8,173,8173,Winter,MILLER,20,2.995732274,10.99,2.396985768,1,0.123155416,0.252394035,0.035243328,0.095173274,0.075112724,10.59700966,0.250372149,0.208451971,0.173884809,0.04599686,0.05135254
1661,8,144,8144,Summer,MILLER,45,3.80666249,11.99,2.484072969,0,0.123155416,0.252394035,0.035243328,0.095173274,0.075112724,10.59700966,0.250372149,0.208451971,0.173884809,0.04599686,0.05135254
1908,8,95,8095,Summer,MILLER,162,5.087596335,9.49,2.250238613,1,0.123155416,0.252394035,0.035243328,0.095173274,0.075112724,10.59700966,0.250372149,0.208451971,0.173884809,0.04599686,0.05135254
1967,8,255,8255,Summer,MILLER,50,3.912023005,10.99,2.396985768,1,0.123155416,0.252394035,0.035243328,0.095173274,0.075112724,10.59700966,0.250372149,0.208451971,0.173884809,0.04599686,0.05135254
2029,8,302,8302,Summer,MILLER,94,4.543294782,10.99,2.396985768,1,0.123155416,0.252394035,0.035243328,0.095173274,0.075112724,10.59700966,0.250372149,0.208451971,0.173884809,0.04599686,0.05135254
68,84,187,84187,Spring,MILLER,48,3.871201011,10.99,2.396985768,1,0.164657284,0.122100005,0.02963639,0.188094318,0.013319672,10.76561773,0.231269528,0.108960476,0.190308609,0.057879821,0.024297424
76,84,290,84290,Spring,MILLER,25,3.218875825,12.75,2.545531272,0,0.164657284,0.122100005,0.02963639,0.188094318,0.013319672,10.76561773,0.231269528,0.108960476,0.190308609,0.057879821,0.024297424
137,84,139,84139,Spring,MILLER,32,3.465735903,11.99,2.484072969,0,0.164657284,0.122100005,0.02963639,0.188094318,0.013319672,10.76561773,0.231269528,0.108960476,0.190308609,0.057879821,0.024297424
148,84,250,84250,Summer,MILLER,60,4.094344562,10.99,2.396985768,1,0.164657284,0.122100005,0.02963639,0.188094318,0.013319672,10.76561773,0.231269528,0.108960476,0.190308609,0.057879821,0.024297424
149,84,257,84257,Summer,MILLER,65,4.17438727,11.85,2.472327868,0,0.164657284,0.122100005,0.02963639,0.188094318,0.013319672,10.76561773,0.231269528,0.108960476,0.190308609,0.057879821,0.024297424
416,84,308,84308,Summer,MILLER,64,4.158883083,10.99,2.396985768,1,0.164657284,0.122100005,0.02963639,0.188094318,0.013319672,10.76561773,0.231269528,0.108960476,0.190308609,0.057879821,0.024297424
449,84,144,84144,Summer,MILLER,46,3.828641396,11.99,2.484072969,0,0.164657284,0.122100005,0.02963639,0.188094318,0.013319672,10.76561773,0.231269528,0.108960476,0.190308609,0.057879821,0.024297424
900,84,135,84135,Spring,MILLER,18,2.890371758,11.99,2.484072969,0,0.164657284,0.122100005,0.02963639,0.188094318,0.013319672,10.76561773,0.231269528,0.108960476,0.190308609,0.057879821,0.024297424
1160,84,94,84094,Summer,MILLER,191,5.252273428,9.49,2.250238613,1,0.164657284,0.122100005,0.02963639,0.188094318,0.013319672,10.76561773,0.231269528,0.108960476,0.190308609,0.057879821,0.024297424
1163,84,288,84288,Spring,MILLER,50,3.912023005,11.99,2.484072969,1,0.164657284,0.122100005,0.02963639,0.188094318,0.013319672,10.76561773,0.231269528,0.108960476,0.190308609,0.057879821,0.024297424
1204,84,278,84278,Winter,MILLER,35,3.555348061,11.96,2.481567749,1,0.164657284,0.122100005,0.02963639,0.188094318,0.013319672,10.76561773,0.231269528,0.108960476,0.190308609,0.057879821,0.024297424
1274,84,273,84273,Winter,MILLER,34,3.526360525,11.96,2.481567749,1,0.164657284,0.122100005,0.02963639,0.188094318,0.013319672,10.76561773,0.231269528,0.108960476,0.190308609,0.057879821,0.024297424
1277,84,136,84136,Spring,MILLER,47,3.850147602,10.99,2.396985768,1,0.164657284,0.122100005,0.02963639,0.188094318,0.013319672,10.76561773,0.231269528,0.108960476,0.190308609,0.057879821,0.024297424
1548,84,301,84301,Summer,MILLER,49,3.891820298,12.66,2.538447417,0,0.164657284,0.122100005,0.02963639,0.188094318,0.013319672,10.76561773,0.231269528,0.108960476,0.190308609,0.057879821,0.024297424
1880,84,246,84246,Summer,MILLER,96,4.564348191,10.49,2.350422422,1,0.164657284,0.122100005,0.02963639,0.188094318,0.013319672,10.76561773,0.231269528,0.108960476,0.190308609,0.057879821,0.024297424
70,68,198,68198,Summer,MILLER,7,1.945910149,11.99,2.484072969,0,0.130970406,0.181417756,0.220991053,0.159721511,0.305255707,10.1883657,0.34005229,0.181246726,0.198096735,0.379215416,0.098212706
264,68,127,68127,Winter,MILLER,3,1.098612289,11.99,2.484072969,0,0.130970406,0.181417756,0.220991053,0.159721511,0.305255707,10.1883657,0.34005229,0.181246726,0.198096735,0.379215416,0.098212706
745,68,156,68156,Fall,MILLER,35,3.555348061,9.99,2.301584593,1,0.130970406,0.181417756,0.220991053,0.159721511,0.305255707,10.1883657,0.34005229,0.181246726,0.198096735,0.379215416,0.098212706
770,68,300,68300,Summer,MILLER,5,1.609437912,12.99,2.564179831,0,0.130970406,0.181417756,0.220991053,0.159721511,0.305255707,10.1883657,0.34005229,0.181246726,0.198096735,0.379215416,0.098212706
831,68,273,68273,Winter,MILLER,6,1.791759469,11.99,2.484072969,0,0.130970406,0.181417756,0.220991053,0.159721511,0.305255707,10.1883657,0.34005229,0.181246726,0.198096735,0.379215416,0.098212706
897,68,236,68236,Spring,MILLER,24,3.17805383,10.99,2.396985768,1,0.130970406,0.181417756,0.220991053,0.159721511,0.305255707,10.1883657,0.34005229,0.181246726,0.198096735,0.379215416,0.098212706
981,68,202,68202,Summer,MILLER,12,2.48490665,11.99,2.484072969,0,0.130970406,0.181417756,0.220991053,0.159721511,0.305255707,10.1883657,0.34005229,0.181246726,0.198096735,0.379215416,0.098212706
1164,68,128,68128,Spring,MILLER,13,2.564949357,10.99,2.396985768,1,0.130970406,0.181417756,0.220991053,0.159721511,0.305255707,10.1883657,0.34005229,0.181246726,0.198096735,0.379215416,0.098212706
1292,68,253,68253,Summer,MILLER,19,2.944438979,11.83,2.470638678,0,0.130970406,0.181417756,0.220991053,0.159721511,0.305255707,10.1883657,0.34005229,0.181246726,0.198096735,0.379215416,0.098212706
1345,68,224,68224,Winter,MILLER,40,3.688879454,9.99,2.301584593,1,0.130970406,0.181417756,0.220991053,0.159721511,0.305255707,10.1883657,0.34005229,0.181246726,0.198096735,0.379215416,0.098212706
1347,68,250,68250,Summer,MILLER,27,3.295836866,10.99,2.396985768,1,0.130970406,0.181417756,0.220991053,0.159721511,0.305255707,10.1883657,0.34005229,0.181246726,0.198096735,0.379215416,0.098212706
1907,68,239,68239,Spring,MILLER,27,3.295836866,11.28,2.423031246,0,0.130970406,0.181417756,0.220991053,0.159721511,0.305255707,10.1883657,0.34005229,0.181246726,0.198096735,0.379215416,0.098212706
72,132,354,132354,Summer,AMSTEL,1,0,6.99,1.944480556,0,0.146748237,0.139617348,0.273974204,0.264528441,0.032773961,10.61915425,0.25541913,0.119681566,0.188908612,0.296886568,0.041450777
109,132,167,132167,Winter,AMSTEL,2,0.693147181,6.49,1.870262531,0,0.146748237,0.139617348,0.273974204,0.264528441,0.032773961,10.61915425,0.25541913,0.119681566,0.188908612,0.296886568,0.041450777
577,132,348,132348,Spring,AMSTEL,5,1.609437912,5.99,1.790091412,1,0.146748237,0.139617348,0.273974204,0.264528441,0.032773961,10.61915425,0.25541913,0.119681566,0.188908612,0.296886568,0.041450777
717,132,164,132164,Fall,AMSTEL,2,0.693147181,6.49,1.870262531,0,0.146748237,0.139617348,0.273974204,0.264528441,0.032773961,10.61915425,0.25541913,0.119681566,0.188908612,0.296886568,0.041450777
735,132,257,132257,Summer,AMSTEL,3,1.098612289,4.99,1.60743591,1,0.146748237,0.139617348,0.273974204,0.264528441,0.032773961,10.61915425,0.25541913,0.119681566,0.188908612,0.296886568,0.041450777
899,132,318,132318,Fall,AMSTEL,3,1.098612289,5.99,1.790091412,1,0.146748237,0.139617348,0.273974204,0.264528441,0.032773961,10.61915425,0.25541913,0.119681566,0.188908612,0.296886568,0.041450777
1132,132,343,132343,Spring,AMSTEL,7,1.945910149,5.99,1.790091412,1,0.146748237,0.139617348,0.273974204,0.264528441,0.032773961,10.61915425,0.25541913,0.119681566,0.188908612,0.296886568,0.041450777
1137,132,239,132239,Spring,AMSTEL,4,1.386294361,6.59,1.885553349,0,0.146748237,0.139617348,0.273974204,0.264528441,0.032773961,10.61915425,0.25541913,0.119681566,0.188908612,0.296886568,0.041450777
1172,132,100,132100,Summer,AMSTEL,1,0,6.19,1.822935087,0,0.146748237,0.139617348,0.273974204,0.264528441,0.032773961,10.61915425,0.25541913,0.119681566,0.188908612,0.296886568,0.041450777
1318,132,298,132298,Summer,AMSTEL,5,1.609437912,5.99,1.790091412,1,0.146748237,0.139617348,0.273974204,0.264528441,0.032773961,10.61915425,0.25541913,0.119681566,0.188908612,0.296886568,0.041450777
1550,132,304,132304,Summer,AMSTEL,4,1.386294361,6.49,1.870262531,0,0.146748237,0.139617348,0.273974204,0.264528441,0.032773961,10.61915425,0.25541913,0.119681566,0.188908612,0.296886568,0.041450777
1566,132,193,132193,Summer,AMSTEL,3,1.098612289,4.99,1.60743591,1,0.146748237,0.139617348,0.273974204,0.264528441,0.032773961,10.61915425,0.25541913,0.119681566,0.188908612,0.296886568,0.041450777
1654,132,314,132314,Fall,AMSTEL,3,1.098612289,6.99,1.944480556,0,0.146748237,0.139617348,0.273974204,0.264528441,0.032773961,10.61915425,0.25541913,0.119681566,0.188908612,0.296886568,0.041450777
1676,132,251,132251,Summer,AMSTEL,5,1.609437912,6.59,1.885553349,0,0.146748237,0.139617348,0.273974204,0.264528441,0.032773961,10.61915425,0.25541913,0.119681566,0.188908612,0.296886568,0.041450777
1716,132,151,132151,Summer,AMSTEL,2,0.693147181,6.49,1.870262531,0,0.146748237,0.139617348,0.273974204,0.264528441,0.032773961,10.61915425,0.25541913,0.119681566,0.188908612,0.296886568,0.041450777
