Final exam/651FINALEXAM/Q1Q2V6.csv
ID,STORE,Week,STOREWEEK,Season,BRAND,MOVE,logmove,PRICE,logprice,Feat,AGE9,AGE60,ETHNIC,EDUC,NOCAR,INCOME,SINGLE,RETIRED,UNEMP,NWHITE,POVERTY
74,9,369,9369,Fall,AMSTEL,10,2.302585093,5.49,1.702928256,1,0.103503097,0.269119018,0.032618826,0.222172318,0.040127944,10.78715178,0.230005193,0.168280872,0.14205004,0.129981909,0.028060483
128,9,276,9276,Winter,AMSTEL,4,1.386294361,6.59,1.885553349,0,0.103503097,0.269119018,0.032618826,0.222172318,0.040127944,10.78715178,0.230005193,0.168280872,0.14205004,0.129981909,0.028060483
163,9,189,9189,Spring,AMSTEL,1,0,6.29,1.838961071,0,0.103503097,0.269119018,0.032618826,0.222172318,0.040127944,10.78715178,0.230005193,0.168280872,0.14205004,0.129981909,0.028060483
480,9,245,9245,Summer,AMSTEL,4,1.386294361,4.99,1.60743591,1,0.103503097,0.269119018,0.032618826,0.222172318,0.040127944,10.78715178,0.230005193,0.168280872,0.14205004,0.129981909,0.028060483
594,9,341,9341,Spring,AMSTEL,1,0,6.99,1.944480556,0,0.103503097,0.269119018,0.032618826,0.222172318,0.040127944,10.78715178,0.230005193,0.168280872,0.14205004,0.129981909,0.028060483
683,9,128,9128,Spring,AMSTEL,1,0,6.29,1.838961071,0,0.103503097,0.269119018,0.032618826,0.222172318,0.040127944,10.78715178,0.230005193,0.168280872,0.14205004,0.129981909,0.028060483
775,9,95,9095,Summer,AMSTEL,1,0,6.19,1.822935087,0,0.103503097,0.269119018,0.032618826,0.222172318,0.040127944,10.78715178,0.230005193,0.168280872,0.14205004,0.129981909,0.028060483
921,9,187,9187,Spring,AMSTEL,1,0,6.29,1.838961071,0,0.103503097,0.269119018,0.032618826,0.222172318,0.040127944,10.78715178,0.230005193,0.168280872,0.14205004,0.129981909,0.028060483
939,9,249,9249,Summer,AMSTEL,3,1.098612289,6.59,1.885553349,0,0.103503097,0.269119018,0.032618826,0.222172318,0.040127944,10.78715178,0.230005193,0.168280872,0.14205004,0.129981909,0.028060483
1218,9,370,9370,Fall,AMSTEL,10,2.302585093,5.49,1.702928256,1,0.103503097,0.269119018,0.032618826,0.222172318,0.040127944,10.78715178,0.230005193,0.168280872,0.14205004,0.129981909,0.028060483
1350,9,317,9317,Fall,AMSTEL,5,1.609437912,5.99,1.790091412,1,0.103503097,0.269119018,0.032618826,0.222172318,0.040127944,10.78715178,0.230005193,0.168280872,0.14205004,0.129981909,0.028060483
1377,9,300,9300,Summer,AMSTEL,1,0,6.99,1.944480556,0,0.103503097,0.269119018,0.032618826,0.222172318,0.040127944,10.78715178,0.230005193,0.168280872,0.14205004,0.129981909,0.028060483
1448,9,251,9251,Summer,AMSTEL,3,1.098612289,6.59,1.885553349,0,0.103503097,0.269119018,0.032618826,0.222172318,0.040127944,10.78715178,0.230005193,0.168280872,0.14205004,0.129981909,0.028060483
1579,9,310,9310,Fall,AMSTEL,5,1.609437912,5.99,1.790091412,1,0.103503097,0.269119018,0.032618826,0.222172318,0.040127944,10.78715178,0.230005193,0.168280872,0.14205004,0.129981909,0.028060483
1618,9,324,9324,Winter,AMSTEL,1,0,6.99,1.944480556,0,0.103503097,0.269119018,0.032618826,0.222172318,0.040127944,10.78715178,0.230005193,0.168280872,0.14205004,0.129981909,0.028060483
1668,9,176,9176,Winter,AMSTEL,5,1.609437912,4.99,1.60743591,1,0.103503097,0.269119018,0.032618826,0.222172318,0.040127944,10.78715178,0.230005193,0.168280872,0.14205004,0.129981909,0.028060483
1770,9,335,9335,Winter,AMSTEL,7,1.945910149,5.99,1.790091412,1,0.103503097,0.269119018,0.032618826,0.222172318,0.040127944,10.78715178,0.230005193,0.168280872,0.14205004,0.129981909,0.028060483
1913,9,133,9133,Spring,AMSTEL,1,0,6.29,1.838961071,0,0.103503097,0.269119018,0.032618826,0.222172318,0.040127944,10.78715178,0.230005193,0.168280872,0.14205004,0.129981909,0.028060483
1946,9,360,9360,Summer,AMSTEL,3,1.098612289,6.99,1.944480556,0,0.103503097,0.269119018,0.032618826,0.222172318,0.040127944,10.78715178,0.230005193,0.168280872,0.14205004,0.129981909,0.028060483
2034,9,389,9389,Spring,AMSTEL,2,0.693147181,6.49,1.870262531,1,0.103503097,0.269119018,0.032618826,0.222172318,0.040127944,10.78715178,0.230005193,0.168280872,0.14205004,0.129981909,0.028060483
75,95,110,95110,Fall,MILLER,9,2.197224577,11.99,2.484072969,0,0.112635331,0.230717504,0.096900007,0.085642082,0.251879699,10.38347245,0.278678004,0.210125114,0.187505179,0.126487795,0.078619039
166,95,203,95203,Summer,MILLER,38,3.63758616,10.99,2.396985768,1,0.112635331,0.230717504,0.096900007,0.085642082,0.251879699,10.38347245,0.278678004,0.210125114,0.187505179,0.126487795,0.078619039
601,95,286,95286,Spring,MILLER,16,2.772588722,12.86,2.554121719,0,0.112635331,0.230717504,0.096900007,0.085642082,0.251879699,10.38347245,0.278678004,0.210125114,0.187505179,0.126487795,0.078619039
609,95,196,95196,Summer,MILLER,42,3.737669618,11.99,2.484072969,0,0.112635331,0.230717504,0.096900007,0.085642082,0.251879699,10.38347245,0.278678004,0.210125114,0.187505179,0.126487795,0.078619039
687,95,126,95126,Winter,MILLER,14,2.63905733,11.99,2.484072969,0,0.112635331,0.230717504,0.096900007,0.085642082,0.251879699,10.38347245,0.278678004,0.210125114,0.187505179,0.126487795,0.078619039
730,95,234,95234,Spring,MILLER,3,1.098612289,11.99,2.484072969,1,0.112635331,0.230717504,0.096900007,0.085642082,0.251879699,10.38347245,0.278678004,0.210125114,0.187505179,0.126487795,0.078619039
1131,95,235,95235,Spring,MILLER,22,3.091042453,11.03,2.400618833,0,0.112635331,0.230717504,0.096900007,0.085642082,0.251879699,10.38347245,0.278678004,0.210125114,0.187505179,0.126487795,0.078619039
1185,95,232,95232,Spring,MILLER,19,2.944438979,11.04,2.401525041,0,0.112635331,0.230717504,0.096900007,0.085642082,0.251879699,10.38347245,0.278678004,0.210125114,0.187505179,0.126487795,0.078619039
1258,95,112,95112,Fall,MILLER,22,3.091042453,10.49,2.350422422,1,0.112635331,0.230717504,0.096900007,0.085642082,0.251879699,10.38347245,0.278678004,0.210125114,0.187505179,0.126487795,0.078619039
1844,95,266,95266,Fall,MILLER,26,3.258096538,11.75,2.463853241,0,0.112635331,0.230717504,0.096900007,0.085642082,0.251879699,10.38347245,0.278678004,0.210125114,0.187505179,0.126487795,0.078619039
1862,95,105,95105,Fall,MILLER,34,3.526360525,9.79,2.281361457,1,0.112635331,0.230717504,0.096900007,0.085642082,0.251879699,10.38347245,0.278678004,0.210125114,0.187505179,0.126487795,0.078619039
2017,95,147,95147,Summer,MILLER,9,2.197224577,10.49,2.350422422,1,0.112635331,0.230717504,0.096900007,0.085642082,0.251879699,10.38347245,0.278678004,0.210125114,0.187505179,0.126487795,0.078619039
78,103,231,103231,Winter,COORS,3,1.098612289,11.99,2.484072969,0,0.185393984,0.058053966,0.187760899,0.194621102,0.015063237,10.58524512,0.262553802,0.063029284,0.212877368,0.227740242,0.033110701
86,103,289,103289,Spring,COORS,7,1.945910149,11.99,2.484072969,1,0.185393984,0.058053966,0.187760899,0.194621102,0.015063237,10.58524512,0.262553802,0.063029284,0.212877368,0.227740242,0.033110701
248,103,102,103102,Fall,COORS,3,1.098612289,10.99,2.396985768,0,0.185393984,0.058053966,0.187760899,0.194621102,0.015063237,10.58524512,0.262553802,0.063029284,0.212877368,0.227740242,0.033110701
359,103,164,103164,Fall,COORS,2,0.693147181,11.99,2.484072969,0,0.185393984,0.058053966,0.187760899,0.194621102,0.015063237,10.58524512,0.262553802,0.063029284,0.212877368,0.227740242,0.033110701
380,103,123,103123,Winter,COORS,2,0.693147181,11.99,2.484072969,0,0.185393984,0.058053966,0.187760899,0.194621102,0.015063237,10.58524512,0.262553802,0.063029284,0.212877368,0.227740242,0.033110701
397,103,221,103221,Winter,COORS,4,1.386294361,10.99,2.396985768,0,0.185393984,0.058053966,0.187760899,0.194621102,0.015063237,10.58524512,0.262553802,0.063029284,0.212877368,0.227740242,0.033110701
423,103,212,103212,Fall,COORS,3,1.098612289,11.99,2.484072969,0,0.185393984,0.058053966,0.187760899,0.194621102,0.015063237,10.58524512,0.262553802,0.063029284,0.212877368,0.227740242,0.033110701
715,103,305,103305,Summer,COORS,9,2.197224577,12.99,2.564179831,0,0.185393984,0.058053966,0.187760899,0.194621102,0.015063237,10.58524512,0.262553802,0.063029284,0.212877368,0.227740242,0.033110701
832,103,295,103295,Spring,COORS,2,0.693147181,12.99,2.564179831,0,0.185393984,0.058053966,0.187760899,0.194621102,0.015063237,10.58524512,0.262553802,0.063029284,0.212877368,0.227740242,0.033110701
1024,103,217,103217,Fall,COORS,5,1.609437912,10.99,2.396985768,0,0.185393984,0.058053966,0.187760899,0.194621102,0.015063237,10.58524512,0.262553802,0.063029284,0.212877368,0.227740242,0.033110701
1143,103,210,103210,Fall,COORS,8,2.079441542,10.49,2.350422422,1,0.185393984,0.058053966,0.187760899,0.194621102,0.015063237,10.58524512,0.262553802,0.063029284,0.212877368,0.227740242,0.033110701
1245,103,273,103273,Winter,COORS,14,2.63905733,10.99,2.396985768,1,0.185393984,0.058053966,0.187760899,0.194621102,0.015063237,10.58524512,0.262553802,0.063029284,0.212877368,0.227740242,0.033110701
1287,103,159,103159,Fall,COORS,2,0.693147181,11.99,2.484072969,0,0.185393984,0.058053966,0.187760899,0.194621102,0.015063237,10.58524512,0.262553802,0.063029284,0.212877368,0.227740242,0.033110701
1329,103,173,103173,Winter,COORS,6,1.791759469,11.99,2.484072969,0,0.185393984,0.058053966,0.187760899,0.194621102,0.015063237,10.58524512,0.262553802,0.063029284,0.212877368,0.227740242,0.033110701
1582,103,270,103270,Fall,COORS,14,2.63905733,11.99,2.484072969,0,0.185393984,0.058053966,0.187760899,0.194621102,0.015063237,10.58524512,0.262553802,0.063029284,0.212877368,0.227740242,0.033110701
2010,103,152,103152,Summer,COORS,8,2.079441542,11.99,2.484072969,0,0.185393984,0.058053966,0.187760899,0.194621102,0.015063237,10.58524512,0.262553802,0.063029284,0.212877368,0.227740242,0.033110701
79,130,92,130092,Summer,MILLER,4,1.386294361,11.99,2.484072969,0,0.150929181,0.145117314,0.984896319,0.143406846,0.407351505,9.966650127,0.426659256,0.173900279,0.231883349,0.983640669,0.193144481
293,130,269,130269,Fall,MILLER,7,1.945910149,11.99,2.484072969,0,0.150929181,0.145117314,0.984896319,0.143406846,0.407351505,9.966650127,0.426659256,0.173900279,0.231883349,0.983640669,0.193144481
1109,130,113,130113,Fall,MILLER,4,1.386294361,10.49,2.350422422,1,0.150929181,0.145117314,0.984896319,0.143406846,0.407351505,9.966650127,0.426659256,0.173900279,0.231883349,0.983640669,0.193144481
1119,130,240,130240,Spring,MILLER,6,1.791759469,10.99,2.396985768,1,0.150929181,0.145117314,0.984896319,0.143406846,0.407351505,9.966650127,0.426659256,0.173900279,0.231883349,0.983640669,0.193144481
1142,130,210,130210,Fall,MILLER,9,2.197224577,10.99,2.396985768,1,0.150929181,0.145117314,0.984896319,0.143406846,0.407351505,9.966650127,0.426659256,0.173900279,0.231883349,0.983640669,0.193144481
1483,130,100,130100,Summer,MILLER,15,2.708050201,9.99,2.301584593,1,0.150929181,0.145117314,0.984896319,0.143406846,0.407351505,9.966650127,0.426659256,0.173900279,0.231883349,0.983640669,0.193144481
1679,130,223,130223,Winter,MILLER,15,2.708050201,9.99,2.301584593,1,0.150929181,0.145117314,0.984896319,0.143406846,0.407351505,9.966650127,0.426659256,0.173900279,0.231883349,0.983640669,0.193144481
1818,130,124,130124,Winter,MILLER,12,2.48490665,10.99,2.396985768,1,0.150929181,0.145117314,0.984896319,0.143406846,0.407351505,9.966650127,0.426659256,0.173900279,0.231883349,0.983640669,0.193144481
1954,130,215,130215,Fall,MILLER,2,0.693147181,11.99,2.484072969,0,0.150929181,0.145117314,0.984896319,0.143406846,0.407351505,9.966650127,0.426659256,0.173900279,0.231883349,0.983640669,0.193144481
1989,130,290,130290,Spring,MILLER,3,1.098612289,12.32,2.511223958,0,0.150929181,0.145117314,0.984896319,0.143406846,0.407351505,9.966650127,0.426659256,0.173900279,0.231883349,0.983640669,0.193144481
2051,130,216,130216,Fall,MILLER,9,2.197224577,9.99,2.301584593,1,0.150929181,0.145117314,0.984896319,0.143406846,0.407351505,9.966650127,0.426659256,0.173900279,0.231883349,0.983640669,0.193144481
81,94,306,94306,Summer,MILLER,25,3.218875825,12.27,2.507157259,1,0.160410056,0.103002197,0.059311691,0.229390404,0.012373453,10.7445158,0.245199033,0.080267559,0.177190635,0.12780083,0.033192686
267,94,114,94114,Fall,MILLER,13,2.564949357,11.99,2.484072969,0,0.160410056,0.103002197,0.059311691,0.229390404,0.012373453,10.7445158,0.245199033,0.080267559,0.177190635,0.12780083,0.033192686
605,94,196,94196,Summer,MILLER,23,3.135494216,11.99,2.484072969,0,0.160410056,0.103002197,0.059311691,0.229390404,0.012373453,10.7445158,0.245199033,0.080267559,0.177190635,0.12780083,0.033192686
611,94,253,94253,Summer,MILLER,33,3.496507561,11.86,2.473171394,0,0.160410056,0.103002197,0.059311691,0.229390404,0.012373453,10.7445158,0.245199033,0.080267559,0.177190635,0.12780083,0.033192686
997,94,203,94203,Summer,MILLER,38,3.63758616,10.99,2.396985768,1,0.160410056,0.103002197,0.059311691,0.229390404,0.012373453,10.7445158,0.245199033,0.080267559,0.177190635,0.12780083,0.033192686
1026,94,231,94231,Winter,MILLER,21,3.044522438,10.99,2.396985768,1,0.160410056,0.103002197,0.059311691,0.229390404,0.012373453,10.7445158,0.245199033,0.080267559,0.177190635,0.12780083,0.033192686
1242,94,267,94267,Fall,MILLER,37,3.610917913,10.99,2.396985768,1,0.160410056,0.103002197,0.059311691,0.229390404,0.012373453,10.7445158,0.245199033,0.080267559,0.177190635,0.12780083,0.033192686
2055,94,175,94175,Winter,MILLER,31,3.433987204,11.99,2.484072969,0,0.160410056,0.103002197,0.059311691,0.229390404,0.012373453,10.7445158,0.245199033,0.080267559,0.177190635,0.12780083,0.033192686
82,123,204,123204,Summer,AMSTEL,4,1.386294361,6.29,1.838961071,0,0.138477591,0.176040942,0.204809699,0.153191489,0.241944444,10.33410045,0.316291161,0.175150378,0.196106332,0.395160489,0.087524312
141,123,313,123313,Fall,AMSTEL,1,0,6.99,1.944480556,0,0.138477591,0.176040942,0.204809699,0.153191489,0.241944444,10.33410045,0.316291161,0.175150378,0.196106332,0.395160489,0.087524312
245,123,290,123290,Spring,AMSTEL,2,0.693147181,6.99,1.944480556,0,0.138477591,0.176040942,0.204809699,0.153191489,0.241944444,10.33410045,0.316291161,0.175150378,0.196106332,0.395160489,0.087524312
337,123,105,123105,Fall,AMSTEL,1,0,6.19,1.822935087,0,0.138477591,0.176040942,0.204809699,0.153191489,0.241944444,10.33410045,0.316291161,0.175150378,0.196106332,0.395160489,0.087524312
607,123,165,123165,Fall,AMSTEL,1,0,6.49,1.870262531,0,0.138477591,0.176040942,0.204809699,0.153191489,0.241944444,10.33410045,0.316291161,0.175150378,0.196106332,0.395160489,0.087524312
653,123,209,123209,Fall,AMSTEL,3,1.098612289,4.99,1.60743591,1,0.138477591,0.176040942,0.204809699,0.153191489,0.241944444,10.33410045,0.316291161,0.175150378,0.196106332,0.395160489,0.087524312
861,123,91,123091,Summer,AMSTEL,5,1.609437912,6.19,1.822935087,0,0.138477591,0.176040942,0.204809699,0.153191489,0.241944444,10.33410045,0.316291161,0.175150378,0.196106332,0.395160489,0.087524312
952,123,247,123247,Summer,AMSTEL,1,0,6.59,1.885553349,0,0.138477591,0.176040942,0.204809699,0.153191489,0.241944444,10.33410045,0.316291161,0.175150378,0.196106332,0.395160489,0.087524312
1100,123,226,123226,Winter,AMSTEL,3,1.098612289,6.29,1.838961071,0,0.138477591,0.176040942,0.204809699,0.153191489,0.241944444,10.33410045,0.316291161,0.175150378,0.196106332,0.395160489,0.087524312
1152,123,272,123272,Winter,AMSTEL,2,0.693147181,6.59,1.885553349,0,0.138477591,0.176040942,0.204809699,0.153191489,0.241944444,10.33410045,0.316291161,0.175150378,0.196106332,0.395160489,0.087524312
1691,123,273,123273,Winter,AMSTEL,2,0.693147181,6.59,1.885553349,0,0.138477591,0.176040942,0.204809699,0.153191489,0.241944444,10.33410045,0.316291161,0.175150378,0.196106332,0.395160489,0.087524312
1860,123,241,123241,Spring,AMSTEL,2,0.693147181,6.59,1.885553349,0,0.138477591,0.176040942,0.204809699,0.153191489,0.241944444,10.33410045,0.316291161,0.175150378,0.196106332,0.395160489,0.087524312
1945,123,210,123210,Fall,AMSTEL,7,1.945910149,4.99,1.60743591,1,0.138477591,0.176040942,0.204809699,0.153191489,0.241944444,10.33410045,0.316291161,0.175150378,0.196106332,0.395160489,0.087524312
84,77,227,77227,Winter,COORS,1,0,10.99,2.396985768,0,0.174716756,0.10110045,0.073507887,0.376871097,0.016867843,10.98312087,0.230663978,0.096568962,0.18200409,0.116441698,0.025692617
91,77,186,77186,Spring,COORS,3,1.098612289,10.99,2.396985768,1,0.174716756,0.10110045,0.073507887,0.376871097,0.016867843,10.98312087,0.230663978,0.096568962,0.18200409,0.116441698,0.025692617
96,77,231,77231,Winter,COORS,1,0,11.99,2.484072969,0,0.174716756,0.10110045,0.073507887,0.376871097,0.016867843,10.98312087,0.230663978,0.096568962,0.18200409,0.116441698,0.025692617
321,77,226,77226,Winter,COORS,2,0.693147181,10.99,2.396985768,0,0.174716756,0.10110045,0.073507887,0.376871097,0.016867843,10.98312087,0.230663978,0.096568962,0.18200409,0.116441698,0.025692617
381,77,257,77257,Summer,COORS,8,2.079441542,11.99,2.484072969,0,0.174716756,0.10110045,0.073507887,0.376871097,0.016867843,10.98312087,0.230663978,0.096568962,0.18200409,0.116441698,0.025692617
894,77,259,77259,Fall,COORS,4,1.386294361,11.99,2.484072969,0,0.174716756,0.10110045,0.073507887,0.376871097,0.016867843,10.98312087,0.230663978,0.096568962,0.18200409,0.116441698,0.025692617
1049,77,201,77201,Summer,COORS,9,2.197224577,9.99,2.301584593,1,0.174716756,0.10110045,0.073507887,0.376871097,0.016867843,10.98312087,0.230663978,0.096568962,0.18200409,0.116441698,0.025692617
1140,77,236,77236,Spring,COORS,3,1.098612289,10.99,2.396985768,1,0.174716756,0.10110045,0.073507887,0.376871097,0.016867843,10.98312087,0.230663978,0.096568962,0.18200409,0.116441698,0.025692617
1252,77,150,77150,Summer,COORS,8,2.079441542,10.99,2.396985768,0,0.174716756,0.10110045,0.073507887,0.376871097,0.016867843,10.98312087,0.230663978,0.096568962,0.18200409,0.116441698,0.025692617
1353,77,98,77098,Summer,COORS,3,1.098612289,11.99,2.484072969,0,0.174716756,0.10110045,0.073507887,0.376871097,0.016867843,10.98312087,0.230663978,0.096568962,0.18200409,0.116441698,0.025692617
1366,77,148,77148,Summer,COORS,3,1.098612289,10.49,2.350422422,0,0.174716756,0.10110045,0.073507887,0.376871097,0.016867843,10.98312087,0.230663978,0.096568962,0.18200409,0.116441698,0.025692617
