Final exam/651FINALEXAM/Q1Q2V6.csv
ID,STORE,Week,STOREWEEK,Season,BRAND,MOVE,logmove,PRICE,logprice,Feat,AGE9,AGE60,ETHNIC,EDUC,NOCAR,INCOME,SINGLE,RETIRED,UNEMP,NWHITE,POVERTY
85,134,191,134191,Spring,MILLER,83,4.418840608,10.99,2.396985768,1,0.192817818,0.090152653,0.105855856,0.247949139,0.021371673,10.7225182,0.219711825,0.0901507,0.19465375,0.133508509,0.027977463
292,134,266,134266,Fall,MILLER,60,4.094344562,11.79,2.467251715,0,0.192817818,0.090152653,0.105855856,0.247949139,0.021371673,10.7225182,0.219711825,0.0901507,0.19465375,0.133508509,0.027977463
582,134,168,134168,Winter,MILLER,58,4.060443011,10.99,2.396985768,1,0.192817818,0.090152653,0.105855856,0.247949139,0.021371673,10.7225182,0.219711825,0.0901507,0.19465375,0.133508509,0.027977463
628,134,135,134135,Spring,MILLER,40,3.688879454,11.99,2.484072969,0,0.192817818,0.090152653,0.105855856,0.247949139,0.021371673,10.7225182,0.219711825,0.0901507,0.19465375,0.133508509,0.027977463
698,134,209,134209,Fall,MILLER,62,4.127134385,10.99,2.396985768,1,0.192817818,0.090152653,0.105855856,0.247949139,0.021371673,10.7225182,0.219711825,0.0901507,0.19465375,0.133508509,0.027977463
822,134,113,134113,Fall,MILLER,45,3.80666249,10.49,2.350422422,1,0.192817818,0.090152653,0.105855856,0.247949139,0.021371673,10.7225182,0.219711825,0.0901507,0.19465375,0.133508509,0.027977463
978,134,109,134109,Fall,MILLER,40,3.688879454,10.49,2.350422422,1,0.192817818,0.090152653,0.105855856,0.247949139,0.021371673,10.7225182,0.219711825,0.0901507,0.19465375,0.133508509,0.027977463
1247,134,161,134161,Fall,MILLER,41,3.713572067,11.99,2.484072969,1,0.192817818,0.090152653,0.105855856,0.247949139,0.021371673,10.7225182,0.219711825,0.0901507,0.19465375,0.133508509,0.027977463
1385,134,305,134305,Summer,MILLER,86,4.454347296,12.99,2.564179831,0,0.192817818,0.090152653,0.105855856,0.247949139,0.021371673,10.7225182,0.219711825,0.0901507,0.19465375,0.133508509,0.027977463
1416,134,131,134131,Spring,MILLER,27,3.295836866,11.99,2.484072969,0,0.192817818,0.090152653,0.105855856,0.247949139,0.021371673,10.7225182,0.219711825,0.0901507,0.19465375,0.133508509,0.027977463
1750,134,124,134124,Winter,MILLER,36,3.583518938,10.99,2.396985768,1,0.192817818,0.090152653,0.105855856,0.247949139,0.021371673,10.7225182,0.219711825,0.0901507,0.19465375,0.133508509,0.027977463
88,70,200,70200,Summer,COORS,48,3.871201011,9.99,2.301584593,1,0.143345982,0.190235804,0.162860821,0.165669605,0.081125525,10.41235125,0.26475788,0.179099737,0.19729558,0.175159236,0.087977343
152,70,309,70309,Summer,COORS,4,1.386294361,12.99,2.564179831,0,0.143345982,0.190235804,0.162860821,0.165669605,0.081125525,10.41235125,0.26475788,0.179099737,0.19729558,0.175159236,0.087977343
204,70,135,70135,Spring,COORS,1,0,10.99,2.396985768,1,0.143345982,0.190235804,0.162860821,0.165669605,0.081125525,10.41235125,0.26475788,0.179099737,0.19729558,0.175159236,0.087977343
284,70,272,70272,Winter,COORS,1,0,10.99,2.396985768,1,0.143345982,0.190235804,0.162860821,0.165669605,0.081125525,10.41235125,0.26475788,0.179099737,0.19729558,0.175159236,0.087977343
348,70,106,70106,Fall,COORS,3,1.098612289,9.99,2.301584593,1,0.143345982,0.190235804,0.162860821,0.165669605,0.081125525,10.41235125,0.26475788,0.179099737,0.19729558,0.175159236,0.087977343
362,70,296,70296,Spring,COORS,1,0,12.99,2.564179831,0,0.143345982,0.190235804,0.162860821,0.165669605,0.081125525,10.41235125,0.26475788,0.179099737,0.19729558,0.175159236,0.087977343
376,70,96,70096,Summer,COORS,3,1.098612289,9.69,2.271094426,1,0.143345982,0.190235804,0.162860821,0.165669605,0.081125525,10.41235125,0.26475788,0.179099737,0.19729558,0.175159236,0.087977343
627,70,237,70237,Spring,COORS,1,0,10.99,2.396985768,1,0.143345982,0.190235804,0.162860821,0.165669605,0.081125525,10.41235125,0.26475788,0.179099737,0.19729558,0.175159236,0.087977343
714,70,187,70187,Spring,COORS,1,0,11.99,2.484072969,0,0.143345982,0.190235804,0.162860821,0.165669605,0.081125525,10.41235125,0.26475788,0.179099737,0.19729558,0.175159236,0.087977343
1295,70,302,70302,Summer,COORS,3,1.098612289,11.99,2.484072969,1,0.143345982,0.190235804,0.162860821,0.165669605,0.081125525,10.41235125,0.26475788,0.179099737,0.19729558,0.175159236,0.087977343
1412,70,313,70313,Fall,COORS,19,2.944438979,9.99,2.301584593,1,0.143345982,0.190235804,0.162860821,0.165669605,0.081125525,10.41235125,0.26475788,0.179099737,0.19729558,0.175159236,0.087977343
89,137,324,137324,Winter,AMSTEL,6,1.791759469,6.99,1.944480556,0,0.146442828,0.20960245,0.11324985,0.528362014,0.104093567,10.96648993,0.237442293,0.18801949,0.178991115,0.15125499,0.038157895
401,137,289,137289,Spring,AMSTEL,5,1.609437912,6.99,1.944480556,0,0.146442828,0.20960245,0.11324985,0.528362014,0.104093567,10.96648993,0.237442293,0.18801949,0.178991115,0.15125499,0.038157895
464,137,253,137253,Summer,AMSTEL,8,2.079441542,6.59,1.885553349,0,0.146442828,0.20960245,0.11324985,0.528362014,0.104093567,10.96648993,0.237442293,0.18801949,0.178991115,0.15125499,0.038157895
726,137,308,137308,Summer,AMSTEL,6,1.791759469,6.99,1.944480556,0,0.146442828,0.20960245,0.11324985,0.528362014,0.104093567,10.96648993,0.237442293,0.18801949,0.178991115,0.15125499,0.038157895
753,137,351,137351,Summer,AMSTEL,9,2.197224577,6.99,1.944480556,0,0.146442828,0.20960245,0.11324985,0.528362014,0.104093567,10.96648993,0.237442293,0.18801949,0.178991115,0.15125499,0.038157895
784,137,398,137398,Spring,AMSTEL,12,2.48490665,6.99,1.944480556,0,0.146442828,0.20960245,0.11324985,0.528362014,0.104093567,10.96648993,0.237442293,0.18801949,0.178991115,0.15125499,0.038157895
1528,137,315,137315,Fall,AMSTEL,5,1.609437912,6.99,1.944480556,0,0.146442828,0.20960245,0.11324985,0.528362014,0.104093567,10.96648993,0.237442293,0.18801949,0.178991115,0.15125499,0.038157895
1542,137,267,137267,Fall,AMSTEL,16,2.772588722,6.59,1.885553349,0,0.146442828,0.20960245,0.11324985,0.528362014,0.104093567,10.96648993,0.237442293,0.18801949,0.178991115,0.15125499,0.038157895
92,33,223,33223,Winter,MILLER,4,1.386294361,9.99,2.301584593,1,0.046070917,0.134169965,0.130127179,0.419688004,0.506223517,10.34592726,0.593475533,0.093755624,0.181752744,0.170470816,0.087538074
365,33,229,33229,Winter,MILLER,63,4.143134726,9.99,2.301584593,1,0.046070917,0.134169965,0.130127179,0.419688004,0.506223517,10.34592726,0.593475533,0.093755624,0.181752744,0.170470816,0.087538074
466,33,151,33151,Summer,MILLER,14,2.63905733,10.99,2.396985768,1,0.046070917,0.134169965,0.130127179,0.419688004,0.506223517,10.34592726,0.593475533,0.093755624,0.181752744,0.170470816,0.087538074
474,33,305,33305,Summer,MILLER,1,0,12.99,2.564179831,0,0.046070917,0.134169965,0.130127179,0.419688004,0.506223517,10.34592726,0.593475533,0.093755624,0.181752744,0.170470816,0.087538074
496,33,200,33200,Summer,MILLER,34,3.526360525,10.49,2.350422422,1,0.046070917,0.134169965,0.130127179,0.419688004,0.506223517,10.34592726,0.593475533,0.093755624,0.181752744,0.170470816,0.087538074
762,33,300,33300,Summer,MILLER,10,2.302585093,12.99,2.564179831,0,0.046070917,0.134169965,0.130127179,0.419688004,0.506223517,10.34592726,0.593475533,0.093755624,0.181752744,0.170470816,0.087538074
817,33,215,33215,Fall,MILLER,8,2.079441542,11.99,2.484072969,0,0.046070917,0.134169965,0.130127179,0.419688004,0.506223517,10.34592726,0.593475533,0.093755624,0.181752744,0.170470816,0.087538074
1193,33,160,33160,Fall,MILLER,4,1.386294361,10.99,2.396985768,1,0.046070917,0.134169965,0.130127179,0.419688004,0.506223517,10.34592726,0.593475533,0.093755624,0.181752744,0.170470816,0.087538074
1592,33,251,33251,Summer,MILLER,2,0.693147181,10.99,2.396985768,1,0.046070917,0.134169965,0.130127179,0.419688004,0.506223517,10.34592726,0.593475533,0.093755624,0.181752744,0.170470816,0.087538074
1856,33,93,33093,Summer,MILLER,17,2.833213344,11.99,2.484072969,1,0.046070917,0.134169965,0.130127179,0.419688004,0.506223517,10.34592726,0.593475533,0.093755624,0.181752744,0.170470816,0.087538074
1905,33,260,33260,Fall,MILLER,14,2.63905733,10.99,2.396985768,1,0.046070917,0.134169965,0.130127179,0.419688004,0.506223517,10.34592726,0.593475533,0.093755624,0.181752744,0.170470816,0.087538074
95,78,248,78248,Summer,COORS,2,0.693147181,11.99,2.484072969,0,0.155391168,0.111947994,0.056086079,0.314432275,0.013869969,10.95917494,0.246319072,0.092356301,0.165633734,0.135619816,0.017341756
666,78,220,78220,Winter,COORS,3,1.098612289,9.99,2.301584593,1,0.155391168,0.111947994,0.056086079,0.314432275,0.013869969,10.95917494,0.246319072,0.092356301,0.165633734,0.135619816,0.017341756
1091,78,293,78293,Spring,COORS,6,1.791759469,11.99,2.484072969,1,0.155391168,0.111947994,0.056086079,0.314432275,0.013869969,10.95917494,0.246319072,0.092356301,0.165633734,0.135619816,0.017341756
1107,78,192,78192,Spring,COORS,8,2.079441542,9.99,2.301584593,1,0.155391168,0.111947994,0.056086079,0.314432275,0.013869969,10.95917494,0.246319072,0.092356301,0.165633734,0.135619816,0.017341756
1343,78,195,78195,Summer,COORS,11,2.397895273,9.99,2.301584593,1,0.155391168,0.111947994,0.056086079,0.314432275,0.013869969,10.95917494,0.246319072,0.092356301,0.165633734,0.135619816,0.017341756
1709,78,135,78135,Spring,COORS,4,1.386294361,10.99,2.396985768,1,0.155391168,0.111947994,0.056086079,0.314432275,0.013869969,10.95917494,0.246319072,0.092356301,0.165633734,0.135619816,0.017341756
1829,78,227,78227,Winter,COORS,1,0,10.99,2.396985768,0,0.155391168,0.111947994,0.056086079,0.314432275,0.013869969,10.95917494,0.246319072,0.092356301,0.165633734,0.135619816,0.017341756
1852,78,277,78277,Winter,COORS,1,0,10.99,2.396985768,1,0.155391168,0.111947994,0.056086079,0.314432275,0.013869969,10.95917494,0.246319072,0.092356301,0.165633734,0.135619816,0.017341756
1975,78,108,78108,Fall,COORS,2,0.693147181,11.99,2.484072969,0,0.155391168,0.111947994,0.056086079,0.314432275,0.013869969,10.95917494,0.246319072,0.092356301,0.165633734,0.135619816,0.017341756
97,122,266,122266,Fall,AMSTEL,4,1.386294361,6.59,1.885553349,0,0.16735739,0.061953911,0.078372885,0.255889066,0.019283122,10.77505285,0.269524042,0.055971112,0.186152769,0.145527017,0.018980641
360,122,118,122118,Winter,AMSTEL,4,1.386294361,6.19,1.822935087,0,0.16735739,0.061953911,0.078372885,0.255889066,0.019283122,10.77505285,0.269524042,0.055971112,0.186152769,0.145527017,0.018980641
383,122,290,122290,Spring,AMSTEL,1,0,6.99,1.944480556,0,0.16735739,0.061953911,0.078372885,0.255889066,0.019283122,10.77505285,0.269524042,0.055971112,0.186152769,0.145527017,0.018980641
586,122,112,122112,Fall,AMSTEL,10,2.302585093,6.19,1.822935087,0,0.16735739,0.061953911,0.078372885,0.255889066,0.019283122,10.77505285,0.269524042,0.055971112,0.186152769,0.145527017,0.018980641
610,122,254,122254,Summer,AMSTEL,1,0,6.59,1.885553349,0,0.16735739,0.061953911,0.078372885,0.255889066,0.019283122,10.77505285,0.269524042,0.055971112,0.186152769,0.145527017,0.018980641
614,122,247,122247,Summer,AMSTEL,1,0,6.59,1.885553349,0,0.16735739,0.061953911,0.078372885,0.255889066,0.019283122,10.77505285,0.269524042,0.055971112,0.186152769,0.145527017,0.018980641
634,122,146,122146,Summer,AMSTEL,4,1.386294361,6.29,1.838961071,0,0.16735739,0.061953911,0.078372885,0.255889066,0.019283122,10.77505285,0.269524042,0.055971112,0.186152769,0.145527017,0.018980641
655,122,390,122390,Spring,AMSTEL,13,2.564949357,5.99,1.790091412,1,0.16735739,0.061953911,0.078372885,0.255889066,0.019283122,10.77505285,0.269524042,0.055971112,0.186152769,0.145527017,0.018980641
719,122,388,122388,Spring,AMSTEL,1,0,6.49,1.870262531,1,0.16735739,0.061953911,0.078372885,0.255889066,0.019283122,10.77505285,0.269524042,0.055971112,0.186152769,0.145527017,0.018980641
1025,122,226,122226,Winter,AMSTEL,4,1.386294361,6.29,1.838961071,0,0.16735739,0.061953911,0.078372885,0.255889066,0.019283122,10.77505285,0.269524042,0.055971112,0.186152769,0.145527017,0.018980641
1124,122,375,122375,Winter,AMSTEL,4,1.386294361,6.99,1.944480556,0,0.16735739,0.061953911,0.078372885,0.255889066,0.019283122,10.77505285,0.269524042,0.055971112,0.186152769,0.145527017,0.018980641
1445,122,93,122093,Summer,AMSTEL,6,1.791759469,6.19,1.822935087,0,0.16735739,0.061953911,0.078372885,0.255889066,0.019283122,10.77505285,0.269524042,0.055971112,0.186152769,0.145527017,0.018980641
1631,122,346,122346,Spring,AMSTEL,4,1.386294361,6.74,1.908059925,0,0.16735739,0.061953911,0.078372885,0.255889066,0.019283122,10.77505285,0.269524042,0.055971112,0.186152769,0.145527017,0.018980641
1871,122,245,122245,Summer,AMSTEL,3,1.098612289,4.99,1.60743591,1,0.16735739,0.061953911,0.078372885,0.255889066,0.019283122,10.77505285,0.269524042,0.055971112,0.186152769,0.145527017,0.018980641
2009,122,237,122237,Spring,AMSTEL,4,1.386294361,6.36,1.850028377,0,0.16735739,0.061953911,0.078372885,0.255889066,0.019283122,10.77505285,0.269524042,0.055971112,0.186152769,0.145527017,0.018980641
98,14,228,14228,Winter,MILLER,43,3.761200116,9.99,2.301584593,1,0.129589372,0.213949275,0.034178744,0.348293024,0.026585899,11.04392933,0.223351772,0.156164597,0.150933083,0.120350242,0.019350496
282,14,159,14159,Fall,MILLER,28,3.33220451,10.99,2.396985768,1,0.129589372,0.213949275,0.034178744,0.348293024,0.026585899,11.04392933,0.223351772,0.156164597,0.150933083,0.120350242,0.019350496
384,14,288,14288,Spring,MILLER,22,3.091042453,11.99,2.484072969,1,0.129589372,0.213949275,0.034178744,0.348293024,0.026585899,11.04392933,0.223351772,0.156164597,0.150933083,0.120350242,0.019350496
395,14,213,14213,Fall,MILLER,19,2.944438979,10.99,2.396985768,1,0.129589372,0.213949275,0.034178744,0.348293024,0.026585899,11.04392933,0.223351772,0.156164597,0.150933083,0.120350242,0.019350496
517,14,143,14143,Summer,MILLER,2,0.693147181,11.99,2.484072969,0,0.129589372,0.213949275,0.034178744,0.348293024,0.026585899,11.04392933,0.223351772,0.156164597,0.150933083,0.120350242,0.019350496
593,14,152,14152,Summer,MILLER,8,2.079441542,11.99,2.484072969,0,0.129589372,0.213949275,0.034178744,0.348293024,0.026585899,11.04392933,0.223351772,0.156164597,0.150933083,0.120350242,0.019350496
728,14,250,14250,Summer,MILLER,23,3.135494216,10.99,2.396985768,1,0.129589372,0.213949275,0.034178744,0.348293024,0.026585899,11.04392933,0.223351772,0.156164597,0.150933083,0.120350242,0.019350496
932,14,190,14190,Spring,MILLER,16,2.772588722,11.99,2.484072969,1,0.129589372,0.213949275,0.034178744,0.348293024,0.026585899,11.04392933,0.223351772,0.156164597,0.150933083,0.120350242,0.019350496
1080,14,259,14259,Fall,MILLER,36,3.583518938,10.99,2.396985768,1,0.129589372,0.213949275,0.034178744,0.348293024,0.026585899,11.04392933,0.223351772,0.156164597,0.150933083,0.120350242,0.019350496
1225,14,209,14209,Fall,MILLER,36,3.583518938,10.99,2.396985768,1,0.129589372,0.213949275,0.034178744,0.348293024,0.026585899,11.04392933,0.223351772,0.156164597,0.150933083,0.120350242,0.019350496
1875,14,251,14251,Summer,MILLER,21,3.044522438,10.99,2.396985768,1,0.129589372,0.213949275,0.034178744,0.348293024,0.026585899,11.04392933,0.223351772,0.156164597,0.150933083,0.120350242,0.019350496
99,32,307,32307,Summer,COORS,7,1.945910149,10.99,2.396985768,1,0.099060632,0.254953032,0.031938514,0.198259861,0.071700834,10.67447502,0.265329599,0.180097963,0.162361433,0.052604611,0.037700865
437,32,221,32221,Winter,COORS,1,0,10.99,2.396985768,0,0.099060632,0.254953032,0.031938514,0.198259861,0.071700834,10.67447502,0.265329599,0.180097963,0.162361433,0.052604611,0.037700865
574,32,243,32243,Spring,COORS,5,1.609437912,11.99,2.484072969,0,0.099060632,0.254953032,0.031938514,0.198259861,0.071700834,10.67447502,0.265329599,0.180097963,0.162361433,0.052604611,0.037700865
597,32,274,32274,Winter,COORS,1,0,11.99,2.484072969,0,0.099060632,0.254953032,0.031938514,0.198259861,0.071700834,10.67447502,0.265329599,0.180097963,0.162361433,0.052604611,0.037700865
606,32,99,32099,Summer,COORS,6,1.791759469,11.99,2.484072969,0,0.099060632,0.254953032,0.031938514,0.198259861,0.071700834,10.67447502,0.265329599,0.180097963,0.162361433,0.052604611,0.037700865
764,32,282,32282,Winter,COORS,3,1.098612289,10.99,2.396985768,1,0.099060632,0.254953032,0.031938514,0.198259861,0.071700834,10.67447502,0.265329599,0.180097963,0.162361433,0.052604611,0.037700865
946,32,117,32117,Winter,COORS,2,0.693147181,10.49,2.350422422,1,0.099060632,0.254953032,0.031938514,0.198259861,0.071700834,10.67447502,0.265329599,0.180097963,0.162361433,0.052604611,0.037700865
1275,32,206,32206,Fall,COORS,2,0.693147181,11.99,2.484072969,0,0.099060632,0.254953032,0.031938514,0.198259861,0.071700834,10.67447502,0.265329599,0.180097963,0.162361433,0.052604611,0.037700865
1352,32,276,32276,Winter,COORS,2,0.693147181,10.99,2.396985768,1,0.099060632,0.254953032,0.031938514,0.198259861,0.071700834,10.67447502,0.265329599,0.180097963,0.162361433,0.052604611,0.037700865
1426,32,162,32162,Fall,COORS,3,1.098612289,11.99,2.484072969,0,0.099060632,0.254953032,0.031938514,0.198259861,0.071700834,10.67447502,0.265329599,0.180097963,0.162361433,0.052604611,0.037700865
1677,32,150,32150,Summer,COORS,3,1.098612289,10.99,2.396985768,0,0.099060632,0.254953032,0.031938514,0.198259861,0.071700834,10.67447502,0.265329599,0.180097963,0.162361433,0.052604611,0.037700865
1953,32,253,32253,Summer,COORS,4,1.386294361,11.99,2.484072969,0,0.099060632,0.254953032,0.031938514,0.198259861,0.071700834,10.67447502,0.265329599,0.180097963,0.162361433,0.052604611,0.037700865
