Final exam/651FINALEXAM/Q1Q2V6.csv
ID,STORE,Week,STOREWEEK,Season,BRAND,MOVE,logmove,PRICE,logprice,Feat,AGE9,AGE60,ETHNIC,EDUC,NOCAR,INCOME,SINGLE,RETIRED,UNEMP,NWHITE,POVERTY
100,109,110,109110,Fall,AMSTEL,15,2.708050201,4.99,1.60743591,0,0.147519804,0.151055656,0.060687451,0.476916693,0.030239311,11.23319833,0.231391726,0.134189085,0.187628021,0.089484242,0.023230199
277,109,199,109199,Summer,AMSTEL,11,2.397895273,6.29,1.838961071,0,0.147519804,0.151055656,0.060687451,0.476916693,0.030239311,11.23319833,0.231391726,0.134189085,0.187628021,0.089484242,0.023230199
297,109,112,109112,Fall,AMSTEL,2,0.693147181,6.19,1.822935087,0,0.147519804,0.151055656,0.060687451,0.476916693,0.030239311,11.23319833,0.231391726,0.134189085,0.187628021,0.089484242,0.023230199
303,109,337,109337,Spring,AMSTEL,17,2.833213344,5.99,1.790091412,1,0.147519804,0.151055656,0.060687451,0.476916693,0.030239311,11.23319833,0.231391726,0.134189085,0.187628021,0.089484242,0.023230199
542,109,257,109257,Summer,AMSTEL,8,2.079441542,4.99,1.60743591,1,0.147519804,0.151055656,0.060687451,0.476916693,0.030239311,11.23319833,0.231391726,0.134189085,0.187628021,0.089484242,0.023230199
757,109,233,109233,Spring,AMSTEL,2,0.693147181,6.29,1.838961071,0,0.147519804,0.151055656,0.060687451,0.476916693,0.030239311,11.23319833,0.231391726,0.134189085,0.187628021,0.089484242,0.023230199
798,109,206,109206,Fall,AMSTEL,10,2.302585093,6.29,1.838961071,0,0.147519804,0.151055656,0.060687451,0.476916693,0.030239311,11.23319833,0.231391726,0.134189085,0.187628021,0.089484242,0.023230199
1064,109,177,109177,Winter,AMSTEL,24,3.17805383,4.99,1.60743591,0,0.147519804,0.151055656,0.060687451,0.476916693,0.030239311,11.23319833,0.231391726,0.134189085,0.187628021,0.089484242,0.023230199
1478,109,107,109107,Fall,AMSTEL,7,1.945910149,6.19,1.822935087,0,0.147519804,0.151055656,0.060687451,0.476916693,0.030239311,11.23319833,0.231391726,0.134189085,0.187628021,0.089484242,0.023230199
1493,109,258,109258,Fall,AMSTEL,17,2.833213344,4.99,1.60743591,1,0.147519804,0.151055656,0.060687451,0.476916693,0.030239311,11.23319833,0.231391726,0.134189085,0.187628021,0.089484242,0.023230199
1734,109,394,109394,Spring,AMSTEL,4,1.386294361,6.99,1.944480556,0,0.147519804,0.151055656,0.060687451,0.476916693,0.030239311,11.23319833,0.231391726,0.134189085,0.187628021,0.089484242,0.023230199
101,107,222,107222,Winter,MILLER,25,3.218875825,10.99,2.396985768,0,0.119089317,0.261867453,0.025624482,0.273051907,0.042052145,10.82713119,0.216217723,0.19621094,0.169063709,0.064475989,0.027871216
164,107,142,107142,Summer,MILLER,58,4.060443011,10.99,2.396985768,1,0.119089317,0.261867453,0.025624482,0.273051907,0.042052145,10.82713119,0.216217723,0.19621094,0.169063709,0.064475989,0.027871216
261,107,316,107316,Fall,MILLER,50,3.912023005,10.99,2.396985768,1,0.119089317,0.261867453,0.025624482,0.273051907,0.042052145,10.82713119,0.216217723,0.19621094,0.169063709,0.064475989,0.027871216
270,107,92,107092,Summer,MILLER,26,3.258096538,11.99,2.484072969,0,0.119089317,0.261867453,0.025624482,0.273051907,0.042052145,10.82713119,0.216217723,0.19621094,0.169063709,0.064475989,0.027871216
285,107,159,107159,Fall,MILLER,25,3.218875825,10.99,2.396985768,1,0.119089317,0.261867453,0.025624482,0.273051907,0.042052145,10.82713119,0.216217723,0.19621094,0.169063709,0.064475989,0.027871216
379,107,296,107296,Spring,MILLER,62,4.127134385,11.99,2.484072969,1,0.119089317,0.261867453,0.025624482,0.273051907,0.042052145,10.82713119,0.216217723,0.19621094,0.169063709,0.064475989,0.027871216
482,107,253,107253,Summer,MILLER,36,3.583518938,11.76,2.464703942,0,0.119089317,0.261867453,0.025624482,0.273051907,0.042052145,10.82713119,0.216217723,0.19621094,0.169063709,0.064475989,0.027871216
576,107,210,107210,Fall,MILLER,10,2.302585093,10.99,2.396985768,1,0.119089317,0.261867453,0.025624482,0.273051907,0.042052145,10.82713119,0.216217723,0.19621094,0.169063709,0.064475989,0.027871216
579,107,177,107177,Winter,MILLER,49,3.891820298,10.99,2.396985768,1,0.119089317,0.261867453,0.025624482,0.273051907,0.042052145,10.82713119,0.216217723,0.19621094,0.169063709,0.064475989,0.027871216
748,107,165,107165,Fall,MILLER,21,3.044522438,11.99,2.484072969,0,0.119089317,0.261867453,0.025624482,0.273051907,0.042052145,10.82713119,0.216217723,0.19621094,0.169063709,0.064475989,0.027871216
834,107,290,107290,Spring,MILLER,27,3.295836866,12.84,2.552565298,0,0.119089317,0.261867453,0.025624482,0.273051907,0.042052145,10.82713119,0.216217723,0.19621094,0.169063709,0.064475989,0.027871216
987,107,246,107246,Summer,MILLER,98,4.584967479,10.49,2.350422422,1,0.119089317,0.261867453,0.025624482,0.273051907,0.042052145,10.82713119,0.216217723,0.19621094,0.169063709,0.064475989,0.027871216
1008,107,310,107310,Fall,MILLER,40,3.688879454,12.99,2.564179831,0,0.119089317,0.261867453,0.025624482,0.273051907,0.042052145,10.82713119,0.216217723,0.19621094,0.169063709,0.064475989,0.027871216
1012,107,275,107275,Winter,MILLER,64,4.158883083,10.99,2.396985768,1,0.119089317,0.261867453,0.025624482,0.273051907,0.042052145,10.82713119,0.216217723,0.19621094,0.169063709,0.064475989,0.027871216
1045,107,197,107197,Summer,MILLER,32,3.465735903,11.99,2.484072969,0,0.119089317,0.261867453,0.025624482,0.273051907,0.042052145,10.82713119,0.216217723,0.19621094,0.169063709,0.064475989,0.027871216
1148,107,150,107150,Summer,MILLER,40,3.688879454,10.99,2.396985768,1,0.119089317,0.261867453,0.025624482,0.273051907,0.042052145,10.82713119,0.216217723,0.19621094,0.169063709,0.064475989,0.027871216
1174,107,143,107143,Summer,MILLER,40,3.688879454,11.99,2.484072969,0,0.119089317,0.261867453,0.025624482,0.273051907,0.042052145,10.82713119,0.216217723,0.19621094,0.169063709,0.064475989,0.027871216
1341,107,189,107189,Spring,MILLER,22,3.091042453,11.99,2.484072969,0,0.119089317,0.261867453,0.025624482,0.273051907,0.042052145,10.82713119,0.216217723,0.19621094,0.169063709,0.064475989,0.027871216
1796,107,239,107239,Spring,MILLER,27,3.295836866,10.99,2.396985768,1,0.119089317,0.261867453,0.025624482,0.273051907,0.042052145,10.82713119,0.216217723,0.19621094,0.169063709,0.064475989,0.027871216
1901,107,218,107218,Fall,MILLER,8,2.079441542,10.99,2.396985768,0,0.119089317,0.261867453,0.025624482,0.273051907,0.042052145,10.82713119,0.216217723,0.19621094,0.169063709,0.064475989,0.027871216
1963,107,146,107146,Summer,MILLER,44,3.784189634,11.99,2.484072969,0,0.119089317,0.261867453,0.025624482,0.273051907,0.042052145,10.82713119,0.216217723,0.19621094,0.169063709,0.064475989,0.027871216
104,102,199,102199,Summer,MILLER,251,5.525452939,10.99,2.396985768,1,0.14694592,0.216626232,0.172158585,0.120657539,0.114071326,10.49385422,0.285636477,0.215508152,0.19263525,0.178730461,0.068706795
108,102,127,102127,Winter,MILLER,56,4.025351691,11.99,2.484072969,0,0.14694592,0.216626232,0.172158585,0.120657539,0.114071326,10.49385422,0.285636477,0.215508152,0.19263525,0.178730461,0.068706795
123,102,301,102301,Summer,MILLER,113,4.727387819,12.63,2.536074936,0,0.14694592,0.216626232,0.172158585,0.120657539,0.114071326,10.49385422,0.285636477,0.215508152,0.19263525,0.178730461,0.068706795
304,102,168,102168,Winter,MILLER,83,4.418840608,10.99,2.396985768,1,0.14694592,0.216626232,0.172158585,0.120657539,0.114071326,10.49385422,0.285636477,0.215508152,0.19263525,0.178730461,0.068706795
506,102,273,102273,Winter,MILLER,58,4.060443011,11.99,2.484072969,0,0.14694592,0.216626232,0.172158585,0.120657539,0.114071326,10.49385422,0.285636477,0.215508152,0.19263525,0.178730461,0.068706795
560,102,162,102162,Fall,MILLER,66,4.189654742,11.99,2.484072969,0,0.14694592,0.216626232,0.172158585,0.120657539,0.114071326,10.49385422,0.285636477,0.215508152,0.19263525,0.178730461,0.068706795
842,102,114,102114,Fall,MILLER,79,4.369447852,10.99,2.396985768,0,0.14694592,0.216626232,0.172158585,0.120657539,0.114071326,10.49385422,0.285636477,0.215508152,0.19263525,0.178730461,0.068706795
1059,102,176,102176,Winter,MILLER,63,4.143134726,10.99,2.396985768,1,0.14694592,0.216626232,0.172158585,0.120657539,0.114071326,10.49385422,0.285636477,0.215508152,0.19263525,0.178730461,0.068706795
1108,102,118,102118,Winter,MILLER,89,4.48863637,10.99,2.396985768,0,0.14694592,0.216626232,0.172158585,0.120657539,0.114071326,10.49385422,0.285636477,0.215508152,0.19263525,0.178730461,0.068706795
1138,102,134,102134,Spring,MILLER,78,4.356708827,11.99,2.484072969,0,0.14694592,0.216626232,0.172158585,0.120657539,0.114071326,10.49385422,0.285636477,0.215508152,0.19263525,0.178730461,0.068706795
1296,102,145,102145,Summer,MILLER,112,4.718498871,11.99,2.484072969,0,0.14694592,0.216626232,0.172158585,0.120657539,0.114071326,10.49385422,0.285636477,0.215508152,0.19263525,0.178730461,0.068706795
1303,102,157,102157,Fall,MILLER,92,4.521788577,11.99,2.484072969,0,0.14694592,0.216626232,0.172158585,0.120657539,0.114071326,10.49385422,0.285636477,0.215508152,0.19263525,0.178730461,0.068706795
1373,102,133,102133,Spring,MILLER,79,4.369447852,10.99,2.396985768,1,0.14694592,0.216626232,0.172158585,0.120657539,0.114071326,10.49385422,0.285636477,0.215508152,0.19263525,0.178730461,0.068706795
1658,102,190,102190,Spring,MILLER,98,4.584967479,11.99,2.484072969,0,0.14694592,0.216626232,0.172158585,0.120657539,0.114071326,10.49385422,0.285636477,0.215508152,0.19263525,0.178730461,0.068706795
1817,102,109,102109,Fall,MILLER,95,4.553876892,10.49,2.350422422,1,0.14694592,0.216626232,0.172158585,0.120657539,0.114071326,10.49385422,0.285636477,0.215508152,0.19263525,0.178730461,0.068706795
110,94,144,94144,Summer,COORS,14,2.63905733,10.99,2.396985768,0,0.160410056,0.103002197,0.059311691,0.229390404,0.012373453,10.7445158,0.245199033,0.080267559,0.177190635,0.12780083,0.033192686
200,94,282,94282,Winter,COORS,2,0.693147181,10.99,2.396985768,1,0.160410056,0.103002197,0.059311691,0.229390404,0.012373453,10.7445158,0.245199033,0.080267559,0.177190635,0.12780083,0.033192686
235,94,223,94223,Winter,COORS,1,0,10.99,2.396985768,0,0.160410056,0.103002197,0.059311691,0.229390404,0.012373453,10.7445158,0.245199033,0.080267559,0.177190635,0.12780083,0.033192686
412,94,203,94203,Summer,COORS,3,1.098612289,11.99,2.484072969,0,0.160410056,0.103002197,0.059311691,0.229390404,0.012373453,10.7445158,0.245199033,0.080267559,0.177190635,0.12780083,0.033192686
603,94,94,94094,Summer,COORS,1,0,11.99,2.484072969,0,0.160410056,0.103002197,0.059311691,0.229390404,0.012373453,10.7445158,0.245199033,0.080267559,0.177190635,0.12780083,0.033192686
636,94,118,94118,Winter,COORS,13,2.564949357,10.49,2.350422422,0,0.160410056,0.103002197,0.059311691,0.229390404,0.012373453,10.7445158,0.245199033,0.080267559,0.177190635,0.12780083,0.033192686
675,94,135,94135,Spring,COORS,8,2.079441542,10.99,2.396985768,1,0.160410056,0.103002197,0.059311691,0.229390404,0.012373453,10.7445158,0.245199033,0.080267559,0.177190635,0.12780083,0.033192686
795,94,256,94256,Summer,COORS,5,1.609437912,10.99,2.396985768,1,0.160410056,0.103002197,0.059311691,0.229390404,0.012373453,10.7445158,0.245199033,0.080267559,0.177190635,0.12780083,0.033192686
975,94,303,94303,Summer,COORS,6,1.791759469,11.99,2.484072969,1,0.160410056,0.103002197,0.059311691,0.229390404,0.012373453,10.7445158,0.245199033,0.080267559,0.177190635,0.12780083,0.033192686
992,94,290,94290,Spring,COORS,3,1.098612289,11.99,2.484072969,1,0.160410056,0.103002197,0.059311691,0.229390404,0.012373453,10.7445158,0.245199033,0.080267559,0.177190635,0.12780083,0.033192686
1000,94,207,94207,Fall,COORS,1,0,11.99,2.484072969,0,0.160410056,0.103002197,0.059311691,0.229390404,0.012373453,10.7445158,0.245199033,0.080267559,0.177190635,0.12780083,0.033192686
1036,94,215,94215,Fall,COORS,5,1.609437912,9.99,2.301584593,1,0.160410056,0.103002197,0.059311691,0.229390404,0.012373453,10.7445158,0.245199033,0.080267559,0.177190635,0.12780083,0.033192686
1122,94,146,94146,Summer,COORS,9,2.197224577,10.99,2.396985768,1,0.160410056,0.103002197,0.059311691,0.229390404,0.012373453,10.7445158,0.245199033,0.080267559,0.177190635,0.12780083,0.033192686
1243,94,210,94210,Fall,COORS,4,1.386294361,10.49,2.350422422,1,0.160410056,0.103002197,0.059311691,0.229390404,0.012373453,10.7445158,0.245199033,0.080267559,0.177190635,0.12780083,0.033192686
1520,94,200,94200,Summer,COORS,25,3.218875825,9.99,2.301584593,1,0.160410056,0.103002197,0.059311691,0.229390404,0.012373453,10.7445158,0.245199033,0.080267559,0.177190635,0.12780083,0.033192686
1538,94,131,94131,Spring,COORS,13,2.564949357,10.99,2.396985768,1,0.160410056,0.103002197,0.059311691,0.229390404,0.012373453,10.7445158,0.245199033,0.080267559,0.177190635,0.12780083,0.033192686
1611,94,315,94315,Fall,COORS,2,0.693147181,11.99,2.484072969,0,0.160410056,0.103002197,0.059311691,0.229390404,0.012373453,10.7445158,0.245199033,0.080267559,0.177190635,0.12780083,0.033192686
1702,94,294,94294,Spring,COORS,7,1.945910149,11.99,2.484072969,1,0.160410056,0.103002197,0.059311691,0.229390404,0.012373453,10.7445158,0.245199033,0.080267559,0.177190635,0.12780083,0.033192686
1801,94,160,94160,Fall,COORS,5,1.609437912,10.99,2.396985768,1,0.160410056,0.103002197,0.059311691,0.229390404,0.012373453,10.7445158,0.245199033,0.080267559,0.177190635,0.12780083,0.033192686
1816,94,299,94299,Summer,COORS,6,1.791759469,12.99,2.564179831,0,0.160410056,0.103002197,0.059311691,0.229390404,0.012373453,10.7445158,0.245199033,0.080267559,0.177190635,0.12780083,0.033192686
1847,94,107,94107,Fall,COORS,3,1.098612289,11.99,2.484072969,0,0.160410056,0.103002197,0.059311691,0.229390404,0.012373453,10.7445158,0.245199033,0.080267559,0.177190635,0.12780083,0.033192686
1951,94,305,94305,Summer,COORS,5,1.609437912,11.79,2.467251715,0,0.160410056,0.103002197,0.059311691,0.229390404,0.012373453,10.7445158,0.245199033,0.080267559,0.177190635,0.12780083,0.033192686
111,9,291,9291,Spring,MILLER,22,3.091042453,11.99,2.484072969,1,0.103503097,0.269119018,0.032618826,0.222172318,0.040127944,10.78715178,0.230005193,0.168280872,0.14205004,0.129981909,0.028060483
154,9,163,9163,Fall,MILLER,19,2.944438979,10.99,2.396985768,1,0.103503097,0.269119018,0.032618826,0.222172318,0.040127944,10.78715178,0.230005193,0.168280872,0.14205004,0.129981909,0.028060483
414,9,160,9160,Fall,MILLER,12,2.48490665,10.99,2.396985768,1,0.103503097,0.269119018,0.032618826,0.222172318,0.040127944,10.78715178,0.230005193,0.168280872,0.14205004,0.129981909,0.028060483
546,9,309,9309,Summer,MILLER,15,2.708050201,12.85,2.553343811,0,0.103503097,0.269119018,0.032618826,0.222172318,0.040127944,10.78715178,0.230005193,0.168280872,0.14205004,0.129981909,0.028060483
783,9,286,9286,Spring,MILLER,10,2.302585093,12.69,2.540814282,0,0.103503097,0.269119018,0.032618826,0.222172318,0.040127944,10.78715178,0.230005193,0.168280872,0.14205004,0.129981909,0.028060483
824,9,144,9144,Summer,MILLER,15,2.708050201,11.99,2.484072969,0,0.103503097,0.269119018,0.032618826,0.222172318,0.040127944,10.78715178,0.230005193,0.168280872,0.14205004,0.129981909,0.028060483
1053,9,253,9253,Summer,MILLER,9,2.197224577,11.65,2.45530618,0,0.103503097,0.269119018,0.032618826,0.222172318,0.040127944,10.78715178,0.230005193,0.168280872,0.14205004,0.129981909,0.028060483
1110,9,202,9202,Summer,MILLER,5,1.609437912,11.99,2.484072969,0,0.103503097,0.269119018,0.032618826,0.222172318,0.040127944,10.78715178,0.230005193,0.168280872,0.14205004,0.129981909,0.028060483
1278,9,316,9316,Fall,MILLER,16,2.772588722,10.99,2.396985768,1,0.103503097,0.269119018,0.032618826,0.222172318,0.040127944,10.78715178,0.230005193,0.168280872,0.14205004,0.129981909,0.028060483
1403,9,225,9225,Winter,MILLER,12,2.48490665,9.99,2.301584593,1,0.103503097,0.269119018,0.032618826,0.222172318,0.040127944,10.78715178,0.230005193,0.168280872,0.14205004,0.129981909,0.028060483
1568,9,305,9305,Summer,MILLER,18,2.890371758,12.99,2.564179831,0,0.103503097,0.269119018,0.032618826,0.222172318,0.040127944,10.78715178,0.230005193,0.168280872,0.14205004,0.129981909,0.028060483
1727,9,208,9208,Fall,MILLER,14,2.63905733,10.99,2.396985768,1,0.103503097,0.269119018,0.032618826,0.222172318,0.040127944,10.78715178,0.230005193,0.168280872,0.14205004,0.129981909,0.028060483
1864,9,209,9209,Fall,MILLER,14,2.63905733,10.99,2.396985768,1,0.103503097,0.269119018,0.032618826,0.222172318,0.040127944,10.78715178,0.230005193,0.168280872,0.14205004,0.129981909,0.028060483
1922,9,298,9298,Summer,MILLER,39,3.663561646,11.99,2.484072969,1,0.103503097,0.269119018,0.032618826,0.222172318,0.040127944,10.78715178,0.230005193,0.168280872,0.14205004,0.129981909,0.028060483
