Final exam/651FINALEXAM/Q1Q2V6.csv
ID,STORE,Week,STOREWEEK,Season,BRAND,MOVE,logmove,PRICE,logprice,Feat,AGE9,AGE60,ETHNIC,EDUC,NOCAR,INCOME,SINGLE,RETIRED,UNEMP,NWHITE,POVERTY
113,107,95,107095,Summer,AMSTEL,9,2.197224577,6.19,1.822935087,0,0.119089317,0.261867453,0.025624482,0.273051907,0.042052145,10.82713119,0.216217723,0.19621094,0.169063709,0.064475989,0.027871216
219,107,267,107267,Fall,AMSTEL,5,1.609437912,6.59,1.885553349,0,0.119089317,0.261867453,0.025624482,0.273051907,0.042052145,10.82713119,0.216217723,0.19621094,0.169063709,0.064475989,0.027871216
387,107,139,107139,Spring,AMSTEL,2,0.693147181,6.29,1.838961071,0,0.119089317,0.261867453,0.025624482,0.273051907,0.042052145,10.82713119,0.216217723,0.19621094,0.169063709,0.064475989,0.027871216
705,107,216,107216,Fall,AMSTEL,3,1.098612289,6.29,1.838961071,0,0.119089317,0.261867453,0.025624482,0.273051907,0.042052145,10.82713119,0.216217723,0.19621094,0.169063709,0.064475989,0.027871216
789,107,252,107252,Summer,AMSTEL,3,1.098612289,6.59,1.885553349,0,0.119089317,0.261867453,0.025624482,0.273051907,0.042052145,10.82713119,0.216217723,0.19621094,0.169063709,0.064475989,0.027871216
898,107,259,107259,Fall,AMSTEL,8,2.079441542,4.79,1.566530411,1,0.119089317,0.261867453,0.025624482,0.273051907,0.042052145,10.82713119,0.216217723,0.19621094,0.169063709,0.064475989,0.027871216
945,107,164,107164,Fall,AMSTEL,1,0,6.49,1.870262531,0,0.119089317,0.261867453,0.025624482,0.273051907,0.042052145,10.82713119,0.216217723,0.19621094,0.169063709,0.064475989,0.027871216
1200,107,97,107097,Summer,AMSTEL,5,1.609437912,4.99,1.60743591,1,0.119089317,0.261867453,0.025624482,0.273051907,0.042052145,10.82713119,0.216217723,0.19621094,0.169063709,0.064475989,0.027871216
1523,107,108,107108,Fall,AMSTEL,1,0,6.19,1.822935087,0,0.119089317,0.261867453,0.025624482,0.273051907,0.042052145,10.82713119,0.216217723,0.19621094,0.169063709,0.064475989,0.027871216
1723,107,255,107255,Summer,AMSTEL,7,1.945910149,6.59,1.885553349,0,0.119089317,0.261867453,0.025624482,0.273051907,0.042052145,10.82713119,0.216217723,0.19621094,0.169063709,0.064475989,0.027871216
115,110,118,110118,Winter,MILLER,21,3.044522438,11.99,2.484072969,0,0.175594055,0.114956688,0.152944449,0.167553191,0.056953642,10.52085999,0.251984867,0.108684611,0.18142317,0.174839069,0.053595086
170,110,243,110243,Spring,MILLER,24,3.17805383,11.99,2.484072969,0,0.175594055,0.114956688,0.152944449,0.167553191,0.056953642,10.52085999,0.251984867,0.108684611,0.18142317,0.174839069,0.053595086
180,110,94,110094,Summer,MILLER,120,4.787491743,9.49,2.250238613,1,0.175594055,0.114956688,0.152944449,0.167553191,0.056953642,10.52085999,0.251984867,0.108684611,0.18142317,0.174839069,0.053595086
257,110,211,110211,Fall,MILLER,18,2.890371758,11.99,2.484072969,0,0.175594055,0.114956688,0.152944449,0.167553191,0.056953642,10.52085999,0.251984867,0.108684611,0.18142317,0.174839069,0.053595086
504,110,165,110165,Fall,MILLER,15,2.708050201,11.99,2.484072969,0,0.175594055,0.114956688,0.152944449,0.167553191,0.056953642,10.52085999,0.251984867,0.108684611,0.18142317,0.174839069,0.053595086
521,110,234,110234,Spring,MILLER,23,3.135494216,11.99,2.484072969,1,0.175594055,0.114956688,0.152944449,0.167553191,0.056953642,10.52085999,0.251984867,0.108684611,0.18142317,0.174839069,0.053595086
959,110,279,110279,Winter,MILLER,24,3.17805383,11.86,2.473171394,0,0.175594055,0.114956688,0.152944449,0.167553191,0.056953642,10.52085999,0.251984867,0.108684611,0.18142317,0.174839069,0.053595086
1095,110,206,110206,Fall,MILLER,29,3.36729583,11.99,2.484072969,0,0.175594055,0.114956688,0.152944449,0.167553191,0.056953642,10.52085999,0.251984867,0.108684611,0.18142317,0.174839069,0.053595086
1229,110,138,110138,Spring,MILLER,18,2.890371758,11.99,2.484072969,0,0.175594055,0.114956688,0.152944449,0.167553191,0.056953642,10.52085999,0.251984867,0.108684611,0.18142317,0.174839069,0.053595086
1307,110,161,110161,Fall,MILLER,16,2.772588722,11.99,2.484072969,1,0.175594055,0.114956688,0.152944449,0.167553191,0.056953642,10.52085999,0.251984867,0.108684611,0.18142317,0.174839069,0.053595086
1400,110,220,110220,Winter,MILLER,45,3.80666249,9.62,2.263844265,1,0.175594055,0.114956688,0.152944449,0.167553191,0.056953642,10.52085999,0.251984867,0.108684611,0.18142317,0.174839069,0.053595086
1648,110,278,110278,Winter,MILLER,26,3.258096538,11.99,2.484072969,0,0.175594055,0.114956688,0.152944449,0.167553191,0.056953642,10.52085999,0.251984867,0.108684611,0.18142317,0.174839069,0.053595086
1656,110,191,110191,Spring,MILLER,42,3.737669618,10.99,2.396985768,1,0.175594055,0.114956688,0.152944449,0.167553191,0.056953642,10.52085999,0.251984867,0.108684611,0.18142317,0.174839069,0.053595086
1660,110,228,110228,Winter,MILLER,54,3.988984047,9.99,2.301584593,1,0.175594055,0.114956688,0.152944449,0.167553191,0.056953642,10.52085999,0.251984867,0.108684611,0.18142317,0.174839069,0.053595086
1992,110,235,110235,Spring,MILLER,36,3.583518938,10.99,2.396985768,1,0.175594055,0.114956688,0.152944449,0.167553191,0.056953642,10.52085999,0.251984867,0.108684611,0.18142317,0.174839069,0.053595086
2049,110,164,110164,Fall,MILLER,41,3.713572067,10.99,2.396985768,1,0.175594055,0.114956688,0.152944449,0.167553191,0.056953642,10.52085999,0.251984867,0.108684611,0.18142317,0.174839069,0.053595086
117,52,313,52313,Fall,AMSTEL,2,0.693147181,6.99,1.944480556,0,0.13660619,0.152241195,0.084898613,0.372927296,0.014899713,11.05101698,0.245364813,0.106458828,0.167342374,0.137566702,0.019197708
132,52,314,52314,Fall,AMSTEL,2,0.693147181,6.99,1.944480556,0,0.13660619,0.152241195,0.084898613,0.372927296,0.014899713,11.05101698,0.245364813,0.106458828,0.167342374,0.137566702,0.019197708
476,52,333,52333,Winter,AMSTEL,3,1.098612289,6.65,1.894616855,0,0.13660619,0.152241195,0.084898613,0.372927296,0.014899713,11.05101698,0.245364813,0.106458828,0.167342374,0.137566702,0.019197708
847,52,340,52340,Spring,AMSTEL,1,0,6.99,1.944480556,0,0.13660619,0.152241195,0.084898613,0.372927296,0.014899713,11.05101698,0.245364813,0.106458828,0.167342374,0.137566702,0.019197708
1409,52,393,52393,Spring,AMSTEL,1,0,6.99,1.944480556,0,0.13660619,0.152241195,0.084898613,0.372927296,0.014899713,11.05101698,0.245364813,0.106458828,0.167342374,0.137566702,0.019197708
1428,52,310,52310,Fall,AMSTEL,1,0,6.99,1.944480556,0,0.13660619,0.152241195,0.084898613,0.372927296,0.014899713,11.05101698,0.245364813,0.106458828,0.167342374,0.137566702,0.019197708
1608,52,375,52375,Winter,AMSTEL,3,1.098612289,6.99,1.944480556,0,0.13660619,0.152241195,0.084898613,0.372927296,0.014899713,11.05101698,0.245364813,0.106458828,0.167342374,0.137566702,0.019197708
1998,52,357,52357,Summer,AMSTEL,1,0,5.99,1.790091412,1,0.13660619,0.152241195,0.084898613,0.372927296,0.014899713,11.05101698,0.245364813,0.106458828,0.167342374,0.137566702,0.019197708
118,113,165,113165,Fall,MILLER,22,3.091042453,11.99,2.484072969,0,0.103084931,0.299352545,0.026448309,0.151592429,0.144444444,10.64766049,0.255682382,0.231425958,0.163126334,0.047268419,0.046153846
322,113,290,113290,Spring,MILLER,25,3.218875825,12.79,2.548663616,0,0.103084931,0.299352545,0.026448309,0.151592429,0.144444444,10.64766049,0.255682382,0.231425958,0.163126334,0.047268419,0.046153846
324,113,295,113295,Spring,MILLER,42,3.737669618,11.99,2.484072969,1,0.103084931,0.299352545,0.026448309,0.151592429,0.144444444,10.64766049,0.255682382,0.231425958,0.163126334,0.047268419,0.046153846
382,113,125,113125,Winter,MILLER,43,3.761200116,10.99,2.396985768,1,0.103084931,0.299352545,0.026448309,0.151592429,0.144444444,10.64766049,0.255682382,0.231425958,0.163126334,0.047268419,0.046153846
769,113,267,113267,Fall,MILLER,40,3.688879454,10.99,2.396985768,1,0.103084931,0.299352545,0.026448309,0.151592429,0.144444444,10.64766049,0.255682382,0.231425958,0.163126334,0.047268419,0.046153846
858,113,254,113254,Summer,MILLER,62,4.127134385,10.99,2.396985768,1,0.103084931,0.299352545,0.026448309,0.151592429,0.144444444,10.64766049,0.255682382,0.231425958,0.163126334,0.047268419,0.046153846
1154,113,276,113276,Winter,MILLER,44,3.784189634,10.99,2.396985768,1,0.103084931,0.299352545,0.026448309,0.151592429,0.144444444,10.64766049,0.255682382,0.231425958,0.163126334,0.047268419,0.046153846
1526,113,310,113310,Fall,MILLER,35,3.555348061,12.99,2.564179831,0,0.103084931,0.299352545,0.026448309,0.151592429,0.144444444,10.64766049,0.255682382,0.231425958,0.163126334,0.047268419,0.046153846
1772,113,94,113094,Summer,MILLER,91,4.510859507,9.49,2.250238613,1,0.103084931,0.299352545,0.026448309,0.151592429,0.144444444,10.64766049,0.255682382,0.231425958,0.163126334,0.047268419,0.046153846
1778,113,214,113214,Fall,MILLER,17,2.833213344,11.99,2.484072969,0,0.103084931,0.299352545,0.026448309,0.151592429,0.144444444,10.64766049,0.255682382,0.231425958,0.163126334,0.047268419,0.046153846
1839,113,288,113288,Spring,MILLER,55,4.007333185,11.99,2.484072969,1,0.103084931,0.299352545,0.026448309,0.151592429,0.144444444,10.64766049,0.255682382,0.231425958,0.163126334,0.047268419,0.046153846
1840,113,275,113275,Winter,MILLER,85,4.442651256,10.99,2.396985768,1,0.103084931,0.299352545,0.026448309,0.151592429,0.144444444,10.64766049,0.255682382,0.231425958,0.163126334,0.047268419,0.046153846
1866,113,115,113115,Winter,MILLER,7,1.945910149,11.99,2.484072969,0,0.103084931,0.299352545,0.026448309,0.151592429,0.144444444,10.64766049,0.255682382,0.231425958,0.163126334,0.047268419,0.046153846
119,62,283,62283,Winter,MILLER,12,2.48490665,11.65,2.45530618,0,0.133509324,0.222534262,0.026510896,0.517760337,0.026528434,11.23619652,0.206418161,0.177232899,0.165304469,0.078971018,0.019975602
195,62,131,62131,Spring,MILLER,12,2.48490665,11.99,2.484072969,0,0.133509324,0.222534262,0.026510896,0.517760337,0.026528434,11.23619652,0.206418161,0.177232899,0.165304469,0.078971018,0.019975602
558,62,101,62101,Summer,MILLER,20,2.995732274,11.99,2.484072969,0,0.133509324,0.222534262,0.026510896,0.517760337,0.026528434,11.23619652,0.206418161,0.177232899,0.165304469,0.078971018,0.019975602
602,62,125,62125,Winter,MILLER,24,3.17805383,10.99,2.396985768,1,0.133509324,0.222534262,0.026510896,0.517760337,0.026528434,11.23619652,0.206418161,0.177232899,0.165304469,0.078971018,0.019975602
633,62,164,62164,Fall,MILLER,22,3.091042453,10.99,2.396985768,1,0.133509324,0.222534262,0.026510896,0.517760337,0.026528434,11.23619652,0.206418161,0.177232899,0.165304469,0.078971018,0.019975602
697,62,215,62215,Fall,MILLER,16,2.772588722,11.99,2.484072969,0,0.133509324,0.222534262,0.026510896,0.517760337,0.026528434,11.23619652,0.206418161,0.177232899,0.165304469,0.078971018,0.019975602
731,62,248,62248,Summer,MILLER,29,3.36729583,11.99,2.484072969,0,0.133509324,0.222534262,0.026510896,0.517760337,0.026528434,11.23619652,0.206418161,0.177232899,0.165304469,0.078971018,0.019975602
848,62,99,62099,Summer,MILLER,38,3.63758616,9.99,2.301584593,1,0.133509324,0.222534262,0.026510896,0.517760337,0.026528434,11.23619652,0.206418161,0.177232899,0.165304469,0.078971018,0.019975602
1381,62,241,62241,Spring,MILLER,37,3.610917913,10.99,2.396985768,1,0.133509324,0.222534262,0.026510896,0.517760337,0.026528434,11.23619652,0.206418161,0.177232899,0.165304469,0.078971018,0.019975602
1536,62,261,62261,Fall,MILLER,30,3.401197382,11.99,2.484072969,0,0.133509324,0.222534262,0.026510896,0.517760337,0.026528434,11.23619652,0.206418161,0.177232899,0.165304469,0.078971018,0.019975602
1621,62,109,62109,Fall,MILLER,24,3.17805383,10.49,2.350422422,1,0.133509324,0.222534262,0.026510896,0.517760337,0.026528434,11.23619652,0.206418161,0.177232899,0.165304469,0.078971018,0.019975602
124,101,232,101232,Spring,MILLER,49,3.891820298,11.25,2.420368129,0,0.116924935,0.225035218,0.087422017,0.174741859,0.061029945,10.65993812,0.255044273,0.15505933,0.149301557,0.127510566,0.038226458
262,101,274,101274,Winter,MILLER,42,3.737669618,11.7,2.459588842,0,0.116924935,0.225035218,0.087422017,0.174741859,0.061029945,10.65993812,0.255044273,0.15505933,0.149301557,0.127510566,0.038226458
543,101,212,101212,Fall,MILLER,94,4.543294782,10.99,2.396985768,1,0.116924935,0.225035218,0.087422017,0.174741859,0.061029945,10.65993812,0.255044273,0.15505933,0.149301557,0.127510566,0.038226458
637,101,260,101260,Fall,MILLER,87,4.465908119,10.99,2.396985768,1,0.116924935,0.225035218,0.087422017,0.174741859,0.061029945,10.65993812,0.255044273,0.15505933,0.149301557,0.127510566,0.038226458
699,101,269,101269,Fall,MILLER,36,3.583518938,11.99,2.484072969,0,0.116924935,0.225035218,0.087422017,0.174741859,0.061029945,10.65993812,0.255044273,0.15505933,0.149301557,0.127510566,0.038226458
1052,101,273,101273,Winter,MILLER,39,3.663561646,11.99,2.484072969,0,0.116924935,0.225035218,0.087422017,0.174741859,0.061029945,10.65993812,0.255044273,0.15505933,0.149301557,0.127510566,0.038226458
1112,101,173,101173,Winter,MILLER,73,4.290459441,10.99,2.396985768,1,0.116924935,0.225035218,0.087422017,0.174741859,0.061029945,10.65993812,0.255044273,0.15505933,0.149301557,0.127510566,0.038226458
1182,101,309,101309,Summer,MILLER,51,3.931825633,12.99,2.564179831,0,0.116924935,0.225035218,0.087422017,0.174741859,0.061029945,10.65993812,0.255044273,0.15505933,0.149301557,0.127510566,0.038226458
1499,101,132,101132,Spring,MILLER,80,4.382026635,10.99,2.396985768,1,0.116924935,0.225035218,0.087422017,0.174741859,0.061029945,10.65993812,0.255044273,0.15505933,0.149301557,0.127510566,0.038226458
1522,101,194,101194,Summer,MILLER,148,4.997212274,10.49,2.350422422,1,0.116924935,0.225035218,0.087422017,0.174741859,0.061029945,10.65993812,0.255044273,0.15505933,0.149301557,0.127510566,0.038226458
1733,101,217,101217,Fall,MILLER,83,4.418840608,9.99,2.301584593,1,0.116924935,0.225035218,0.087422017,0.174741859,0.061029945,10.65993812,0.255044273,0.15505933,0.149301557,0.127510566,0.038226458
1757,101,169,101169,Winter,MILLER,52,3.951243719,11.99,2.484072969,0,0.116924935,0.225035218,0.087422017,0.174741859,0.061029945,10.65993812,0.255044273,0.15505933,0.149301557,0.127510566,0.038226458
2024,101,138,101138,Spring,MILLER,67,4.204692619,11.99,2.484072969,0,0.116924935,0.225035218,0.087422017,0.174741859,0.061029945,10.65993812,0.255044273,0.15505933,0.149301557,0.127510566,0.038226458
127,134,293,134293,Spring,AMSTEL,1,0,6.99,1.944480556,0,0.192817818,0.090152653,0.105855856,0.247949139,0.021371673,10.7225182,0.219711825,0.0901507,0.19465375,0.133508509,0.027977463
375,134,257,134257,Summer,AMSTEL,5,1.609437912,4.99,1.60743591,1,0.192817818,0.090152653,0.105855856,0.247949139,0.021371673,10.7225182,0.219711825,0.0901507,0.19465375,0.133508509,0.027977463
693,134,159,134159,Fall,AMSTEL,1,0,6.49,1.870262531,0,0.192817818,0.090152653,0.105855856,0.247949139,0.021371673,10.7225182,0.219711825,0.0901507,0.19465375,0.133508509,0.027977463
750,134,327,134327,Winter,AMSTEL,5,1.609437912,5.99,1.790091412,1,0.192817818,0.090152653,0.105855856,0.247949139,0.021371673,10.7225182,0.219711825,0.0901507,0.19465375,0.133508509,0.027977463
919,134,358,134358,Summer,AMSTEL,1,0,5.99,1.790091412,1,0.192817818,0.090152653,0.105855856,0.247949139,0.021371673,10.7225182,0.219711825,0.0901507,0.19465375,0.133508509,0.027977463
1102,134,347,134347,Spring,AMSTEL,3,1.098612289,5.99,1.790091412,1,0.192817818,0.090152653,0.105855856,0.247949139,0.021371673,10.7225182,0.219711825,0.0901507,0.19465375,0.133508509,0.027977463
1212,134,200,134200,Summer,AMSTEL,1,0,6.29,1.838961071,0,0.192817818,0.090152653,0.105855856,0.247949139,0.021371673,10.7225182,0.219711825,0.0901507,0.19465375,0.133508509,0.027977463
1401,134,149,134149,Summer,AMSTEL,1,0,6.29,1.838961071,0,0.192817818,0.090152653,0.105855856,0.247949139,0.021371673,10.7225182,0.219711825,0.0901507,0.19465375,0.133508509,0.027977463
1433,134,251,134251,Summer,AMSTEL,4,1.386294361,6.59,1.885553349,0,0.192817818,0.090152653,0.105855856,0.247949139,0.021371673,10.7225182,0.219711825,0.0901507,0.19465375,0.133508509,0.027977463
1802,134,157,134157,Fall,AMSTEL,2,0.693147181,6.49,1.870262531,0,0.192817818,0.090152653,0.105855856,0.247949139,0.021371673,10.7225182,0.219711825,0.0901507,0.19465375,0.133508509,0.027977463
1870,134,288,134288,Spring,AMSTEL,4,1.386294361,6.99,1.944480556,0,0.192817818,0.090152653,0.105855856,0.247949139,0.021371673,10.7225182,0.219711825,0.0901507,0.19465375,0.133508509,0.027977463
