Final exam/651FINALEXAM/Q1Q2V6.csv
ID,STORE,Week,STOREWEEK,Season,BRAND,MOVE,logmove,PRICE,logprice,Feat,AGE9,AGE60,ETHNIC,EDUC,NOCAR,INCOME,SINGLE,RETIRED,UNEMP,NWHITE,POVERTY
129,105,199,105199,Summer,COORS,3,1.098612289,11.99,2.484072969,0,0.147564877,0.175542126,0.365410594,0.094235589,0.092156656,10.41439317,0.277669286,0.161185624,0.173547802,0.391503733,0.081917027
639,105,145,105145,Summer,COORS,5,1.609437912,11.99,2.484072969,0,0.147564877,0.175542126,0.365410594,0.094235589,0.092156656,10.41439317,0.277669286,0.161185624,0.173547802,0.391503733,0.081917027
700,105,118,105118,Winter,COORS,8,2.079441542,10.49,2.350422422,1,0.147564877,0.175542126,0.365410594,0.094235589,0.092156656,10.41439317,0.277669286,0.161185624,0.173547802,0.391503733,0.081917027
884,105,162,105162,Fall,COORS,2,0.693147181,11.99,2.484072969,0,0.147564877,0.175542126,0.365410594,0.094235589,0.092156656,10.41439317,0.277669286,0.161185624,0.173547802,0.391503733,0.081917027
891,105,181,105181,Spring,COORS,9,2.197224577,10.99,2.396985768,1,0.147564877,0.175542126,0.365410594,0.094235589,0.092156656,10.41439317,0.277669286,0.161185624,0.173547802,0.391503733,0.081917027
951,105,224,105224,Winter,COORS,3,1.098612289,10.99,2.396985768,0,0.147564877,0.175542126,0.365410594,0.094235589,0.092156656,10.41439317,0.277669286,0.161185624,0.173547802,0.391503733,0.081917027
1043,105,313,105313,Fall,COORS,1,0,9.99,2.301584593,0,0.147564877,0.175542126,0.365410594,0.094235589,0.092156656,10.41439317,0.277669286,0.161185624,0.173547802,0.391503733,0.081917027
1320,105,202,105202,Summer,COORS,4,1.386294361,11.99,2.484072969,0,0.147564877,0.175542126,0.365410594,0.094235589,0.092156656,10.41439317,0.277669286,0.161185624,0.173547802,0.391503733,0.081917027
1397,105,170,105170,Winter,COORS,8,2.079441542,10.99,2.396985768,1,0.147564877,0.175542126,0.365410594,0.094235589,0.092156656,10.41439317,0.277669286,0.161185624,0.173547802,0.391503733,0.081917027
2025,105,120,105120,Winter,COORS,10,2.302585093,10.49,2.350422422,1,0.147564877,0.175542126,0.365410594,0.094235589,0.092156656,10.41439317,0.277669286,0.161185624,0.173547802,0.391503733,0.081917027
130,98,126,98126,Winter,COORS,1,0,11.99,2.484072969,0,0.118516496,0.24920053,0.164963731,0.051702821,0.149392499,10.57359638,0.275618876,0.209854644,0.178713969,0.176975275,0.065095636
315,98,93,98093,Summer,COORS,3,1.098612289,9.69,2.271094426,1,0.118516496,0.24920053,0.164963731,0.051702821,0.149392499,10.57359638,0.275618876,0.209854644,0.178713969,0.176975275,0.065095636
720,98,174,98174,Winter,COORS,2,0.693147181,10.99,2.396985768,1,0.118516496,0.24920053,0.164963731,0.051702821,0.149392499,10.57359638,0.275618876,0.209854644,0.178713969,0.176975275,0.065095636
734,98,252,98252,Summer,COORS,1,0,11.99,2.484072969,0,0.118516496,0.24920053,0.164963731,0.051702821,0.149392499,10.57359638,0.275618876,0.209854644,0.178713969,0.176975275,0.065095636
853,98,248,98248,Summer,COORS,3,1.098612289,11.99,2.484072969,0,0.118516496,0.24920053,0.164963731,0.051702821,0.149392499,10.57359638,0.275618876,0.209854644,0.178713969,0.176975275,0.065095636
956,98,183,98183,Spring,COORS,3,1.098612289,11.99,2.484072969,0,0.118516496,0.24920053,0.164963731,0.051702821,0.149392499,10.57359638,0.275618876,0.209854644,0.178713969,0.176975275,0.065095636
1081,98,214,98214,Fall,COORS,3,1.098612289,9.99,2.301584593,1,0.118516496,0.24920053,0.164963731,0.051702821,0.149392499,10.57359638,0.275618876,0.209854644,0.178713969,0.176975275,0.065095636
1135,98,238,98238,Spring,COORS,1,0,11.99,2.484072969,0,0.118516496,0.24920053,0.164963731,0.051702821,0.149392499,10.57359638,0.275618876,0.209854644,0.178713969,0.176975275,0.065095636
1199,98,196,98196,Summer,COORS,1,0,9.99,2.301584593,1,0.118516496,0.24920053,0.164963731,0.051702821,0.149392499,10.57359638,0.275618876,0.209854644,0.178713969,0.176975275,0.065095636
1288,98,306,98306,Summer,COORS,5,1.609437912,10.99,2.396985768,1,0.118516496,0.24920053,0.164963731,0.051702821,0.149392499,10.57359638,0.275618876,0.209854644,0.178713969,0.176975275,0.065095636
1685,98,267,98267,Fall,COORS,1,0,10.99,2.396985768,1,0.118516496,0.24920053,0.164963731,0.051702821,0.149392499,10.57359638,0.275618876,0.209854644,0.178713969,0.176975275,0.065095636
1742,98,234,98234,Spring,COORS,1,0,11.99,2.484072969,1,0.118516496,0.24920053,0.164963731,0.051702821,0.149392499,10.57359638,0.275618876,0.209854644,0.178713969,0.176975275,0.065095636
1859,98,146,98146,Summer,COORS,3,1.098612289,10.99,2.396985768,1,0.118516496,0.24920053,0.164963731,0.051702821,0.149392499,10.57359638,0.275618876,0.209854644,0.178713969,0.176975275,0.065095636
1877,98,160,98160,Fall,COORS,3,1.098612289,10.99,2.396985768,1,0.118516496,0.24920053,0.164963731,0.051702821,0.149392499,10.57359638,0.275618876,0.209854644,0.178713969,0.176975275,0.065095636
1938,98,231,98231,Winter,COORS,1,0,10.99,2.396985768,0,0.118516496,0.24920053,0.164963731,0.051702821,0.149392499,10.57359638,0.275618876,0.209854644,0.178713969,0.176975275,0.065095636
2023,98,112,98112,Fall,COORS,3,1.098612289,10.49,2.350422422,1,0.118516496,0.24920053,0.164963731,0.051702821,0.149392499,10.57359638,0.275618876,0.209854644,0.178713969,0.176975275,0.065095636
134,131,142,131142,Summer,MILLER,91,4.510859507,10.99,2.396985768,1,0.124252223,0.17065481,0.074656427,0.2713958,0.037446985,10.79353697,0.274067522,0.120368955,0.154104877,0.110549717,0.027004656
193,131,228,131228,Winter,MILLER,90,4.49980967,9.99,2.301584593,1,0.124252223,0.17065481,0.074656427,0.2713958,0.037446985,10.79353697,0.274067522,0.120368955,0.154104877,0.110549717,0.027004656
447,131,171,131171,Winter,MILLER,77,4.343805422,10.99,2.396985768,1,0.124252223,0.17065481,0.074656427,0.2713958,0.037446985,10.79353697,0.274067522,0.120368955,0.154104877,0.110549717,0.027004656
488,131,112,131112,Fall,MILLER,43,3.761200116,10.49,2.350422422,1,0.124252223,0.17065481,0.074656427,0.2713958,0.037446985,10.79353697,0.274067522,0.120368955,0.154104877,0.110549717,0.027004656
526,131,133,131133,Spring,MILLER,60,4.094344562,10.99,2.396985768,1,0.124252223,0.17065481,0.074656427,0.2713958,0.037446985,10.79353697,0.274067522,0.120368955,0.154104877,0.110549717,0.027004656
652,131,299,131299,Summer,MILLER,84,4.430816799,12.03,2.48740353,1,0.124252223,0.17065481,0.074656427,0.2713958,0.037446985,10.79353697,0.274067522,0.120368955,0.154104877,0.110549717,0.027004656
1106,131,312,131312,Fall,MILLER,146,4.983606622,10.99,2.396985768,1,0.124252223,0.17065481,0.074656427,0.2713958,0.037446985,10.79353697,0.274067522,0.120368955,0.154104877,0.110549717,0.027004656
1183,131,148,131148,Summer,MILLER,217,5.379897354,10.49,2.350422422,1,0.124252223,0.17065481,0.074656427,0.2713958,0.037446985,10.79353697,0.274067522,0.120368955,0.154104877,0.110549717,0.027004656
1206,131,235,131235,Spring,MILLER,51,3.931825633,10.99,2.396985768,1,0.124252223,0.17065481,0.074656427,0.2713958,0.037446985,10.79353697,0.274067522,0.120368955,0.154104877,0.110549717,0.027004656
1291,131,260,131260,Fall,MILLER,94,4.543294782,10.99,2.396985768,1,0.124252223,0.17065481,0.074656427,0.2713958,0.037446985,10.79353697,0.274067522,0.120368955,0.154104877,0.110549717,0.027004656
1390,131,204,131204,Summer,MILLER,113,4.727387819,10.99,2.396985768,1,0.124252223,0.17065481,0.074656427,0.2713958,0.037446985,10.79353697,0.274067522,0.120368955,0.154104877,0.110549717,0.027004656
136,98,215,98215,Fall,MILLER,43,3.761200116,11.99,2.484072969,0,0.118516496,0.24920053,0.164963731,0.051702821,0.149392499,10.57359638,0.275618876,0.209854644,0.178713969,0.176975275,0.065095636
139,98,252,98252,Summer,MILLER,69,4.234106505,11.97,2.48240352,1,0.118516496,0.24920053,0.164963731,0.051702821,0.149392499,10.57359638,0.275618876,0.209854644,0.178713969,0.176975275,0.065095636
144,98,316,98316,Fall,MILLER,57,4.043051268,10.99,2.396985768,1,0.118516496,0.24920053,0.164963731,0.051702821,0.149392499,10.57359638,0.275618876,0.209854644,0.178713969,0.176975275,0.065095636
185,98,266,98266,Fall,MILLER,71,4.262679877,11.77,2.465553921,0,0.118516496,0.24920053,0.164963731,0.051702821,0.149392499,10.57359638,0.275618876,0.209854644,0.178713969,0.176975275,0.065095636
239,98,222,98222,Winter,MILLER,46,3.828641396,10.99,2.396985768,0,0.118516496,0.24920053,0.164963731,0.051702821,0.149392499,10.57359638,0.275618876,0.209854644,0.178713969,0.176975275,0.065095636
249,98,257,98257,Summer,MILLER,61,4.110873864,11.43,2.436241478,0,0.118516496,0.24920053,0.164963731,0.051702821,0.149392499,10.57359638,0.275618876,0.209854644,0.178713969,0.176975275,0.065095636
320,98,161,98161,Fall,MILLER,39,3.663561646,11.99,2.484072969,1,0.118516496,0.24920053,0.164963731,0.051702821,0.149392499,10.57359638,0.275618876,0.209854644,0.178713969,0.176975275,0.065095636
328,98,144,98144,Summer,MILLER,87,4.465908119,11.99,2.484072969,0,0.118516496,0.24920053,0.164963731,0.051702821,0.149392499,10.57359638,0.275618876,0.209854644,0.178713969,0.176975275,0.065095636
377,98,287,98287,Spring,MILLER,40,3.688879454,11.99,2.484072969,1,0.118516496,0.24920053,0.164963731,0.051702821,0.149392499,10.57359638,0.275618876,0.209854644,0.178713969,0.176975275,0.065095636
435,98,315,98315,Fall,MILLER,39,3.663561646,12.63,2.536074936,0,0.118516496,0.24920053,0.164963731,0.051702821,0.149392499,10.57359638,0.275618876,0.209854644,0.178713969,0.176975275,0.065095636
535,98,142,98142,Summer,MILLER,178,5.18178355,10.99,2.396985768,1,0.118516496,0.24920053,0.164963731,0.051702821,0.149392499,10.57359638,0.275618876,0.209854644,0.178713969,0.176975275,0.065095636
663,98,221,98221,Winter,MILLER,74,4.304065093,9.99,2.301584593,1,0.118516496,0.24920053,0.164963731,0.051702821,0.149392499,10.57359638,0.275618876,0.209854644,0.178713969,0.176975275,0.065095636
793,98,108,98108,Fall,MILLER,73,4.290459441,10.49,2.350422422,1,0.118516496,0.24920053,0.164963731,0.051702821,0.149392499,10.57359638,0.275618876,0.209854644,0.178713969,0.176975275,0.065095636
854,98,234,98234,Spring,MILLER,57,4.043051268,11.99,2.484072969,1,0.118516496,0.24920053,0.164963731,0.051702821,0.149392499,10.57359638,0.275618876,0.209854644,0.178713969,0.176975275,0.065095636
875,98,179,98179,Winter,MILLER,59,4.077537444,11.99,2.484072969,0,0.118516496,0.24920053,0.164963731,0.051702821,0.149392499,10.57359638,0.275618876,0.209854644,0.178713969,0.176975275,0.065095636
924,98,158,98158,Fall,MILLER,57,4.043051268,11.99,2.484072969,0,0.118516496,0.24920053,0.164963731,0.051702821,0.149392499,10.57359638,0.275618876,0.209854644,0.178713969,0.176975275,0.065095636
968,98,204,98204,Summer,MILLER,74,4.304065093,10.99,2.396985768,1,0.118516496,0.24920053,0.164963731,0.051702821,0.149392499,10.57359638,0.275618876,0.209854644,0.178713969,0.176975275,0.065095636
1211,98,312,98312,Fall,MILLER,136,4.912654886,10.99,2.396985768,1,0.118516496,0.24920053,0.164963731,0.051702821,0.149392499,10.57359638,0.275618876,0.209854644,0.178713969,0.176975275,0.065095636
1249,98,235,98235,Spring,MILLER,59,4.077537444,10.99,2.396985768,1,0.118516496,0.24920053,0.164963731,0.051702821,0.149392499,10.57359638,0.275618876,0.209854644,0.178713969,0.176975275,0.065095636
1326,98,317,98317,Fall,MILLER,59,4.077537444,10.99,2.396985768,1,0.118516496,0.24920053,0.164963731,0.051702821,0.149392499,10.57359638,0.275618876,0.209854644,0.178713969,0.176975275,0.065095636
1486,98,268,98268,Fall,MILLER,66,4.189654742,10.99,2.396985768,1,0.118516496,0.24920053,0.164963731,0.051702821,0.149392499,10.57359638,0.275618876,0.209854644,0.178713969,0.176975275,0.065095636
1585,98,309,98309,Summer,MILLER,83,4.418840608,12.96,2.561867691,0,0.118516496,0.24920053,0.164963731,0.051702821,0.149392499,10.57359638,0.275618876,0.209854644,0.178713969,0.176975275,0.065095636
1830,98,305,98305,Summer,MILLER,74,4.304065093,12.99,2.564179831,0,0.118516496,0.24920053,0.164963731,0.051702821,0.149392499,10.57359638,0.275618876,0.209854644,0.178713969,0.176975275,0.065095636
1941,98,153,98153,Summer,MILLER,93,4.532599493,11.86,2.473171394,0,0.118516496,0.24920053,0.164963731,0.051702821,0.149392499,10.57359638,0.275618876,0.209854644,0.178713969,0.176975275,0.065095636
2046,98,96,98096,Summer,MILLER,157,5.056245805,10.2,2.32238772,0,0.118516496,0.24920053,0.164963731,0.051702821,0.149392499,10.57359638,0.275618876,0.209854644,0.178713969,0.176975275,0.065095636
140,12,185,12185,Spring,AMSTEL,2,0.693147181,6.29,1.838961071,0,0.10569674,0.178341405,0.380697988,0.253412969,0.483517598,9.996659083,0.451637338,0.175666032,0.203794006,0.495331769,0.168864097
316,12,318,12318,Fall,AMSTEL,10,2.302585093,5.99,1.790091412,1,0.10569674,0.178341405,0.380697988,0.253412969,0.483517598,9.996659083,0.451637338,0.175666032,0.203794006,0.495331769,0.168864097
366,12,314,12314,Fall,AMSTEL,1,0,6.99,1.944480556,0,0.10569674,0.178341405,0.380697988,0.253412969,0.483517598,9.996659083,0.451637338,0.175666032,0.203794006,0.495331769,0.168864097
432,12,102,12102,Fall,AMSTEL,1,0,6.19,1.822935087,0,0.10569674,0.178341405,0.380697988,0.253412969,0.483517598,9.996659083,0.451637338,0.175666032,0.203794006,0.495331769,0.168864097
477,12,215,12215,Fall,AMSTEL,4,1.386294361,4.99,1.60743591,1,0.10569674,0.178341405,0.380697988,0.253412969,0.483517598,9.996659083,0.451637338,0.175666032,0.203794006,0.495331769,0.168864097
494,12,221,12221,Winter,AMSTEL,1,0,4.99,1.60743591,1,0.10569674,0.178341405,0.380697988,0.253412969,0.483517598,9.996659083,0.451637338,0.175666032,0.203794006,0.495331769,0.168864097
549,12,368,12368,Fall,AMSTEL,5,1.609437912,6.99,1.944480556,0,0.10569674,0.178341405,0.380697988,0.253412969,0.483517598,9.996659083,0.451637338,0.175666032,0.203794006,0.495331769,0.168864097
692,12,217,12217,Fall,AMSTEL,1,0,6.29,1.838961071,0,0.10569674,0.178341405,0.380697988,0.253412969,0.483517598,9.996659083,0.451637338,0.175666032,0.203794006,0.495331769,0.168864097
808,12,311,12311,Fall,AMSTEL,2,0.693147181,6.99,1.944480556,0,0.10569674,0.178341405,0.380697988,0.253412969,0.483517598,9.996659083,0.451637338,0.175666032,0.203794006,0.495331769,0.168864097
886,12,259,12259,Fall,AMSTEL,2,0.693147181,6.59,1.885553349,0,0.10569674,0.178341405,0.380697988,0.253412969,0.483517598,9.996659083,0.451637338,0.175666032,0.203794006,0.495331769,0.168864097
911,12,304,12304,Summer,AMSTEL,1,0,6.99,1.944480556,0,0.10569674,0.178341405,0.380697988,0.253412969,0.483517598,9.996659083,0.451637338,0.175666032,0.203794006,0.495331769,0.168864097
1070,12,280,12280,Winter,AMSTEL,5,1.609437912,5.99,1.790091412,1,0.10569674,0.178341405,0.380697988,0.253412969,0.483517598,9.996659083,0.451637338,0.175666032,0.203794006,0.495331769,0.168864097
1181,12,348,12348,Spring,AMSTEL,7,1.945910149,5.99,1.790091412,1,0.10569674,0.178341405,0.380697988,0.253412969,0.483517598,9.996659083,0.451637338,0.175666032,0.203794006,0.495331769,0.168864097
1362,12,375,12375,Winter,AMSTEL,7,1.945910149,6.99,1.944480556,0,0.10569674,0.178341405,0.380697988,0.253412969,0.483517598,9.996659083,0.451637338,0.175666032,0.203794006,0.495331769,0.168864097
1450,12,161,12161,Fall,AMSTEL,2,0.693147181,6.49,1.870262531,0,0.10569674,0.178341405,0.380697988,0.253412969,0.483517598,9.996659083,0.451637338,0.175666032,0.203794006,0.495331769,0.168864097
1451,12,349,12349,Summer,AMSTEL,10,2.302585093,5.99,1.790091412,1,0.10569674,0.178341405,0.380697988,0.253412969,0.483517598,9.996659083,0.451637338,0.175666032,0.203794006,0.495331769,0.168864097
1471,12,257,12257,Summer,AMSTEL,4,1.386294361,4.99,1.60743591,1,0.10569674,0.178341405,0.380697988,0.253412969,0.483517598,9.996659083,0.451637338,0.175666032,0.203794006,0.495331769,0.168864097
1642,12,360,12360,Summer,AMSTEL,9,2.197224577,6.99,1.944480556,0,0.10569674,0.178341405,0.380697988,0.253412969,0.483517598,9.996659083,0.451637338,0.175666032,0.203794006,0.495331769,0.168864097
1665,12,394,12394,Spring,AMSTEL,4,1.386294361,6.99,1.944480556,0,0.10569674,0.178341405,0.380697988,0.253412969,0.483517598,9.996659083,0.451637338,0.175666032,0.203794006,0.495331769,0.168864097
1686,12,206,12206,Fall,AMSTEL,4,1.386294361,6.29,1.838961071,0,0.10569674,0.178341405,0.380697988,0.253412969,0.483517598,9.996659083,0.451637338,0.175666032,0.203794006,0.495331769,0.168864097
1810,12,397,12397,Spring,AMSTEL,4,1.386294361,6.99,1.944480556,0,0.10569674,0.178341405,0.380697988,0.253412969,0.483517598,9.996659083,0.451637338,0.175666032,0.203794006,0.495331769,0.168864097
1927,12,203,12203,Summer,AMSTEL,1,0,6.29,1.838961071,0,0.10569674,0.178341405,0.380697988,0.253412969,0.483517598,9.996659083,0.451637338,0.175666032,0.203794006,0.495331769,0.168864097
