Final exam/651FINALEXAM/Q1Q2V6.csv
ID,STORE,Week,STOREWEEK,Season,BRAND,MOVE,logmove,PRICE,logprice,Feat,AGE9,AGE60,ETHNIC,EDUC,NOCAR,INCOME,SINGLE,RETIRED,UNEMP,NWHITE,POVERTY
143,78,124,78124,Winter,MILLER,23,3.135494216,10.99,2.396985768,0,0.155391168,0.111947994,0.056086079,0.314432275,0.013869969,10.95917494,0.246319072,0.092356301,0.165633734,0.135619816,0.017341756
673,78,191,78191,Spring,MILLER,55,4.007333185,10.99,2.396985768,1,0.155391168,0.111947994,0.056086079,0.314432275,0.013869969,10.95917494,0.246319072,0.092356301,0.165633734,0.135619816,0.017341756
1097,78,187,78187,Spring,MILLER,28,3.33220451,10.99,2.396985768,1,0.155391168,0.111947994,0.056086079,0.314432275,0.013869969,10.95917494,0.246319072,0.092356301,0.165633734,0.135619816,0.017341756
1187,78,310,78310,Fall,MILLER,29,3.36729583,12.99,2.564179831,0,0.155391168,0.111947994,0.056086079,0.314432275,0.013869969,10.95917494,0.246319072,0.092356301,0.165633734,0.135619816,0.017341756
1239,78,276,78276,Winter,MILLER,31,3.433987204,10.99,2.396985768,1,0.155391168,0.111947994,0.056086079,0.314432275,0.013869969,10.95917494,0.246319072,0.092356301,0.165633734,0.135619816,0.017341756
1260,78,301,78301,Summer,MILLER,38,3.63758616,12.46,2.522523513,0,0.155391168,0.111947994,0.056086079,0.314432275,0.013869969,10.95917494,0.246319072,0.092356301,0.165633734,0.135619816,0.017341756
1344,78,237,78237,Spring,MILLER,21,3.044522438,10.99,2.396985768,1,0.155391168,0.111947994,0.056086079,0.314432275,0.013869969,10.95917494,0.246319072,0.092356301,0.165633734,0.135619816,0.017341756
1413,78,171,78171,Winter,MILLER,47,3.850147602,10.99,2.396985768,1,0.155391168,0.111947994,0.056086079,0.314432275,0.013869969,10.95917494,0.246319072,0.092356301,0.165633734,0.135619816,0.017341756
1446,78,222,78222,Winter,MILLER,17,2.833213344,10.99,2.396985768,0,0.155391168,0.111947994,0.056086079,0.314432275,0.013869969,10.95917494,0.246319072,0.092356301,0.165633734,0.135619816,0.017341756
1496,78,286,78286,Spring,MILLER,16,2.772588722,12.92,2.558776498,0,0.155391168,0.111947994,0.056086079,0.314432275,0.013869969,10.95917494,0.246319072,0.092356301,0.165633734,0.135619816,0.017341756
1741,78,155,78155,Fall,MILLER,30,3.401197382,10.99,2.396985768,1,0.155391168,0.111947994,0.056086079,0.314432275,0.013869969,10.95917494,0.246319072,0.092356301,0.165633734,0.135619816,0.017341756
1779,78,316,78316,Fall,MILLER,46,3.828641396,10.99,2.396985768,1,0.155391168,0.111947994,0.056086079,0.314432275,0.013869969,10.95917494,0.246319072,0.092356301,0.165633734,0.135619816,0.017341756
1823,78,308,78308,Summer,MILLER,51,3.931825633,10.99,2.396985768,1,0.155391168,0.111947994,0.056086079,0.314432275,0.013869969,10.95917494,0.246319072,0.092356301,0.165633734,0.135619816,0.017341756
1845,78,99,78099,Summer,MILLER,65,4.17438727,9.99,2.301584593,1,0.155391168,0.111947994,0.056086079,0.314432275,0.013869969,10.95917494,0.246319072,0.092356301,0.165633734,0.135619816,0.017341756
1985,78,196,78196,Summer,MILLER,14,2.63905733,11.99,2.484072969,0,0.155391168,0.111947994,0.056086079,0.314432275,0.013869969,10.95917494,0.246319072,0.092356301,0.165633734,0.135619816,0.017341756
2022,78,170,78170,Winter,MILLER,18,2.890371758,11.99,2.484072969,1,0.155391168,0.111947994,0.056086079,0.314432275,0.013869969,10.95917494,0.246319072,0.092356301,0.165633734,0.135619816,0.017341756
145,131,335,131335,Winter,AMSTEL,2,0.693147181,5.99,1.790091412,1,0.124252223,0.17065481,0.074656427,0.2713958,0.037446985,10.79353697,0.274067522,0.120368955,0.154104877,0.110549717,0.027004656
290,131,122,131122,Winter,AMSTEL,1,0,6.19,1.822935087,0,0.124252223,0.17065481,0.074656427,0.2713958,0.037446985,10.79353697,0.274067522,0.120368955,0.154104877,0.110549717,0.027004656
347,131,157,131157,Fall,AMSTEL,1,0,6.49,1.870262531,0,0.124252223,0.17065481,0.074656427,0.2713958,0.037446985,10.79353697,0.274067522,0.120368955,0.154104877,0.110549717,0.027004656
361,131,286,131286,Spring,AMSTEL,3,1.098612289,6.99,1.944480556,0,0.124252223,0.17065481,0.074656427,0.2713958,0.037446985,10.79353697,0.274067522,0.120368955,0.154104877,0.110549717,0.027004656
955,131,314,131314,Fall,AMSTEL,2,0.693147181,6.99,1.944480556,0,0.124252223,0.17065481,0.074656427,0.2713958,0.037446985,10.79353697,0.274067522,0.120368955,0.154104877,0.110549717,0.027004656
1088,131,252,131252,Summer,AMSTEL,3,1.098612289,6.59,1.885553349,0,0.124252223,0.17065481,0.074656427,0.2713958,0.037446985,10.79353697,0.274067522,0.120368955,0.154104877,0.110549717,0.027004656
1264,131,116,131116,Winter,AMSTEL,2,0.693147181,6.19,1.822935087,0,0.124252223,0.17065481,0.074656427,0.2713958,0.037446985,10.79353697,0.274067522,0.120368955,0.154104877,0.110549717,0.027004656
1298,131,306,131306,Summer,AMSTEL,5,1.609437912,5.99,1.790091412,1,0.124252223,0.17065481,0.074656427,0.2713958,0.037446985,10.79353697,0.274067522,0.120368955,0.154104877,0.110549717,0.027004656
1418,131,145,131145,Summer,AMSTEL,1,0,6.29,1.838961071,0,0.124252223,0.17065481,0.074656427,0.2713958,0.037446985,10.79353697,0.274067522,0.120368955,0.154104877,0.110549717,0.027004656
1725,131,163,131163,Fall,AMSTEL,7,1.945910149,4.99,1.60743591,1,0.124252223,0.17065481,0.074656427,0.2713958,0.037446985,10.79353697,0.274067522,0.120368955,0.154104877,0.110549717,0.027004656
1867,131,251,131251,Summer,AMSTEL,3,1.098612289,6.59,1.885553349,0,0.124252223,0.17065481,0.074656427,0.2713958,0.037446985,10.79353697,0.274067522,0.120368955,0.154104877,0.110549717,0.027004656
146,59,225,59225,Winter,COORS,1,0,10.99,2.396985768,0,0.172145374,0.110818913,0.024246568,0.233036093,0.031318168,10.7150398,0.213364348,0.111152723,0.181784136,0.035765003,0.038323726
169,59,170,59170,Winter,COORS,9,2.197224577,10.99,2.396985768,1,0.172145374,0.110818913,0.024246568,0.233036093,0.031318168,10.7150398,0.213364348,0.111152723,0.181784136,0.035765003,0.038323726
422,59,119,59119,Winter,COORS,6,1.791759469,11.99,2.484072969,0,0.172145374,0.110818913,0.024246568,0.233036093,0.031318168,10.7150398,0.213364348,0.111152723,0.181784136,0.035765003,0.038323726
431,59,228,59228,Winter,COORS,7,1.945910149,9.99,2.301584593,1,0.172145374,0.110818913,0.024246568,0.233036093,0.031318168,10.7150398,0.213364348,0.111152723,0.181784136,0.035765003,0.038323726
1083,59,280,59280,Winter,COORS,3,1.098612289,11.99,2.484072969,0,0.172145374,0.110818913,0.024246568,0.233036093,0.031318168,10.7150398,0.213364348,0.111152723,0.181784136,0.035765003,0.038323726
1162,59,140,59140,Spring,COORS,4,1.386294361,11.99,2.484072969,0,0.172145374,0.110818913,0.024246568,0.233036093,0.031318168,10.7150398,0.213364348,0.111152723,0.181784136,0.035765003,0.038323726
1546,59,144,59144,Summer,COORS,13,2.564949357,10.99,2.396985768,1,0.172145374,0.110818913,0.024246568,0.233036093,0.031318168,10.7150398,0.213364348,0.111152723,0.181784136,0.035765003,0.038323726
1603,59,288,59288,Spring,COORS,1,0,12.99,2.564179831,0,0.172145374,0.110818913,0.024246568,0.233036093,0.031318168,10.7150398,0.213364348,0.111152723,0.181784136,0.035765003,0.038323726
1649,59,193,59193,Summer,COORS,8,2.079441542,9.99,2.301584593,1,0.172145374,0.110818913,0.024246568,0.233036093,0.031318168,10.7150398,0.213364348,0.111152723,0.181784136,0.035765003,0.038323726
1687,59,253,59253,Summer,COORS,6,1.791759469,11.99,2.484072969,0,0.172145374,0.110818913,0.024246568,0.233036093,0.031318168,10.7150398,0.213364348,0.111152723,0.181784136,0.035765003,0.038323726
1965,59,205,59205,Summer,COORS,11,2.397895273,10.99,2.396985768,1,0.172145374,0.110818913,0.024246568,0.233036093,0.031318168,10.7150398,0.213364348,0.111152723,0.181784136,0.035765003,0.038323726
147,77,365,77365,Fall,AMSTEL,4,1.386294361,6.99,1.944480556,0,0.174716756,0.10110045,0.073507887,0.376871097,0.016867843,10.98312087,0.230663978,0.096568962,0.18200409,0.116441698,0.025692617
192,77,358,77358,Summer,AMSTEL,7,1.945910149,5.99,1.790091412,1,0.174716756,0.10110045,0.073507887,0.376871097,0.016867843,10.98312087,0.230663978,0.096568962,0.18200409,0.116441698,0.025692617
272,77,346,77346,Spring,AMSTEL,2,0.693147181,6.49,1.870262531,0,0.174716756,0.10110045,0.073507887,0.376871097,0.016867843,10.98312087,0.230663978,0.096568962,0.18200409,0.116441698,0.025692617
349,77,172,77172,Winter,AMSTEL,1,0,4.99,1.60743591,1,0.174716756,0.10110045,0.073507887,0.376871097,0.016867843,10.98312087,0.230663978,0.096568962,0.18200409,0.116441698,0.025692617
353,77,236,77236,Spring,AMSTEL,2,0.693147181,6.29,1.838961071,0,0.174716756,0.10110045,0.073507887,0.376871097,0.016867843,10.98312087,0.230663978,0.096568962,0.18200409,0.116441698,0.025692617
396,77,366,77366,Fall,AMSTEL,3,1.098612289,6.99,1.944480556,0,0.174716756,0.10110045,0.073507887,0.376871097,0.016867843,10.98312087,0.230663978,0.096568962,0.18200409,0.116441698,0.025692617
584,77,230,77230,Winter,AMSTEL,5,1.609437912,6.29,1.838961071,0,0.174716756,0.10110045,0.073507887,0.376871097,0.016867843,10.98312087,0.230663978,0.096568962,0.18200409,0.116441698,0.025692617
660,77,260,77260,Fall,AMSTEL,2,0.693147181,6.29,1.838961071,0,0.174716756,0.10110045,0.073507887,0.376871097,0.016867843,10.98312087,0.230663978,0.096568962,0.18200409,0.116441698,0.025692617
710,77,340,77340,Spring,AMSTEL,7,1.945910149,6.99,1.944480556,0,0.174716756,0.10110045,0.073507887,0.376871097,0.016867843,10.98312087,0.230663978,0.096568962,0.18200409,0.116441698,0.025692617
970,77,249,77249,Summer,AMSTEL,4,1.386294361,6.29,1.838961071,0,0.174716756,0.10110045,0.073507887,0.376871097,0.016867843,10.98312087,0.230663978,0.096568962,0.18200409,0.116441698,0.025692617
1238,77,246,77246,Summer,AMSTEL,11,2.397895273,4.99,1.60743591,1,0.174716756,0.10110045,0.073507887,0.376871097,0.016867843,10.98312087,0.230663978,0.096568962,0.18200409,0.116441698,0.025692617
1438,77,369,77369,Fall,AMSTEL,8,2.079441542,5.49,1.702928256,1,0.174716756,0.10110045,0.073507887,0.376871097,0.016867843,10.98312087,0.230663978,0.096568962,0.18200409,0.116441698,0.025692617
1469,77,232,77232,Spring,AMSTEL,5,1.609437912,6.29,1.838961071,0,0.174716756,0.10110045,0.073507887,0.376871097,0.016867843,10.98312087,0.230663978,0.096568962,0.18200409,0.116441698,0.025692617
1597,77,155,77155,Fall,AMSTEL,1,0,6.49,1.870262531,0,0.174716756,0.10110045,0.073507887,0.376871097,0.016867843,10.98312087,0.230663978,0.096568962,0.18200409,0.116441698,0.025692617
1664,77,325,77325,Winter,AMSTEL,5,1.609437912,6.79,1.915450942,1,0.174716756,0.10110045,0.073507887,0.376871097,0.016867843,10.98312087,0.230663978,0.096568962,0.18200409,0.116441698,0.025692617
150,71,228,71228,Winter,AMSTEL,5,1.609437912,4.99,1.60743591,1,0.111723683,0.26807087,0.074828009,0.159588077,0.15343218,10.40483843,0.26706132,0.232490272,0.179617762,0.100791631,0.073374341
323,71,318,71318,Fall,AMSTEL,2,0.693147181,5.99,1.790091412,1,0.111723683,0.26807087,0.074828009,0.159588077,0.15343218,10.40483843,0.26706132,0.232490272,0.179617762,0.100791631,0.073374341
332,71,261,71261,Fall,AMSTEL,5,1.609437912,6.59,1.885553349,0,0.111723683,0.26807087,0.074828009,0.159588077,0.15343218,10.40483843,0.26706132,0.232490272,0.179617762,0.100791631,0.073374341
354,71,297,71297,Summer,AMSTEL,3,1.098612289,6.65,1.894616855,0,0.111723683,0.26807087,0.074828009,0.159588077,0.15343218,10.40483843,0.26706132,0.232490272,0.179617762,0.100791631,0.073374341
776,71,107,71107,Fall,AMSTEL,1,0,6.19,1.822935087,0,0.111723683,0.26807087,0.074828009,0.159588077,0.15343218,10.40483843,0.26706132,0.232490272,0.179617762,0.100791631,0.073374341
1395,71,372,71372,Fall,AMSTEL,2,0.693147181,6.99,1.944480556,0,0.111723683,0.26807087,0.074828009,0.159588077,0.15343218,10.40483843,0.26706132,0.232490272,0.179617762,0.100791631,0.073374341
1616,71,147,71147,Summer,AMSTEL,2,0.693147181,6.29,1.838961071,0,0.111723683,0.26807087,0.074828009,0.159588077,0.15343218,10.40483843,0.26706132,0.232490272,0.179617762,0.100791631,0.073374341
1861,71,374,71374,Fall,AMSTEL,6,1.791759469,5.49,1.702928256,1,0.111723683,0.26807087,0.074828009,0.159588077,0.15343218,10.40483843,0.26706132,0.232490272,0.179617762,0.100791631,0.073374341
153,8,195,8195,Summer,COORS,4,1.386294361,9.99,2.301584593,1,0.123155416,0.252394035,0.035243328,0.095173274,0.075112724,10.59700966,0.250372149,0.208451971,0.173884809,0.04599686,0.05135254
298,8,303,8303,Summer,COORS,1,0,11.99,2.484072969,1,0.123155416,0.252394035,0.035243328,0.095173274,0.075112724,10.59700966,0.250372149,0.208451971,0.173884809,0.04599686,0.05135254
553,8,174,8174,Winter,COORS,1,0,10.99,2.396985768,1,0.123155416,0.252394035,0.035243328,0.095173274,0.075112724,10.59700966,0.250372149,0.208451971,0.173884809,0.04599686,0.05135254
999,8,257,8257,Summer,COORS,2,0.693147181,11.99,2.484072969,0,0.123155416,0.252394035,0.035243328,0.095173274,0.075112724,10.59700966,0.250372149,0.208451971,0.173884809,0.04599686,0.05135254
1745,8,232,8232,Spring,COORS,1,0,10.99,2.396985768,0,0.123155416,0.252394035,0.035243328,0.095173274,0.075112724,10.59700966,0.250372149,0.208451971,0.173884809,0.04599686,0.05135254
1752,8,182,8182,Spring,COORS,1,0,10.99,2.396985768,0,0.123155416,0.252394035,0.035243328,0.095173274,0.075112724,10.59700966,0.250372149,0.208451971,0.173884809,0.04599686,0.05135254
1785,8,157,8157,Fall,COORS,1,0,10.99,2.396985768,0,0.123155416,0.252394035,0.035243328,0.095173274,0.075112724,10.59700966,0.250372149,0.208451971,0.173884809,0.04599686,0.05135254
1814,8,311,8311,Fall,COORS,2,0.693147181,11.49,2.441477092,0,0.123155416,0.252394035,0.035243328,0.095173274,0.075112724,10.59700966,0.250372149,0.208451971,0.173884809,0.04599686,0.05135254
158,100,241,100241,Spring,COORS,9,2.197224577,10.99,2.396985768,1,0.184360976,0.136995144,0.564086801,0.049550286,0.365650445,10.0365751,0.360772697,0.18784972,0.240074607,0.612805065,0.166714002
197,100,259,100259,Fall,COORS,4,1.386294361,11.99,2.484072969,0,0.184360976,0.136995144,0.564086801,0.049550286,0.365650445,10.0365751,0.360772697,0.18784972,0.240074607,0.612805065,0.166714002
370,100,316,100316,Fall,COORS,3,1.098612289,10.99,2.396985768,1,0.184360976,0.136995144,0.564086801,0.049550286,0.365650445,10.0365751,0.360772697,0.18784972,0.240074607,0.612805065,0.166714002
684,100,132,100132,Spring,COORS,6,1.791759469,10.99,2.396985768,1,0.184360976,0.136995144,0.564086801,0.049550286,0.365650445,10.0365751,0.360772697,0.18784972,0.240074607,0.612805065,0.166714002
742,100,207,100207,Fall,COORS,6,1.791759469,11.99,2.484072969,0,0.184360976,0.136995144,0.564086801,0.049550286,0.365650445,10.0365751,0.360772697,0.18784972,0.240074607,0.612805065,0.166714002
1005,100,234,100234,Spring,COORS,3,1.098612289,11.99,2.484072969,1,0.184360976,0.136995144,0.564086801,0.049550286,0.365650445,10.0365751,0.360772697,0.18784972,0.240074607,0.612805065,0.166714002
1013,100,98,100098,Summer,COORS,1,0,10.99,2.396985768,0,0.184360976,0.136995144,0.564086801,0.049550286,0.365650445,10.0365751,0.360772697,0.18784972,0.240074607,0.612805065,0.166714002
1134,100,139,100139,Spring,COORS,5,1.609437912,10.99,2.396985768,1,0.184360976,0.136995144,0.564086801,0.049550286,0.365650445,10.0365751,0.360772697,0.18784972,0.240074607,0.612805065,0.166714002
1300,100,149,100149,Summer,COORS,3,1.098612289,11.99,2.484072969,0,0.184360976,0.136995144,0.564086801,0.049550286,0.365650445,10.0365751,0.360772697,0.18784972,0.240074607,0.612805065,0.166714002
1525,100,295,100295,Spring,COORS,2,0.693147181,12.99,2.564179831,0,0.184360976,0.136995144,0.564086801,0.049550286,0.365650445,10.0365751,0.360772697,0.18784972,0.240074607,0.612805065,0.166714002
1718,100,91,100091,Summer,COORS,5,1.609437912,10.99,2.396985768,0,0.184360976,0.136995144,0.564086801,0.049550286,0.365650445,10.0365751,0.360772697,0.18784972,0.240074607,0.612805065,0.166714002
1970,100,303,100303,Summer,COORS,1,0,11.99,2.484072969,1,0.184360976,0.136995144,0.564086801,0.049550286,0.365650445,10.0365751,0.360772697,0.18784972,0.240074607,0.612805065,0.166714002
1976,100,243,100243,Spring,COORS,6,1.791759469,11.99,2.484072969,0,0.184360976,0.136995144,0.564086801,0.049550286,0.365650445,10.0365751,0.360772697,0.18784972,0.240074607,0.612805065,0.166714002
1988,100,97,100097,Summer,COORS,1,0,9.69,2.271094426,0,0.184360976,0.136995144,0.564086801,0.049550286,0.365650445,10.0365751,0.360772697,0.18784972,0.240074607,0.612805065,0.166714002
