Final exam/651FINALEXAM/Q1Q2V6.csv
ID,STORE,Week,STOREWEEK,Season,BRAND,MOVE,logmove,PRICE,logprice,Feat,AGE9,AGE60,ETHNIC,EDUC,NOCAR,INCOME,SINGLE,RETIRED,UNEMP,NWHITE,POVERTY
159,93,309,93309,Summer,AMSTEL,4,1.386294361,6.99,1.944480556,0,0.112512768,0.142390194,0.347395301,0.363016383,0.238512583,10.36719012,0.451428571,0.128290091,0.197999375,0.393360572,0.078126956
287,93,351,93351,Summer,AMSTEL,9,2.197224577,6.99,1.944480556,0,0.112512768,0.142390194,0.347395301,0.363016383,0.238512583,10.36719012,0.451428571,0.128290091,0.197999375,0.393360572,0.078126956
618,93,240,93240,Spring,AMSTEL,1,0,6.59,1.885553349,0,0.112512768,0.142390194,0.347395301,0.363016383,0.238512583,10.36719012,0.451428571,0.128290091,0.197999375,0.393360572,0.078126956
973,93,352,93352,Summer,AMSTEL,2,0.693147181,6.99,1.944480556,0,0.112512768,0.142390194,0.347395301,0.363016383,0.238512583,10.36719012,0.451428571,0.128290091,0.197999375,0.393360572,0.078126956
1002,93,269,93269,Fall,AMSTEL,5,1.609437912,6.59,1.885553349,0,0.112512768,0.142390194,0.347395301,0.363016383,0.238512583,10.36719012,0.451428571,0.128290091,0.197999375,0.393360572,0.078126956
1276,93,302,93302,Summer,AMSTEL,3,1.098612289,6.99,1.944480556,0,0.112512768,0.142390194,0.347395301,0.363016383,0.238512583,10.36719012,0.451428571,0.128290091,0.197999375,0.393360572,0.078126956
1330,93,256,93256,Summer,AMSTEL,12,2.48490665,4.99,1.60743591,1,0.112512768,0.142390194,0.347395301,0.363016383,0.238512583,10.36719012,0.451428571,0.128290091,0.197999375,0.393360572,0.078126956
1430,93,377,93377,Winter,AMSTEL,4,1.386294361,6.99,1.944480556,0,0.112512768,0.142390194,0.347395301,0.363016383,0.238512583,10.36719012,0.451428571,0.128290091,0.197999375,0.393360572,0.078126956
1641,93,366,93366,Fall,AMSTEL,4,1.386294361,6.99,1.944480556,0,0.112512768,0.142390194,0.347395301,0.363016383,0.238512583,10.36719012,0.451428571,0.128290091,0.197999375,0.393360572,0.078126956
2047,93,378,93378,Winter,AMSTEL,3,1.098612289,6.99,1.944480556,0,0.112512768,0.142390194,0.347395301,0.363016383,0.238512583,10.36719012,0.451428571,0.128290091,0.197999375,0.393360572,0.078126956
165,98,212,98212,Fall,AMSTEL,3,1.098612289,6.29,1.838961071,0,0.118516496,0.24920053,0.164963731,0.051702821,0.149392499,10.57359638,0.275618876,0.209854644,0.178713969,0.176975275,0.065095636
355,98,374,98374,Fall,AMSTEL,3,1.098612289,5.49,1.702928256,1,0.118516496,0.24920053,0.164963731,0.051702821,0.149392499,10.57359638,0.275618876,0.209854644,0.178713969,0.176975275,0.065095636
686,98,119,98119,Winter,AMSTEL,1,0,4.99,1.60743591,1,0.118516496,0.24920053,0.164963731,0.051702821,0.149392499,10.57359638,0.275618876,0.209854644,0.178713969,0.176975275,0.065095636
794,98,292,98292,Spring,AMSTEL,2,0.693147181,6.99,1.944480556,0,0.118516496,0.24920053,0.164963731,0.051702821,0.149392499,10.57359638,0.275618876,0.209854644,0.178713969,0.176975275,0.065095636
902,98,136,98136,Spring,AMSTEL,1,0,6.29,1.838961071,0,0.118516496,0.24920053,0.164963731,0.051702821,0.149392499,10.57359638,0.275618876,0.209854644,0.178713969,0.176975275,0.065095636
942,98,207,98207,Fall,AMSTEL,2,0.693147181,6.29,1.838961071,0,0.118516496,0.24920053,0.164963731,0.051702821,0.149392499,10.57359638,0.275618876,0.209854644,0.178713969,0.176975275,0.065095636
1029,98,355,98355,Summer,AMSTEL,5,1.609437912,6.99,1.944480556,0,0.118516496,0.24920053,0.164963731,0.051702821,0.149392499,10.57359638,0.275618876,0.209854644,0.178713969,0.176975275,0.065095636
1228,98,96,98096,Summer,AMSTEL,6,1.791759469,4.99,1.60743591,0,0.118516496,0.24920053,0.164963731,0.051702821,0.149392499,10.57359638,0.275618876,0.209854644,0.178713969,0.176975275,0.065095636
1244,98,177,98177,Winter,AMSTEL,7,1.945910149,4.99,1.60743591,1,0.118516496,0.24920053,0.164963731,0.051702821,0.149392499,10.57359638,0.275618876,0.209854644,0.178713969,0.176975275,0.065095636
1540,98,255,98255,Summer,AMSTEL,1,0,6.59,1.885553349,0,0.118516496,0.24920053,0.164963731,0.051702821,0.149392499,10.57359638,0.275618876,0.209854644,0.178713969,0.176975275,0.065095636
1572,98,142,98142,Summer,AMSTEL,9,2.197224577,4.99,1.60743591,1,0.118516496,0.24920053,0.164963731,0.051702821,0.149392499,10.57359638,0.275618876,0.209854644,0.178713969,0.176975275,0.065095636
1619,98,178,98178,Winter,AMSTEL,2,0.693147181,6.49,1.870262531,0,0.118516496,0.24920053,0.164963731,0.051702821,0.149392499,10.57359638,0.275618876,0.209854644,0.178713969,0.176975275,0.065095636
1684,98,396,98396,Spring,AMSTEL,3,1.098612289,6.99,1.944480556,0,0.118516496,0.24920053,0.164963731,0.051702821,0.149392499,10.57359638,0.275618876,0.209854644,0.178713969,0.176975275,0.065095636
1719,98,107,98107,Fall,AMSTEL,2,0.693147181,6.19,1.822935087,0,0.118516496,0.24920053,0.164963731,0.051702821,0.149392499,10.57359638,0.275618876,0.209854644,0.178713969,0.176975275,0.065095636
1769,98,371,98371,Fall,AMSTEL,4,1.386294361,5.49,1.702928256,1,0.118516496,0.24920053,0.164963731,0.051702821,0.149392499,10.57359638,0.275618876,0.209854644,0.178713969,0.176975275,0.065095636
1884,98,391,98391,Spring,AMSTEL,1,0,5.99,1.790091412,1,0.118516496,0.24920053,0.164963731,0.051702821,0.149392499,10.57359638,0.275618876,0.209854644,0.178713969,0.176975275,0.065095636
1885,98,127,98127,Winter,AMSTEL,2,0.693147181,6.29,1.838961071,0,0.118516496,0.24920053,0.164963731,0.051702821,0.149392499,10.57359638,0.275618876,0.209854644,0.178713969,0.176975275,0.065095636
2007,98,106,98106,Fall,AMSTEL,1,0,6.19,1.822935087,0,0.118516496,0.24920053,0.164963731,0.051702821,0.149392499,10.57359638,0.275618876,0.209854644,0.178713969,0.176975275,0.065095636
168,18,127,18127,Winter,MILLER,7,1.945910149,11.99,2.484072969,0,0.110094984,0.272313368,0.074417144,0.072246456,0.141974694,10.39197554,0.256403079,0.215321609,0.165454107,0.08956747,0.075727381
224,18,136,18136,Spring,MILLER,31,3.433987204,10.99,2.396985768,1,0.110094984,0.272313368,0.074417144,0.072246456,0.141974694,10.39197554,0.256403079,0.215321609,0.165454107,0.08956747,0.075727381
244,18,129,18129,Spring,MILLER,22,3.091042453,10.99,2.396985768,1,0.110094984,0.272313368,0.074417144,0.072246456,0.141974694,10.39197554,0.256403079,0.215321609,0.165454107,0.08956747,0.075727381
269,18,283,18283,Winter,MILLER,24,3.17805383,11.9,2.4765384,0,0.110094984,0.272313368,0.074417144,0.072246456,0.141974694,10.39197554,0.256403079,0.215321609,0.165454107,0.08956747,0.075727381
330,18,300,18300,Summer,MILLER,31,3.433987204,12.99,2.564179831,0,0.110094984,0.272313368,0.074417144,0.072246456,0.141974694,10.39197554,0.256403079,0.215321609,0.165454107,0.08956747,0.075727381
508,18,131,18131,Spring,MILLER,7,1.945910149,11.99,2.484072969,0,0.110094984,0.272313368,0.074417144,0.072246456,0.141974694,10.39197554,0.256403079,0.215321609,0.165454107,0.08956747,0.075727381
771,18,242,18242,Spring,MILLER,14,2.63905733,11.99,2.484072969,0,0.110094984,0.272313368,0.074417144,0.072246456,0.141974694,10.39197554,0.256403079,0.215321609,0.165454107,0.08956747,0.075727381
812,18,308,18308,Summer,MILLER,59,4.077537444,10.99,2.396985768,1,0.110094984,0.272313368,0.074417144,0.072246456,0.141974694,10.39197554,0.256403079,0.215321609,0.165454107,0.08956747,0.075727381
827,18,293,18293,Spring,MILLER,27,3.295836866,12.99,2.564179831,0,0.110094984,0.272313368,0.074417144,0.072246456,0.141974694,10.39197554,0.256403079,0.215321609,0.165454107,0.08956747,0.075727381
1033,18,217,18217,Fall,MILLER,56,4.025351691,9.99,2.301584593,1,0.110094984,0.272313368,0.074417144,0.072246456,0.141974694,10.39197554,0.256403079,0.215321609,0.165454107,0.08956747,0.075727381
1079,18,213,18213,Fall,MILLER,26,3.258096538,10.99,2.396985768,1,0.110094984,0.272313368,0.074417144,0.072246456,0.141974694,10.39197554,0.256403079,0.215321609,0.165454107,0.08956747,0.075727381
1087,18,299,18299,Summer,MILLER,50,3.912023005,12.19,2.500615943,0,0.110094984,0.272313368,0.074417144,0.072246456,0.141974694,10.39197554,0.256403079,0.215321609,0.165454107,0.08956747,0.075727381
1386,18,230,18230,Winter,MILLER,41,3.713572067,11.23,2.418588769,0,0.110094984,0.272313368,0.074417144,0.072246456,0.141974694,10.39197554,0.256403079,0.215321609,0.165454107,0.08956747,0.075727381
1392,18,309,18309,Summer,MILLER,36,3.583518938,12.93,2.559550193,0,0.110094984,0.272313368,0.074417144,0.072246456,0.141974694,10.39197554,0.256403079,0.215321609,0.165454107,0.08956747,0.075727381
1457,18,142,18142,Summer,MILLER,48,3.871201011,10.99,2.396985768,1,0.110094984,0.272313368,0.074417144,0.072246456,0.141974694,10.39197554,0.256403079,0.215321609,0.165454107,0.08956747,0.075727381
1746,18,124,18124,Winter,MILLER,28,3.33220451,10.99,2.396985768,0,0.110094984,0.272313368,0.074417144,0.072246456,0.141974694,10.39197554,0.256403079,0.215321609,0.165454107,0.08956747,0.075727381
172,80,192,80192,Spring,MILLER,14,2.63905733,10.99,2.396985768,1,0.138604057,0.152691263,0.041910238,0.304465687,0.030874641,10.90950929,0.253846154,0.117798975,0.163535635,0.074365117,0.023853832
358,80,94,80094,Summer,MILLER,59,4.077537444,9.49,2.250238613,1,0.138604057,0.152691263,0.041910238,0.304465687,0.030874641,10.90950929,0.253846154,0.117798975,0.163535635,0.074365117,0.023853832
364,80,282,80282,Winter,MILLER,10,2.302585093,11.99,2.484072969,0,0.138604057,0.152691263,0.041910238,0.304465687,0.030874641,10.90950929,0.253846154,0.117798975,0.163535635,0.074365117,0.023853832
1077,80,142,80142,Summer,MILLER,29,3.36729583,10.99,2.396985768,1,0.138604057,0.152691263,0.041910238,0.304465687,0.030874641,10.90950929,0.253846154,0.117798975,0.163535635,0.074365117,0.023853832
1089,80,148,80148,Summer,MILLER,60,4.094344562,10.49,2.350422422,1,0.138604057,0.152691263,0.041910238,0.304465687,0.030874641,10.90950929,0.253846154,0.117798975,0.163535635,0.074365117,0.023853832
1173,80,174,80174,Winter,MILLER,10,2.302585093,11.99,2.484072969,0,0.138604057,0.152691263,0.041910238,0.304465687,0.030874641,10.90950929,0.253846154,0.117798975,0.163535635,0.074365117,0.023853832
1233,80,233,80233,Spring,MILLER,8,2.079441542,10.99,2.396985768,1,0.138604057,0.152691263,0.041910238,0.304465687,0.030874641,10.90950929,0.253846154,0.117798975,0.163535635,0.074365117,0.023853832
1792,80,226,80226,Winter,MILLER,14,2.63905733,10.99,2.396985768,0,0.138604057,0.152691263,0.041910238,0.304465687,0.030874641,10.90950929,0.253846154,0.117798975,0.163535635,0.074365117,0.023853832
173,80,146,80146,Summer,COORS,3,1.098612289,10.99,2.396985768,1,0.138604057,0.152691263,0.041910238,0.304465687,0.030874641,10.90950929,0.253846154,0.117798975,0.163535635,0.074365117,0.023853832
451,80,189,80189,Spring,COORS,3,1.098612289,10.99,2.396985768,0,0.138604057,0.152691263,0.041910238,0.304465687,0.030874641,10.90950929,0.253846154,0.117798975,0.163535635,0.074365117,0.023853832
969,80,93,80093,Summer,COORS,10,2.302585093,9.69,2.271094426,1,0.138604057,0.152691263,0.041910238,0.304465687,0.030874641,10.90950929,0.253846154,0.117798975,0.163535635,0.074365117,0.023853832
1069,80,246,80246,Summer,COORS,6,1.791759469,10.99,2.396985768,1,0.138604057,0.152691263,0.041910238,0.304465687,0.030874641,10.90950929,0.253846154,0.117798975,0.163535635,0.074365117,0.023853832
1121,80,239,80239,Spring,COORS,2,0.693147181,11.99,2.484072969,0,0.138604057,0.152691263,0.041910238,0.304465687,0.030874641,10.90950929,0.253846154,0.117798975,0.163535635,0.074365117,0.023853832
1354,80,151,80151,Summer,COORS,2,0.693147181,10.99,2.396985768,0,0.138604057,0.152691263,0.041910238,0.304465687,0.030874641,10.90950929,0.253846154,0.117798975,0.163535635,0.074365117,0.023853832
1662,80,209,80209,Fall,COORS,1,0,11.99,2.484072969,0,0.138604057,0.152691263,0.041910238,0.304465687,0.030874641,10.90950929,0.253846154,0.117798975,0.163535635,0.074365117,0.023853832
1822,80,175,80175,Winter,COORS,3,1.098612289,10.99,2.396985768,1,0.138604057,0.152691263,0.041910238,0.304465687,0.030874641,10.90950929,0.253846154,0.117798975,0.163535635,0.074365117,0.023853832
1855,80,298,80298,Summer,COORS,4,1.386294361,11.99,2.484072969,1,0.138604057,0.152691263,0.041910238,0.304465687,0.030874641,10.90950929,0.253846154,0.117798975,0.163535635,0.074365117,0.023853832
175,129,119,129119,Winter,AMSTEL,5,1.609437912,4.99,1.60743591,1,0.172501467,0.103412869,0.034128692,0.307842548,0.024509101,10.99986401,0.203080691,0.111313992,0.19706499,0.053099941,0.029529817
211,129,337,129337,Spring,AMSTEL,14,2.63905733,5.99,1.790091412,1,0.172501467,0.103412869,0.034128692,0.307842548,0.024509101,10.99986401,0.203080691,0.111313992,0.19706499,0.053099941,0.029529817
338,129,314,129314,Fall,AMSTEL,4,1.386294361,6.99,1.944480556,0,0.172501467,0.103412869,0.034128692,0.307842548,0.024509101,10.99986401,0.203080691,0.111313992,0.19706499,0.053099941,0.029529817
442,129,163,129163,Fall,AMSTEL,2,0.693147181,4.99,1.60743591,1,0.172501467,0.103412869,0.034128692,0.307842548,0.024509101,10.99986401,0.203080691,0.111313992,0.19706499,0.053099941,0.029529817
516,129,156,129156,Fall,AMSTEL,7,1.945910149,6.49,1.870262531,0,0.172501467,0.103412869,0.034128692,0.307842548,0.024509101,10.99986401,0.203080691,0.111313992,0.19706499,0.053099941,0.029529817
563,129,271,129271,Winter,AMSTEL,11,2.397895273,5.49,1.702928256,1,0.172501467,0.103412869,0.034128692,0.307842548,0.024509101,10.99986401,0.203080691,0.111313992,0.19706499,0.053099941,0.029529817
778,129,91,129091,Summer,AMSTEL,7,1.945910149,6.19,1.822935087,0,0.172501467,0.103412869,0.034128692,0.307842548,0.024509101,10.99986401,0.203080691,0.111313992,0.19706499,0.053099941,0.029529817
792,129,197,129197,Summer,AMSTEL,2,0.693147181,6.29,1.838961071,0,0.172501467,0.103412869,0.034128692,0.307842548,0.024509101,10.99986401,0.203080691,0.111313992,0.19706499,0.053099941,0.029529817
851,129,98,129098,Summer,AMSTEL,4,1.386294361,6.19,1.822935087,0,0.172501467,0.103412869,0.034128692,0.307842548,0.024509101,10.99986401,0.203080691,0.111313992,0.19706499,0.053099941,0.029529817
901,129,364,129364,Fall,AMSTEL,5,1.609437912,6.99,1.944480556,0,0.172501467,0.103412869,0.034128692,0.307842548,0.024509101,10.99986401,0.203080691,0.111313992,0.19706499,0.053099941,0.029529817
910,129,287,129287,Spring,AMSTEL,9,2.197224577,6.99,1.944480556,0,0.172501467,0.103412869,0.034128692,0.307842548,0.024509101,10.99986401,0.203080691,0.111313992,0.19706499,0.053099941,0.029529817
1126,129,224,129224,Winter,AMSTEL,11,2.397895273,6.29,1.838961071,0,0.172501467,0.103412869,0.034128692,0.307842548,0.024509101,10.99986401,0.203080691,0.111313992,0.19706499,0.053099941,0.029529817
1234,129,245,129245,Summer,AMSTEL,14,2.63905733,4.99,1.60743591,1,0.172501467,0.103412869,0.034128692,0.307842548,0.024509101,10.99986401,0.203080691,0.111313992,0.19706499,0.053099941,0.029529817
1323,129,255,129255,Summer,AMSTEL,5,1.609437912,5.95,1.78339122,0,0.172501467,0.103412869,0.034128692,0.307842548,0.024509101,10.99986401,0.203080691,0.111313992,0.19706499,0.053099941,0.029529817
1346,129,351,129351,Summer,AMSTEL,13,2.564949357,6.99,1.944480556,0,0.172501467,0.103412869,0.034128692,0.307842548,0.024509101,10.99986401,0.203080691,0.111313992,0.19706499,0.053099941,0.029529817
1424,129,348,129348,Spring,AMSTEL,5,1.609437912,5.99,1.790091412,1,0.172501467,0.103412869,0.034128692,0.307842548,0.024509101,10.99986401,0.203080691,0.111313992,0.19706499,0.053099941,0.029529817
1634,129,225,129225,Winter,AMSTEL,6,1.791759469,6.29,1.838961071,0,0.172501467,0.103412869,0.034128692,0.307842548,0.024509101,10.99986401,0.203080691,0.111313992,0.19706499,0.053099941,0.029529817
1735,129,394,129394,Spring,AMSTEL,9,2.197224577,6.99,1.944480556,0,0.172501467,0.103412869,0.034128692,0.307842548,0.024509101,10.99986401,0.203080691,0.111313992,0.19706499,0.053099941,0.029529817
1776,129,122,129122,Winter,AMSTEL,1,0,6.19,1.822935087,0,0.172501467,0.103412869,0.034128692,0.307842548,0.024509101,10.99986401,0.203080691,0.111313992,0.19706499,0.053099941,0.029529817
177,84,150,84150,Summer,AMSTEL,2,0.693147181,4.99,1.60743591,0,0.164657284,0.122100005,0.02963639,0.188094318,0.013319672,10.76561773,0.231269528,0.108960476,0.190308609,0.057879821,0.024297424
208,84,129,84129,Spring,AMSTEL,2,0.693147181,6.29,1.838961071,0,0.164657284,0.122100005,0.02963639,0.188094318,0.013319672,10.76561773,0.231269528,0.108960476,0.190308609,0.057879821,0.024297424
518,84,141,84141,Summer,AMSTEL,1,0,6.29,1.838961071,0,0.164657284,0.122100005,0.02963639,0.188094318,0.013319672,10.76561773,0.231269528,0.108960476,0.190308609,0.057879821,0.024297424
811,84,134,84134,Spring,AMSTEL,2,0.693147181,6.29,1.838961071,0,0.164657284,0.122100005,0.02963639,0.188094318,0.013319672,10.76561773,0.231269528,0.108960476,0.190308609,0.057879821,0.024297424
882,84,386,84386,Winter,AMSTEL,1,0,6.49,1.870262531,1,0.164657284,0.122100005,0.02963639,0.188094318,0.013319672,10.76561773,0.231269528,0.108960476,0.190308609,0.057879821,0.024297424
1359,84,243,84243,Spring,AMSTEL,1,0,6.59,1.885553349,0,0.164657284,0.122100005,0.02963639,0.188094318,0.013319672,10.76561773,0.231269528,0.108960476,0.190308609,0.057879821,0.024297424
1467,84,319,84319,Fall,AMSTEL,2,0.693147181,6.99,1.944480556,0,0.164657284,0.122100005,0.02963639,0.188094318,0.013319672,10.76561773,0.231269528,0.108960476,0.190308609,0.057879821,0.024297424
1588,84,168,84168,Winter,AMSTEL,1,0,6.49,1.870262531,0,0.164657284,0.122100005,0.02963639,0.188094318,0.013319672,10.76561773,0.231269528,0.108960476,0.190308609,0.057879821,0.024297424
1893,84,114,84114,Fall,AMSTEL,1,0,6.19,1.822935087,0,0.164657284,0.122100005,0.02963639,0.188094318,0.013319672,10.76561773,0.231269528,0.108960476,0.190308609,0.057879821,0.024297424
