Final exam/651FINALEXAM/Q1Q2V6.csv
ID,STORE,Week,STOREWEEK,Season,BRAND,MOVE,logmove,PRICE,logprice,Feat,AGE9,AGE60,ETHNIC,EDUC,NOCAR,INCOME,SINGLE,RETIRED,UNEMP,NWHITE,POVERTY
179,122,287,122287,Spring,MILLER,79,4.369447852,11.99,2.484072969,1,0.16735739,0.061953911,0.078372885,0.255889066,0.019283122,10.77505285,0.269524042,0.055971112,0.186152769,0.145527017,0.018980641
181,122,100,122100,Summer,MILLER,207,5.332718793,9.99,2.301584593,0,0.16735739,0.061953911,0.078372885,0.255889066,0.019283122,10.77505285,0.269524042,0.055971112,0.186152769,0.145527017,0.018980641
253,122,301,122301,Summer,MILLER,72,4.276666119,12.85,2.553343811,0,0.16735739,0.061953911,0.078372885,0.255889066,0.019283122,10.77505285,0.269524042,0.055971112,0.186152769,0.145527017,0.018980641
420,122,232,122232,Spring,MILLER,55,4.007333185,11.15,2.411439498,1,0.16735739,0.061953911,0.078372885,0.255889066,0.019283122,10.77505285,0.269524042,0.055971112,0.186152769,0.145527017,0.018980641
557,122,304,122304,Summer,MILLER,71,4.262679877,12.96,2.561867691,1,0.16735739,0.061953911,0.078372885,0.255889066,0.019283122,10.77505285,0.269524042,0.055971112,0.186152769,0.145527017,0.018980641
721,122,223,122223,Winter,MILLER,203,5.313205979,9.99,2.301584593,0,0.16735739,0.061953911,0.078372885,0.255889066,0.019283122,10.77505285,0.269524042,0.055971112,0.186152769,0.145527017,0.018980641
1058,122,121,122121,Winter,MILLER,217,5.379897354,10.49,2.350422422,1,0.16735739,0.061953911,0.078372885,0.255889066,0.019283122,10.77505285,0.269524042,0.055971112,0.186152769,0.145527017,0.018980641
1117,122,150,122150,Summer,MILLER,136,4.912654886,10.99,2.396985768,1,0.16735739,0.061953911,0.078372885,0.255889066,0.019283122,10.77505285,0.269524042,0.055971112,0.186152769,0.145527017,0.018980641
1322,122,206,122206,Fall,MILLER,83,4.418840608,11.99,2.484072969,0,0.16735739,0.061953911,0.078372885,0.255889066,0.019283122,10.77505285,0.269524042,0.055971112,0.186152769,0.145527017,0.018980641
1763,122,205,122205,Summer,MILLER,88,4.477336814,11.99,2.484072969,0,0.16735739,0.061953911,0.078372885,0.255889066,0.019283122,10.77505285,0.269524042,0.055971112,0.186152769,0.145527017,0.018980641
1797,122,213,122213,Fall,MILLER,116,4.753590191,10.99,2.396985768,1,0.16735739,0.061953911,0.078372885,0.255889066,0.019283122,10.77505285,0.269524042,0.055971112,0.186152769,0.145527017,0.018980641
1873,122,300,122300,Summer,MILLER,67,4.204692619,12.99,2.564179831,0,0.16735739,0.061953911,0.078372885,0.255889066,0.019283122,10.77505285,0.269524042,0.055971112,0.186152769,0.145527017,0.018980641
186,72,389,72389,Spring,AMSTEL,3,1.098612289,6.49,1.870262531,1,0.105576311,0.283727688,0.04593884,0.268724553,0.067621465,10.71219307,0.226300197,0.194626866,0.146353945,0.204995157,0.040246555
311,72,144,72144,Summer,AMSTEL,2,0.693147181,6.29,1.838961071,0,0.105576311,0.283727688,0.04593884,0.268724553,0.067621465,10.71219307,0.226300197,0.194626866,0.146353945,0.204995157,0.040246555
489,72,392,72392,Spring,AMSTEL,1,0,6.99,1.944480556,0,0.105576311,0.283727688,0.04593884,0.268724553,0.067621465,10.71219307,0.226300197,0.194626866,0.146353945,0.204995157,0.040246555
814,72,234,72234,Spring,AMSTEL,1,0,6.29,1.838961071,0,0.105576311,0.283727688,0.04593884,0.268724553,0.067621465,10.71219307,0.226300197,0.194626866,0.146353945,0.204995157,0.040246555
840,72,346,72346,Spring,AMSTEL,3,1.098612289,6.32,1.843719208,1,0.105576311,0.283727688,0.04593884,0.268724553,0.067621465,10.71219307,0.226300197,0.194626866,0.146353945,0.204995157,0.040246555
963,72,185,72185,Spring,AMSTEL,1,0,6.29,1.838961071,0,0.105576311,0.283727688,0.04593884,0.268724553,0.067621465,10.71219307,0.226300197,0.194626866,0.146353945,0.204995157,0.040246555
1039,72,367,72367,Fall,AMSTEL,3,1.098612289,6.99,1.944480556,0,0.105576311,0.283727688,0.04593884,0.268724553,0.067621465,10.71219307,0.226300197,0.194626866,0.146353945,0.204995157,0.040246555
1133,72,304,72304,Summer,AMSTEL,2,0.693147181,6.99,1.944480556,0,0.105576311,0.283727688,0.04593884,0.268724553,0.067621465,10.71219307,0.226300197,0.194626866,0.146353945,0.204995157,0.040246555
1231,72,101,72101,Summer,AMSTEL,4,1.386294361,6.19,1.822935087,0,0.105576311,0.283727688,0.04593884,0.268724553,0.067621465,10.71219307,0.226300197,0.194626866,0.146353945,0.204995157,0.040246555
1301,72,138,72138,Spring,AMSTEL,2,0.693147181,6.29,1.838961071,0,0.105576311,0.283727688,0.04593884,0.268724553,0.067621465,10.71219307,0.226300197,0.194626866,0.146353945,0.204995157,0.040246555
1336,72,283,72283,Winter,AMSTEL,5,1.609437912,5.39,1.684545385,0,0.105576311,0.283727688,0.04593884,0.268724553,0.067621465,10.71219307,0.226300197,0.194626866,0.146353945,0.204995157,0.040246555
1554,72,195,72195,Summer,AMSTEL,5,1.609437912,6.29,1.838961071,0,0.105576311,0.283727688,0.04593884,0.268724553,0.067621465,10.71219307,0.226300197,0.194626866,0.146353945,0.204995157,0.040246555
1832,72,212,72212,Fall,AMSTEL,1,0,6.29,1.838961071,0,0.105576311,0.283727688,0.04593884,0.268724553,0.067621465,10.71219307,0.226300197,0.194626866,0.146353945,0.204995157,0.040246555
1940,72,150,72150,Summer,AMSTEL,10,2.302585093,4.99,1.60743591,0,0.105576311,0.283727688,0.04593884,0.268724553,0.067621465,10.71219307,0.226300197,0.194626866,0.146353945,0.204995157,0.040246555
187,128,137,128137,Spring,MILLER,40,3.688879454,10.99,2.396985768,1,0.138208506,0.157485189,0.355911221,0.211896894,0.34014789,10.15342882,0.397690129,0.157038699,0.180931015,0.479618003,0.113527621
250,128,193,128193,Summer,MILLER,73,4.290459441,11.52,2.444084655,1,0.138208506,0.157485189,0.355911221,0.211896894,0.34014789,10.15342882,0.397690129,0.157038699,0.180931015,0.479618003,0.113527621
826,128,190,128190,Spring,MILLER,38,3.63758616,11.99,2.484072969,0,0.138208506,0.157485189,0.355911221,0.211896894,0.34014789,10.15342882,0.397690129,0.157038699,0.180931015,0.479618003,0.113527621
872,128,149,128149,Summer,MILLER,73,4.290459441,10.49,2.350422422,0,0.138208506,0.157485189,0.355911221,0.211896894,0.34014789,10.15342882,0.397690129,0.157038699,0.180931015,0.479618003,0.113527621
1115,128,139,128139,Spring,MILLER,33,3.496507561,11.99,2.484072969,0,0.138208506,0.157485189,0.355911221,0.211896894,0.34014789,10.15342882,0.397690129,0.157038699,0.180931015,0.479618003,0.113527621
1246,128,228,128228,Winter,MILLER,56,4.025351691,9.99,2.301584593,1,0.138208506,0.157485189,0.355911221,0.211896894,0.34014789,10.15342882,0.397690129,0.157038699,0.180931015,0.479618003,0.113527621
1282,128,161,128161,Fall,MILLER,48,3.871201011,9.99,2.301584593,1,0.138208506,0.157485189,0.355911221,0.211896894,0.34014789,10.15342882,0.397690129,0.157038699,0.180931015,0.479618003,0.113527621
1372,128,174,128174,Winter,MILLER,19,2.944438979,11.99,2.484072969,0,0.138208506,0.157485189,0.355911221,0.211896894,0.34014789,10.15342882,0.397690129,0.157038699,0.180931015,0.479618003,0.113527621
1389,128,233,128233,Spring,MILLER,43,3.761200116,10.99,2.396985768,1,0.138208506,0.157485189,0.355911221,0.211896894,0.34014789,10.15342882,0.397690129,0.157038699,0.180931015,0.479618003,0.113527621
1539,128,141,128141,Summer,MILLER,49,3.891820298,10.99,2.396985768,1,0.138208506,0.157485189,0.355911221,0.211896894,0.34014789,10.15342882,0.397690129,0.157038699,0.180931015,0.479618003,0.113527621
1559,128,184,128184,Spring,MILLER,51,3.931825633,10.99,2.396985768,1,0.138208506,0.157485189,0.355911221,0.211896894,0.34014789,10.15342882,0.397690129,0.157038699,0.180931015,0.479618003,0.113527621
1578,128,210,128210,Fall,MILLER,66,4.189654742,10.99,2.396985768,1,0.138208506,0.157485189,0.355911221,0.211896894,0.34014789,10.15342882,0.397690129,0.157038699,0.180931015,0.479618003,0.113527621
1632,128,309,128309,Summer,MILLER,35,3.555348061,12.99,2.564179831,0,0.138208506,0.157485189,0.355911221,0.211896894,0.34014789,10.15342882,0.397690129,0.157038699,0.180931015,0.479618003,0.113527621
1906,128,176,128176,Winter,MILLER,64,4.158883083,10.99,2.396985768,1,0.138208506,0.157485189,0.355911221,0.211896894,0.34014789,10.15342882,0.397690129,0.157038699,0.180931015,0.479618003,0.113527621
1935,128,144,128144,Summer,MILLER,32,3.465735903,11.99,2.484072969,0,0.138208506,0.157485189,0.355911221,0.211896894,0.34014789,10.15342882,0.397690129,0.157038699,0.180931015,0.479618003,0.113527621
1977,128,293,128293,Spring,MILLER,36,3.583518938,12.93,2.559550193,1,0.138208506,0.157485189,0.355911221,0.211896894,0.34014789,10.15342882,0.397690129,0.157038699,0.180931015,0.479618003,0.113527621
2053,128,92,128092,Summer,MILLER,64,4.158883083,10.99,2.396985768,0,0.138208506,0.157485189,0.355911221,0.211896894,0.34014789,10.15342882,0.397690129,0.157038699,0.180931015,0.479618003,0.113527621
190,89,102,89102,Fall,COORS,1,0,11.99,2.484072969,0,0.152115498,0.205811359,0.353053696,0.053349435,0.284282634,10.30811898,0.307044054,0.220319356,0.188200878,0.368766225,0.109616849
374,89,127,89127,Winter,COORS,2,0.693147181,10.99,2.396985768,1,0.152115498,0.205811359,0.353053696,0.053349435,0.284282634,10.30811898,0.307044054,0.220319356,0.188200878,0.368766225,0.109616849
689,89,128,89128,Spring,COORS,1,0,10.99,2.396985768,1,0.152115498,0.205811359,0.353053696,0.053349435,0.284282634,10.30811898,0.307044054,0.220319356,0.188200878,0.368766225,0.109616849
1062,89,311,89311,Fall,COORS,1,0,12.99,2.564179831,0,0.152115498,0.205811359,0.353053696,0.053349435,0.284282634,10.30811898,0.307044054,0.220319356,0.188200878,0.368766225,0.109616849
1171,89,228,89228,Winter,COORS,2,0.693147181,9.99,2.301584593,1,0.152115498,0.205811359,0.353053696,0.053349435,0.284282634,10.30811898,0.307044054,0.220319356,0.188200878,0.368766225,0.109616849
1334,89,173,89173,Winter,COORS,2,0.693147181,11.99,2.484072969,0,0.152115498,0.205811359,0.353053696,0.053349435,0.284282634,10.30811898,0.307044054,0.220319356,0.188200878,0.368766225,0.109616849
1537,89,250,89250,Summer,COORS,2,0.693147181,10.99,2.396985768,1,0.152115498,0.205811359,0.353053696,0.053349435,0.284282634,10.30811898,0.307044054,0.220319356,0.188200878,0.368766225,0.109616849
1547,89,204,89204,Summer,COORS,6,1.791759469,10.99,2.396985768,1,0.152115498,0.205811359,0.353053696,0.053349435,0.284282634,10.30811898,0.307044054,0.220319356,0.188200878,0.368766225,0.109616849
1708,89,279,89279,Winter,COORS,1,0,10.99,2.396985768,1,0.152115498,0.205811359,0.353053696,0.053349435,0.284282634,10.30811898,0.307044054,0.220319356,0.188200878,0.368766225,0.109616849
1737,89,147,89147,Summer,COORS,2,0.693147181,10.49,2.350422422,1,0.152115498,0.205811359,0.353053696,0.053349435,0.284282634,10.30811898,0.307044054,0.220319356,0.188200878,0.368766225,0.109616849
198,81,254,81254,Summer,AMSTEL,3,1.098612289,6.59,1.885553349,0,0.116792163,0.181118938,0.073961623,0.234201612,0.033180662,10.71993585,0.275213259,0.114415781,0.143095599,0.141243624,0.031450382
341,81,165,81165,Fall,AMSTEL,1,0,6.49,1.870262531,0,0.116792163,0.181118938,0.073961623,0.234201612,0.033180662,10.71993585,0.275213259,0.114415781,0.143095599,0.141243624,0.031450382
407,81,176,81176,Winter,AMSTEL,1,0,4.99,1.60743591,1,0.116792163,0.181118938,0.073961623,0.234201612,0.033180662,10.71993585,0.275213259,0.114415781,0.143095599,0.141243624,0.031450382
850,81,203,81203,Summer,AMSTEL,1,0,6.29,1.838961071,0,0.116792163,0.181118938,0.073961623,0.234201612,0.033180662,10.71993585,0.275213259,0.114415781,0.143095599,0.141243624,0.031450382
868,81,391,81391,Spring,AMSTEL,4,1.386294361,5.99,1.790091412,1,0.116792163,0.181118938,0.073961623,0.234201612,0.033180662,10.71993585,0.275213259,0.114415781,0.143095599,0.141243624,0.031450382
871,81,292,81292,Spring,AMSTEL,1,0,6.99,1.944480556,0,0.116792163,0.181118938,0.073961623,0.234201612,0.033180662,10.71993585,0.275213259,0.114415781,0.143095599,0.141243624,0.031450382
1016,81,306,81306,Summer,AMSTEL,2,0.693147181,5.99,1.790091412,1,0.116792163,0.181118938,0.073961623,0.234201612,0.033180662,10.71993585,0.275213259,0.114415781,0.143095599,0.141243624,0.031450382
1203,81,232,81232,Spring,AMSTEL,2,0.693147181,6.29,1.838961071,0,0.116792163,0.181118938,0.073961623,0.234201612,0.033180662,10.71993585,0.275213259,0.114415781,0.143095599,0.141243624,0.031450382
1236,81,105,81105,Fall,AMSTEL,1,0,6.19,1.822935087,0,0.116792163,0.181118938,0.073961623,0.234201612,0.033180662,10.71993585,0.275213259,0.114415781,0.143095599,0.141243624,0.031450382
1404,81,206,81206,Fall,AMSTEL,2,0.693147181,6.29,1.838961071,0,0.116792163,0.181118938,0.073961623,0.234201612,0.033180662,10.71993585,0.275213259,0.114415781,0.143095599,0.141243624,0.031450382
1468,81,187,81187,Spring,AMSTEL,1,0,6.29,1.838961071,0,0.116792163,0.181118938,0.073961623,0.234201612,0.033180662,10.71993585,0.275213259,0.114415781,0.143095599,0.141243624,0.031450382
1541,81,333,81333,Winter,AMSTEL,2,0.693147181,6.99,1.944480556,0,0.116792163,0.181118938,0.073961623,0.234201612,0.033180662,10.71993585,0.275213259,0.114415781,0.143095599,0.141243624,0.031450382
1625,81,201,81201,Summer,AMSTEL,2,0.693147181,4.99,1.60743591,1,0.116792163,0.181118938,0.073961623,0.234201612,0.033180662,10.71993585,0.275213259,0.114415781,0.143095599,0.141243624,0.031450382
1667,81,194,81194,Summer,AMSTEL,1,0,4.99,1.60743591,1,0.116792163,0.181118938,0.073961623,0.234201612,0.033180662,10.71993585,0.275213259,0.114415781,0.143095599,0.141243624,0.031450382
1683,81,355,81355,Summer,AMSTEL,1,0,6.99,1.944480556,0,0.116792163,0.181118938,0.073961623,0.234201612,0.033180662,10.71993585,0.275213259,0.114415781,0.143095599,0.141243624,0.031450382
1876,81,389,81389,Spring,AMSTEL,1,0,6.49,1.870262531,1,0.116792163,0.181118938,0.073961623,0.234201612,0.033180662,10.71993585,0.275213259,0.114415781,0.143095599,0.141243624,0.031450382
199,21,312,21312,Fall,COORS,23,3.135494216,9.99,2.301584593,1,0.175926346,0.066896458,0.105038777,0.17750345,0.017598198,10.71619397,0.258991055,0.064449334,0.189012553,0.163363418,0.024785242
294,21,206,21206,Fall,COORS,2,0.693147181,11.99,2.484072969,0,0.175926346,0.066896458,0.105038777,0.17750345,0.017598198,10.71619397,0.258991055,0.064449334,0.189012553,0.163363418,0.024785242
625,21,183,21183,Spring,COORS,1,0,11.99,2.484072969,0,0.175926346,0.066896458,0.105038777,0.17750345,0.017598198,10.71619397,0.258991055,0.064449334,0.189012553,0.163363418,0.024785242
879,21,287,21287,Spring,COORS,1,0,12.99,2.564179831,0,0.175926346,0.066896458,0.105038777,0.17750345,0.017598198,10.71619397,0.258991055,0.064449334,0.189012553,0.163363418,0.024785242
1128,21,146,21146,Summer,COORS,6,1.791759469,10.99,2.396985768,1,0.175926346,0.066896458,0.105038777,0.17750345,0.017598198,10.71619397,0.258991055,0.064449334,0.189012553,0.163363418,0.024785242
1304,21,169,21169,Winter,COORS,5,1.609437912,10.99,2.396985768,1,0.175926346,0.066896458,0.105038777,0.17750345,0.017598198,10.71619397,0.258991055,0.064449334,0.189012553,0.163363418,0.024785242
1531,21,104,21104,Fall,COORS,3,1.098612289,11.99,2.484072969,0,0.175926346,0.066896458,0.105038777,0.17750345,0.017598198,10.71619397,0.258991055,0.064449334,0.189012553,0.163363418,0.024785242
1706,21,314,21314,Fall,COORS,1,0,12.99,2.564179831,0,0.175926346,0.066896458,0.105038777,0.17750345,0.017598198,10.71619397,0.258991055,0.064449334,0.189012553,0.163363418,0.024785242
203,62,152,62152,Summer,COORS,1,0,11.99,2.484072969,0,0.133509324,0.222534262,0.026510896,0.517760337,0.026528434,11.23619652,0.206418161,0.177232899,0.165304469,0.078971018,0.019975602
233,62,290,62290,Spring,COORS,5,1.609437912,11.99,2.484072969,1,0.133509324,0.222534262,0.026510896,0.517760337,0.026528434,11.23619652,0.206418161,0.177232899,0.165304469,0.078971018,0.019975602
465,62,305,62305,Summer,COORS,2,0.693147181,12.99,2.564179831,0,0.133509324,0.222534262,0.026510896,0.517760337,0.026528434,11.23619652,0.206418161,0.177232899,0.165304469,0.078971018,0.019975602
632,62,260,62260,Fall,COORS,1,0,11.99,2.484072969,0,0.133509324,0.222534262,0.026510896,0.517760337,0.026528434,11.23619652,0.206418161,0.177232899,0.165304469,0.078971018,0.019975602
647,62,279,62279,Winter,COORS,2,0.693147181,10.99,2.396985768,1,0.133509324,0.222534262,0.026510896,0.517760337,0.026528434,11.23619652,0.206418161,0.177232899,0.165304469,0.078971018,0.019975602
888,62,174,62174,Winter,COORS,5,1.609437912,10.99,2.396985768,1,0.133509324,0.222534262,0.026510896,0.517760337,0.026528434,11.23619652,0.206418161,0.177232899,0.165304469,0.078971018,0.019975602
995,62,257,62257,Summer,COORS,4,1.386294361,11.99,2.484072969,0,0.133509324,0.222534262,0.026510896,0.517760337,0.026528434,11.23619652,0.206418161,0.177232899,0.165304469,0.078971018,0.019975602
1251,62,246,62246,Summer,COORS,2,0.693147181,10.99,2.396985768,1,0.133509324,0.222534262,0.026510896,0.517760337,0.026528434,11.23619652,0.206418161,0.177232899,0.165304469,0.078971018,0.019975602
1560,62,175,62175,Winter,COORS,5,1.609437912,10.99,2.396985768,1,0.133509324,0.222534262,0.026510896,0.517760337,0.026528434,11.23619652,0.206418161,0.177232899,0.165304469,0.078971018,0.019975602
1768,62,186,62186,Spring,COORS,6,1.791759469,10.99,2.396985768,1,0.133509324,0.222534262,0.026510896,0.517760337,0.026528434,11.23619652,0.206418161,0.177232899,0.165304469,0.078971018,0.019975602
