Final exam/651FINALEXAM/Q1Q2V6.csv
ID,STORE,Week,STOREWEEK,Season,BRAND,MOVE,logmove,PRICE,logprice,Feat,AGE9,AGE60,ETHNIC,EDUC,NOCAR,INCOME,SINGLE,RETIRED,UNEMP,NWHITE,POVERTY
205,110,251,110251,Summer,COORS,8,2.079441542,10.99,2.396985768,1,0.175594055,0.114956688,0.152944449,0.167553191,0.056953642,10.52085999,0.251984867,0.108684611,0.18142317,0.174839069,0.053595086
649,110,212,110212,Fall,COORS,1,0,11.99,2.484072969,0,0.175594055,0.114956688,0.152944449,0.167553191,0.056953642,10.52085999,0.251984867,0.108684611,0.18142317,0.174839069,0.053595086
835,110,215,110215,Fall,COORS,11,2.397895273,9.99,2.301584593,1,0.175594055,0.114956688,0.152944449,0.167553191,0.056953642,10.52085999,0.251984867,0.108684611,0.18142317,0.174839069,0.053595086
849,110,210,110210,Fall,COORS,3,1.098612289,10.49,2.350422422,1,0.175594055,0.114956688,0.152944449,0.167553191,0.056953642,10.52085999,0.251984867,0.108684611,0.18142317,0.174839069,0.053595086
877,110,314,110314,Fall,COORS,4,1.386294361,12.99,2.564179831,0,0.175594055,0.114956688,0.152944449,0.167553191,0.056953642,10.52085999,0.251984867,0.108684611,0.18142317,0.174839069,0.053595086
934,110,130,110130,Spring,COORS,2,0.693147181,11.99,2.484072969,0,0.175594055,0.114956688,0.152944449,0.167553191,0.056953642,10.52085999,0.251984867,0.108684611,0.18142317,0.174839069,0.053595086
1269,110,147,110147,Summer,COORS,4,1.386294361,10.49,2.350422422,0,0.175594055,0.114956688,0.152944449,0.167553191,0.056953642,10.52085999,0.251984867,0.108684611,0.18142317,0.174839069,0.053595086
1569,110,194,110194,Summer,COORS,3,1.098612289,11.99,2.484072969,0,0.175594055,0.114956688,0.152944449,0.167553191,0.056953642,10.52085999,0.251984867,0.108684611,0.18142317,0.174839069,0.053595086
1587,110,156,110156,Fall,COORS,17,2.833213344,9.99,2.301584593,0,0.175594055,0.114956688,0.152944449,0.167553191,0.056953642,10.52085999,0.251984867,0.108684611,0.18142317,0.174839069,0.053595086
1983,110,244,110244,Spring,COORS,1,0,10.99,2.396985768,1,0.175594055,0.114956688,0.152944449,0.167553191,0.056953642,10.52085999,0.251984867,0.108684611,0.18142317,0.174839069,0.053595086
1994,110,120,110120,Winter,COORS,8,2.079441542,10.49,2.350422422,1,0.175594055,0.114956688,0.152944449,0.167553191,0.056953642,10.52085999,0.251984867,0.108684611,0.18142317,0.174839069,0.053595086
206,86,159,86159,Fall,MILLER,19,2.944438979,10.99,2.396985768,1,0.141758513,0.138756374,0.427866425,0.096763919,0.353421218,10.08897077,0.384547713,0.168956936,0.244589916,0.465084718,0.15266297
255,86,229,86229,Winter,MILLER,79,4.369447852,9.99,2.301584593,1,0.141758513,0.138756374,0.427866425,0.096763919,0.353421218,10.08897077,0.384547713,0.168956936,0.244589916,0.465084718,0.15266297
459,86,261,86261,Fall,MILLER,35,3.555348061,11.99,2.484072969,0,0.141758513,0.138756374,0.427866425,0.096763919,0.353421218,10.08897077,0.384547713,0.168956936,0.244589916,0.465084718,0.15266297
690,86,178,86178,Winter,MILLER,14,2.63905733,11.99,2.484072969,0,0.141758513,0.138756374,0.427866425,0.096763919,0.353421218,10.08897077,0.384547713,0.168956936,0.244589916,0.465084718,0.15266297
890,86,167,86167,Winter,MILLER,53,3.970291914,10.99,2.396985768,1,0.141758513,0.138756374,0.427866425,0.096763919,0.353421218,10.08897077,0.384547713,0.168956936,0.244589916,0.465084718,0.15266297
1007,86,245,86245,Summer,MILLER,34,3.526360525,10.99,2.396985768,1,0.141758513,0.138756374,0.427866425,0.096763919,0.353421218,10.08897077,0.384547713,0.168956936,0.244589916,0.465084718,0.15266297
1265,86,279,86279,Winter,MILLER,25,3.218875825,11.75,2.463853241,0,0.141758513,0.138756374,0.427866425,0.096763919,0.353421218,10.08897077,0.384547713,0.168956936,0.244589916,0.465084718,0.15266297
1517,86,187,86187,Spring,MILLER,39,3.663561646,10.99,2.396985768,1,0.141758513,0.138756374,0.427866425,0.096763919,0.353421218,10.08897077,0.384547713,0.168956936,0.244589916,0.465084718,0.15266297
1773,86,247,86247,Summer,MILLER,23,3.135494216,10.99,2.396985768,1,0.141758513,0.138756374,0.427866425,0.096763919,0.353421218,10.08897077,0.384547713,0.168956936,0.244589916,0.465084718,0.15266297
1872,86,129,86129,Spring,MILLER,31,3.433987204,10.99,2.396985768,1,0.141758513,0.138756374,0.427866425,0.096763919,0.353421218,10.08897077,0.384547713,0.168956936,0.244589916,0.465084718,0.15266297
207,126,283,126283,Winter,AMSTEL,3,1.098612289,6.99,1.944480556,0,0.160059877,0.107002273,0.045018573,0.413222417,0.023449553,10.9808762,0.262072942,0.09331307,0.17887538,0.092587459,0.01373033
300,126,318,126318,Fall,AMSTEL,2,0.693147181,5.99,1.790091412,1,0.160059877,0.107002273,0.045018573,0.413222417,0.023449553,10.9808762,0.262072942,0.09331307,0.17887538,0.092587459,0.01373033
369,126,281,126281,Winter,AMSTEL,9,2.197224577,6.99,1.944480556,0,0.160059877,0.107002273,0.045018573,0.413222417,0.023449553,10.9808762,0.262072942,0.09331307,0.17887538,0.092587459,0.01373033
409,126,289,126289,Spring,AMSTEL,5,1.609437912,6.99,1.944480556,0,0.160059877,0.107002273,0.045018573,0.413222417,0.023449553,10.9808762,0.262072942,0.09331307,0.17887538,0.092587459,0.01373033
454,126,202,126202,Summer,AMSTEL,10,2.302585093,4.99,1.60743591,1,0.160059877,0.107002273,0.045018573,0.413222417,0.023449553,10.9808762,0.262072942,0.09331307,0.17887538,0.092587459,0.01373033
515,126,144,126144,Summer,AMSTEL,6,1.791759469,6.29,1.838961071,0,0.160059877,0.107002273,0.045018573,0.413222417,0.023449553,10.9808762,0.262072942,0.09331307,0.17887538,0.092587459,0.01373033
638,126,182,126182,Spring,AMSTEL,3,1.098612289,6.49,1.870262531,0,0.160059877,0.107002273,0.045018573,0.413222417,0.023449553,10.9808762,0.262072942,0.09331307,0.17887538,0.092587459,0.01373033
664,126,249,126249,Summer,AMSTEL,8,2.079441542,6.59,1.885553349,0,0.160059877,0.107002273,0.045018573,0.413222417,0.023449553,10.9808762,0.262072942,0.09331307,0.17887538,0.092587459,0.01373033
756,126,131,126131,Spring,AMSTEL,2,0.693147181,6.29,1.838961071,0,0.160059877,0.107002273,0.045018573,0.413222417,0.023449553,10.9808762,0.262072942,0.09331307,0.17887538,0.092587459,0.01373033
1338,126,313,126313,Fall,AMSTEL,2,0.693147181,6.99,1.944480556,0,0.160059877,0.107002273,0.045018573,0.413222417,0.023449553,10.9808762,0.262072942,0.09331307,0.17887538,0.092587459,0.01373033
1456,126,383,126383,Winter,AMSTEL,2,0.693147181,6.49,1.870262531,1,0.160059877,0.107002273,0.045018573,0.413222417,0.023449553,10.9808762,0.262072942,0.09331307,0.17887538,0.092587459,0.01373033
1463,126,179,126179,Winter,AMSTEL,4,1.386294361,6.49,1.870262531,0,0.160059877,0.107002273,0.045018573,0.413222417,0.023449553,10.9808762,0.262072942,0.09331307,0.17887538,0.092587459,0.01373033
1502,126,241,126241,Spring,AMSTEL,2,0.693147181,6.59,1.885553349,0,0.160059877,0.107002273,0.045018573,0.413222417,0.023449553,10.9808762,0.262072942,0.09331307,0.17887538,0.092587459,0.01373033
1562,126,303,126303,Summer,AMSTEL,9,2.197224577,6.99,1.944480556,0,0.160059877,0.107002273,0.045018573,0.413222417,0.023449553,10.9808762,0.262072942,0.09331307,0.17887538,0.092587459,0.01373033
1753,126,152,126152,Summer,AMSTEL,3,1.098612289,6.49,1.870262531,0,0.160059877,0.107002273,0.045018573,0.413222417,0.023449553,10.9808762,0.262072942,0.09331307,0.17887538,0.092587459,0.01373033
1850,126,189,126189,Spring,AMSTEL,2,0.693147181,6.29,1.838961071,0,0.160059877,0.107002273,0.045018573,0.413222417,0.023449553,10.9808762,0.262072942,0.09331307,0.17887538,0.092587459,0.01373033
1857,126,173,126173,Winter,AMSTEL,8,2.079441542,4.99,1.60743591,1,0.160059877,0.107002273,0.045018573,0.413222417,0.023449553,10.9808762,0.262072942,0.09331307,0.17887538,0.092587459,0.01373033
1960,126,154,126154,Fall,AMSTEL,6,1.791759469,6.49,1.870262531,0,0.160059877,0.107002273,0.045018573,0.413222417,0.023449553,10.9808762,0.262072942,0.09331307,0.17887538,0.092587459,0.01373033
1979,126,345,126345,Spring,AMSTEL,14,2.63905733,6.99,1.944480556,0,0.160059877,0.107002273,0.045018573,0.413222417,0.023449553,10.9808762,0.262072942,0.09331307,0.17887538,0.092587459,0.01373033
210,116,143,116143,Summer,COORS,7,1.945910149,10.99,2.396985768,1,0.139877224,0.18817339,0.033137058,0.259224748,0.060981912,10.69711335,0.248022555,0.155310458,0.166748366,0.054622902,0.036188179
295,116,259,116259,Fall,COORS,2,0.693147181,11.99,2.484072969,0,0.139877224,0.18817339,0.033137058,0.259224748,0.060981912,10.69711335,0.248022555,0.155310458,0.166748366,0.054622902,0.036188179
483,116,196,116196,Summer,COORS,9,2.197224577,9.99,2.301584593,1,0.139877224,0.18817339,0.033137058,0.259224748,0.060981912,10.69711335,0.248022555,0.155310458,0.166748366,0.054622902,0.036188179
524,116,118,116118,Winter,COORS,6,1.791759469,10.49,2.350422422,0,0.139877224,0.18817339,0.033137058,0.259224748,0.060981912,10.69711335,0.248022555,0.155310458,0.166748366,0.054622902,0.036188179
567,116,250,116250,Summer,COORS,6,1.791759469,10.99,2.396985768,1,0.139877224,0.18817339,0.033137058,0.259224748,0.060981912,10.69711335,0.248022555,0.155310458,0.166748366,0.054622902,0.036188179
1040,116,272,116272,Winter,COORS,2,0.693147181,10.99,2.396985768,1,0.139877224,0.18817339,0.033137058,0.259224748,0.060981912,10.69711335,0.248022555,0.155310458,0.166748366,0.054622902,0.036188179
1061,116,297,116297,Summer,COORS,4,1.386294361,11.99,2.484072969,1,0.139877224,0.18817339,0.033137058,0.259224748,0.060981912,10.69711335,0.248022555,0.155310458,0.166748366,0.054622902,0.036188179
1991,116,236,116236,Spring,COORS,2,0.693147181,10.99,2.396985768,1,0.139877224,0.18817339,0.033137058,0.259224748,0.060981912,10.69711335,0.248022555,0.155310458,0.166748366,0.054622902,0.036188179
212,32,329,32329,Winter,AMSTEL,17,2.833213344,5.99,1.790091412,1,0.099060632,0.254953032,0.031938514,0.198259861,0.071700834,10.67447502,0.265329599,0.180097963,0.162361433,0.052604611,0.037700865
490,32,273,32273,Winter,AMSTEL,5,1.609437912,6.59,1.885553349,0,0.099060632,0.254953032,0.031938514,0.198259861,0.071700834,10.67447502,0.265329599,0.180097963,0.162361433,0.052604611,0.037700865
701,32,136,32136,Spring,AMSTEL,3,1.098612289,6.29,1.838961071,0,0.099060632,0.254953032,0.031938514,0.198259861,0.071700834,10.67447502,0.265329599,0.180097963,0.162361433,0.052604611,0.037700865
713,32,237,32237,Spring,AMSTEL,3,1.098612289,6.29,1.838961071,0,0.099060632,0.254953032,0.031938514,0.198259861,0.071700834,10.67447502,0.265329599,0.180097963,0.162361433,0.052604611,0.037700865
1001,32,385,32385,Winter,AMSTEL,5,1.609437912,6.49,1.870262531,1,0.099060632,0.254953032,0.031938514,0.198259861,0.071700834,10.67447502,0.265329599,0.180097963,0.162361433,0.052604611,0.037700865
1207,32,135,32135,Spring,AMSTEL,1,0,6.29,1.838961071,0,0.099060632,0.254953032,0.031938514,0.198259861,0.071700834,10.67447502,0.265329599,0.180097963,0.162361433,0.052604611,0.037700865
1417,32,148,32148,Summer,AMSTEL,3,1.098612289,6.29,1.838961071,1,0.099060632,0.254953032,0.031938514,0.198259861,0.071700834,10.67447502,0.265329599,0.180097963,0.162361433,0.052604611,0.037700865
1598,32,286,32286,Spring,AMSTEL,3,1.098612289,6.99,1.944480556,0,0.099060632,0.254953032,0.031938514,0.198259861,0.071700834,10.67447502,0.265329599,0.180097963,0.162361433,0.052604611,0.037700865
1698,32,249,32249,Summer,AMSTEL,3,1.098612289,6.59,1.885553349,0,0.099060632,0.254953032,0.031938514,0.198259861,0.071700834,10.67447502,0.265329599,0.180097963,0.162361433,0.052604611,0.037700865
1747,32,289,32289,Spring,AMSTEL,8,2.079441542,6.99,1.944480556,0,0.099060632,0.254953032,0.031938514,0.198259861,0.071700834,10.67447502,0.265329599,0.180097963,0.162361433,0.052604611,0.037700865
1771,32,258,32258,Fall,AMSTEL,10,2.302585093,4.99,1.60743591,1,0.099060632,0.254953032,0.031938514,0.198259861,0.071700834,10.67447502,0.265329599,0.180097963,0.162361433,0.052604611,0.037700865
1825,32,261,32261,Fall,AMSTEL,4,1.386294361,6.59,1.885553349,0,0.099060632,0.254953032,0.031938514,0.198259861,0.071700834,10.67447502,0.265329599,0.180097963,0.162361433,0.052604611,0.037700865
1846,32,100,32100,Summer,AMSTEL,4,1.386294361,6.19,1.822935087,0,0.099060632,0.254953032,0.031938514,0.198259861,0.071700834,10.67447502,0.265329599,0.180097963,0.162361433,0.052604611,0.037700865
213,40,292,40292,Spring,MILLER,22,3.091042453,11.99,2.484072969,1,0.133684648,0.1818518,0.044053067,0.072128605,0.046329569,10.55025042,0.266478451,0.166113558,0.192904121,0.056533999,0.055184805
276,40,315,40315,Fall,MILLER,4,1.386294361,11.49,2.441477092,1,0.133684648,0.1818518,0.044053067,0.072128605,0.046329569,10.55025042,0.266478451,0.166113558,0.192904121,0.056533999,0.055184805
280,40,240,40240,Spring,MILLER,23,3.135494216,10.99,2.396985768,1,0.133684648,0.1818518,0.044053067,0.072128605,0.046329569,10.55025042,0.266478451,0.166113558,0.192904121,0.056533999,0.055184805
302,40,218,40218,Fall,MILLER,5,1.609437912,10.79,2.378619779,1,0.133684648,0.1818518,0.044053067,0.072128605,0.046329569,10.55025042,0.266478451,0.166113558,0.192904121,0.056533999,0.055184805
863,40,128,40128,Spring,MILLER,12,2.48490665,10.99,2.396985768,1,0.133684648,0.1818518,0.044053067,0.072128605,0.046329569,10.55025042,0.266478451,0.166113558,0.192904121,0.056533999,0.055184805
1067,40,229,40229,Winter,MILLER,79,4.369447852,9.99,2.301584593,1,0.133684648,0.1818518,0.044053067,0.072128605,0.046329569,10.55025042,0.266478451,0.166113558,0.192904121,0.056533999,0.055184805
1402,40,156,40156,Fall,MILLER,30,3.401197382,9.99,2.301584593,1,0.133684648,0.1818518,0.044053067,0.072128605,0.046329569,10.55025042,0.266478451,0.166113558,0.192904121,0.056533999,0.055184805
1549,40,102,40102,Fall,MILLER,3,1.098612289,11.99,2.484072969,1,0.133684648,0.1818518,0.044053067,0.072128605,0.046329569,10.55025042,0.266478451,0.166113558,0.192904121,0.056533999,0.055184805
1627,40,228,40228,Winter,MILLER,27,3.295836866,9.99,2.301584593,1,0.133684648,0.1818518,0.044053067,0.072128605,0.046329569,10.55025042,0.266478451,0.166113558,0.192904121,0.056533999,0.055184805
1794,40,299,40299,Summer,MILLER,28,3.33220451,12.49,2.524928324,0,0.133684648,0.1818518,0.044053067,0.072128605,0.046329569,10.55025042,0.266478451,0.166113558,0.192904121,0.056533999,0.055184805
1815,40,136,40136,Spring,MILLER,38,3.63758616,10.99,2.396985768,1,0.133684648,0.1818518,0.044053067,0.072128605,0.046329569,10.55025042,0.266478451,0.166113558,0.192904121,0.056533999,0.055184805
1996,40,116,40116,Winter,MILLER,51,3.931825633,10.49,2.350422422,1,0.133684648,0.1818518,0.044053067,0.072128605,0.046329569,10.55025042,0.266478451,0.166113558,0.192904121,0.056533999,0.055184805
2040,40,280,40280,Winter,MILLER,71,4.262679877,10.99,2.396985768,1,0.133684648,0.1818518,0.044053067,0.072128605,0.046329569,10.55025042,0.266478451,0.166113558,0.192904121,0.056533999,0.055184805
215,86,164,86164,Fall,AMSTEL,7,1.945910149,6.49,1.870262531,0,0.141758513,0.138756374,0.427866425,0.096763919,0.353421218,10.08897077,0.384547713,0.168956936,0.244589916,0.465084718,0.15266297
418,86,360,86360,Summer,AMSTEL,14,2.63905733,6.99,1.944480556,0,0.141758513,0.138756374,0.427866425,0.096763919,0.353421218,10.08897077,0.384547713,0.168956936,0.244589916,0.465084718,0.15266297
554,86,362,86362,Fall,AMSTEL,11,2.397895273,6.99,1.944480556,0,0.141758513,0.138756374,0.427866425,0.096763919,0.353421218,10.08897077,0.384547713,0.168956936,0.244589916,0.465084718,0.15266297
802,86,355,86355,Summer,AMSTEL,20,2.995732274,6.99,1.944480556,0,0.141758513,0.138756374,0.427866425,0.096763919,0.353421218,10.08897077,0.384547713,0.168956936,0.244589916,0.465084718,0.15266297
820,86,142,86142,Summer,AMSTEL,11,2.397895273,4.99,1.60743591,1,0.141758513,0.138756374,0.427866425,0.096763919,0.353421218,10.08897077,0.384547713,0.168956936,0.244589916,0.465084718,0.15266297
1223,86,279,86279,Winter,AMSTEL,11,2.397895273,6.62,1.89009537,0,0.141758513,0.138756374,0.427866425,0.096763919,0.353421218,10.08897077,0.384547713,0.168956936,0.244589916,0.465084718,0.15266297
1259,86,255,86255,Summer,AMSTEL,5,1.609437912,5.63,1.728109442,0,0.141758513,0.138756374,0.427866425,0.096763919,0.353421218,10.08897077,0.384547713,0.168956936,0.244589916,0.465084718,0.15266297
1328,86,348,86348,Spring,AMSTEL,24,3.17805383,5.99,1.790091412,1,0.141758513,0.138756374,0.427866425,0.096763919,0.353421218,10.08897077,0.384547713,0.168956936,0.244589916,0.465084718,0.15266297
1364,86,299,86299,Summer,AMSTEL,17,2.833213344,5.99,1.790091412,1,0.141758513,0.138756374,0.427866425,0.096763919,0.353421218,10.08897077,0.384547713,0.168956936,0.244589916,0.465084718,0.15266297
1503,86,215,86215,Fall,AMSTEL,6,1.791759469,4.99,1.60743591,1,0.141758513,0.138756374,0.427866425,0.096763919,0.353421218,10.08897077,0.384547713,0.168956936,0.244589916,0.465084718,0.15266297
1782,86,312,86312,Fall,AMSTEL,9,2.197224577,6.99,1.944480556,0,0.141758513,0.138756374,0.427866425,0.096763919,0.353421218,10.08897077,0.384547713,0.168956936,0.244589916,0.465084718,0.15266297
1784,86,356,86356,Summer,AMSTEL,15,2.708050201,6.99,1.944480556,0,0.141758513,0.138756374,0.427866425,0.096763919,0.353421218,10.08897077,0.384547713,0.168956936,0.244589916,0.465084718,0.15266297
1849,86,92,86092,Summer,AMSTEL,6,1.791759469,6.19,1.822935087,0,0.141758513,0.138756374,0.427866425,0.096763919,0.353421218,10.08897077,0.384547713,0.168956936,0.244589916,0.465084718,0.15266297
1964,86,95,86095,Summer,AMSTEL,1,0,6.19,1.822935087,0,0.141758513,0.138756374,0.427866425,0.096763919,0.353421218,10.08897077,0.384547713,0.168956936,0.244589916,0.465084718,0.15266297
2037,86,171,86171,Winter,AMSTEL,3,1.098612289,6.49,1.870262531,0,0.141758513,0.138756374,0.427866425,0.096763919,0.353421218,10.08897077,0.384547713,0.168956936,0.244589916,0.465084718,0.15266297
