Final exam/651FINALEXAM/Q1Q2V6.csv
ID,STORE,Week,STOREWEEK,Season,BRAND,MOVE,logmove,PRICE,logprice,Feat,AGE9,AGE60,ETHNIC,EDUC,NOCAR,INCOME,SINGLE,RETIRED,UNEMP,NWHITE,POVERTY
216,18,214,18214,Fall,AMSTEL,2,0.693147181,4.99,1.60743591,1,0.110094984,0.272313368,0.074417144,0.072246456,0.141974694,10.39197554,0.256403079,0.215321609,0.165454107,0.08956747,0.075727381
440,18,390,18390,Spring,AMSTEL,2,0.693147181,5.99,1.790091412,1,0.110094984,0.272313368,0.074417144,0.072246456,0.141974694,10.39197554,0.256403079,0.215321609,0.165454107,0.08956747,0.075727381
548,18,350,18350,Summer,AMSTEL,8,2.079441542,5.99,1.790091412,1,0.110094984,0.272313368,0.074417144,0.072246456,0.141974694,10.39197554,0.256403079,0.215321609,0.165454107,0.08956747,0.075727381
691,18,290,18290,Spring,AMSTEL,3,1.098612289,6.99,1.944480556,0,0.110094984,0.272313368,0.074417144,0.072246456,0.141974694,10.39197554,0.256403079,0.215321609,0.165454107,0.08956747,0.075727381
929,18,226,18226,Winter,AMSTEL,2,0.693147181,6.29,1.838961071,0,0.110094984,0.272313368,0.074417144,0.072246456,0.141974694,10.39197554,0.256403079,0.215321609,0.165454107,0.08956747,0.075727381
1063,18,224,18224,Winter,AMSTEL,1,0,6.29,1.838961071,0,0.110094984,0.272313368,0.074417144,0.072246456,0.141974694,10.39197554,0.256403079,0.215321609,0.165454107,0.08956747,0.075727381
1136,18,203,18203,Summer,AMSTEL,1,0,6.29,1.838961071,0,0.110094984,0.272313368,0.074417144,0.072246456,0.141974694,10.39197554,0.256403079,0.215321609,0.165454107,0.08956747,0.075727381
1369,18,212,18212,Fall,AMSTEL,1,0,6.29,1.838961071,0,0.110094984,0.272313368,0.074417144,0.072246456,0.141974694,10.39197554,0.256403079,0.215321609,0.165454107,0.08956747,0.075727381
1396,18,384,18384,Winter,AMSTEL,2,0.693147181,6.49,1.870262531,1,0.110094984,0.272313368,0.074417144,0.072246456,0.141974694,10.39197554,0.256403079,0.215321609,0.165454107,0.08956747,0.075727381
1470,18,110,18110,Fall,AMSTEL,2,0.693147181,4.99,1.60743591,0,0.110094984,0.272313368,0.074417144,0.072246456,0.141974694,10.39197554,0.256403079,0.215321609,0.165454107,0.08956747,0.075727381
1675,18,300,18300,Summer,AMSTEL,3,1.098612289,6.99,1.944480556,0,0.110094984,0.272313368,0.074417144,0.072246456,0.141974694,10.39197554,0.256403079,0.215321609,0.165454107,0.08956747,0.075727381
2008,18,371,18371,Fall,AMSTEL,2,0.693147181,5.49,1.702928256,1,0.110094984,0.272313368,0.074417144,0.072246456,0.141974694,10.39197554,0.256403079,0.215321609,0.165454107,0.08956747,0.075727381
217,128,237,128237,Spring,COORS,7,1.945910149,10.99,2.396985768,1,0.138208506,0.157485189,0.355911221,0.211896894,0.34014789,10.15342882,0.397690129,0.157038699,0.180931015,0.479618003,0.113527621
419,128,292,128292,Spring,COORS,6,1.791759469,12.49,2.524928324,0,0.138208506,0.157485189,0.355911221,0.211896894,0.34014789,10.15342882,0.397690129,0.157038699,0.180931015,0.479618003,0.113527621
960,128,201,128201,Summer,COORS,24,3.17805383,9.99,2.301584593,1,0.138208506,0.157485189,0.355911221,0.211896894,0.34014789,10.15342882,0.397690129,0.157038699,0.180931015,0.479618003,0.113527621
982,128,208,128208,Fall,COORS,6,1.791759469,11.99,2.484072969,0,0.138208506,0.157485189,0.355911221,0.211896894,0.34014789,10.15342882,0.397690129,0.157038699,0.180931015,0.479618003,0.113527621
1099,128,250,128250,Summer,COORS,12,2.48490665,10.99,2.396985768,1,0.138208506,0.157485189,0.355911221,0.211896894,0.34014789,10.15342882,0.397690129,0.157038699,0.180931015,0.479618003,0.113527621
1184,128,310,128310,Fall,COORS,2,0.693147181,12.99,2.564179831,0,0.138208506,0.157485189,0.355911221,0.211896894,0.34014789,10.15342882,0.397690129,0.157038699,0.180931015,0.479618003,0.113527621
1506,128,118,128118,Winter,COORS,11,2.397895273,10.49,2.350422422,1,0.138208506,0.157485189,0.355911221,0.211896894,0.34014789,10.15342882,0.397690129,0.157038699,0.180931015,0.479618003,0.113527621
1513,128,238,128238,Spring,COORS,8,2.079441542,11.99,2.484072969,0,0.138208506,0.157485189,0.355911221,0.211896894,0.34014789,10.15342882,0.397690129,0.157038699,0.180931015,0.479618003,0.113527621
1535,128,267,128267,Fall,COORS,7,1.945910149,10.99,2.396985768,1,0.138208506,0.157485189,0.355911221,0.211896894,0.34014789,10.15342882,0.397690129,0.157038699,0.180931015,0.479618003,0.113527621
1808,128,266,128266,Fall,COORS,6,1.791759469,11.82,2.469793012,0,0.138208506,0.157485189,0.355911221,0.211896894,0.34014789,10.15342882,0.397690129,0.157038699,0.180931015,0.479618003,0.113527621
1900,128,112,128112,Fall,COORS,13,2.564949357,10.49,2.350422422,1,0.138208506,0.157485189,0.355911221,0.211896894,0.34014789,10.15342882,0.397690129,0.157038699,0.180931015,0.479618003,0.113527621
1990,128,131,128131,Spring,COORS,10,2.302585093,10.99,2.396985768,1,0.138208506,0.157485189,0.355911221,0.211896894,0.34014789,10.15342882,0.397690129,0.157038699,0.180931015,0.479618003,0.113527621
2032,128,162,128162,Fall,COORS,5,1.609437912,11.99,2.484072969,0,0.138208506,0.157485189,0.355911221,0.211896894,0.34014789,10.15342882,0.397690129,0.157038699,0.180931015,0.479618003,0.113527621
2050,128,225,128225,Winter,COORS,8,2.079441542,10.99,2.396985768,0,0.138208506,0.157485189,0.355911221,0.211896894,0.34014789,10.15342882,0.397690129,0.157038699,0.180931015,0.479618003,0.113527621
218,14,195,14195,Summer,AMSTEL,7,1.945910149,6.29,1.838961071,1,0.129589372,0.213949275,0.034178744,0.348293024,0.026585899,11.04392933,0.223351772,0.156164597,0.150933083,0.120350242,0.019350496
241,14,100,14100,Summer,AMSTEL,8,2.079441542,6.19,1.822935087,0,0.129589372,0.213949275,0.034178744,0.348293024,0.026585899,11.04392933,0.223351772,0.156164597,0.150933083,0.120350242,0.019350496
413,14,248,14248,Summer,AMSTEL,2,0.693147181,6.59,1.885553349,0,0.129589372,0.213949275,0.034178744,0.348293024,0.026585899,11.04392933,0.223351772,0.156164597,0.150933083,0.120350242,0.019350496
525,14,242,14242,Spring,AMSTEL,1,0,6.59,1.885553349,0,0.129589372,0.213949275,0.034178744,0.348293024,0.026585899,11.04392933,0.223351772,0.156164597,0.150933083,0.120350242,0.019350496
530,14,231,14231,Winter,AMSTEL,5,1.609437912,6.29,1.838961071,0,0.129589372,0.213949275,0.034178744,0.348293024,0.026585899,11.04392933,0.223351772,0.156164597,0.150933083,0.120350242,0.019350496
531,14,218,14218,Fall,AMSTEL,9,2.197224577,6.29,1.838961071,0,0.129589372,0.213949275,0.034178744,0.348293024,0.026585899,11.04392933,0.223351772,0.156164597,0.150933083,0.120350242,0.019350496
852,14,389,14389,Spring,AMSTEL,1,0,6.49,1.870262531,1,0.129589372,0.213949275,0.034178744,0.348293024,0.026585899,11.04392933,0.223351772,0.156164597,0.150933083,0.120350242,0.019350496
966,14,367,14367,Fall,AMSTEL,3,1.098612289,6.99,1.944480556,0,0.129589372,0.213949275,0.034178744,0.348293024,0.026585899,11.04392933,0.223351772,0.156164597,0.150933083,0.120350242,0.019350496
1475,14,277,14277,Winter,AMSTEL,5,1.609437912,6.83,1.921324674,0,0.129589372,0.213949275,0.034178744,0.348293024,0.026585899,11.04392933,0.223351772,0.156164597,0.150933083,0.120350242,0.019350496
1581,14,261,14261,Fall,AMSTEL,3,1.098612289,6.59,1.885553349,0,0.129589372,0.213949275,0.034178744,0.348293024,0.026585899,11.04392933,0.223351772,0.156164597,0.150933083,0.120350242,0.019350496
1777,14,392,14392,Spring,AMSTEL,2,0.693147181,6.99,1.944480556,0,0.129589372,0.213949275,0.034178744,0.348293024,0.026585899,11.04392933,0.223351772,0.156164597,0.150933083,0.120350242,0.019350496
220,94,124,94124,Winter,AMSTEL,1,0,6.29,1.838961071,0,0.160410056,0.103002197,0.059311691,0.229390404,0.012373453,10.7445158,0.245199033,0.080267559,0.177190635,0.12780083,0.033192686
274,94,125,94125,Winter,AMSTEL,2,0.693147181,4.99,1.60743591,1,0.160410056,0.103002197,0.059311691,0.229390404,0.012373453,10.7445158,0.245199033,0.080267559,0.177190635,0.12780083,0.033192686
441,94,347,94347,Spring,AMSTEL,1,0,5.99,1.790091412,1,0.160410056,0.103002197,0.059311691,0.229390404,0.012373453,10.7445158,0.245199033,0.080267559,0.177190635,0.12780083,0.033192686
457,94,113,94113,Fall,AMSTEL,1,0,6.19,1.822935087,0,0.160410056,0.103002197,0.059311691,0.229390404,0.012373453,10.7445158,0.245199033,0.080267559,0.177190635,0.12780083,0.033192686
578,94,267,94267,Fall,AMSTEL,1,0,6.59,1.885553349,0,0.160410056,0.103002197,0.059311691,0.229390404,0.012373453,10.7445158,0.245199033,0.080267559,0.177190635,0.12780083,0.033192686
732,94,318,94318,Fall,AMSTEL,3,1.098612289,5.99,1.790091412,1,0.160410056,0.103002197,0.059311691,0.229390404,0.012373453,10.7445158,0.245199033,0.080267559,0.177190635,0.12780083,0.033192686
859,94,196,94196,Summer,AMSTEL,3,1.098612289,6.29,1.838961071,0,0.160410056,0.103002197,0.059311691,0.229390404,0.012373453,10.7445158,0.245199033,0.080267559,0.177190635,0.12780083,0.033192686
920,94,227,94227,Winter,AMSTEL,1,0,6.29,1.838961071,0,0.160410056,0.103002197,0.059311691,0.229390404,0.012373453,10.7445158,0.245199033,0.080267559,0.177190635,0.12780083,0.033192686
1176,94,200,94200,Summer,AMSTEL,2,0.693147181,6.29,1.838961071,0,0.160410056,0.103002197,0.059311691,0.229390404,0.012373453,10.7445158,0.245199033,0.080267559,0.177190635,0.12780083,0.033192686
1289,94,398,94398,Spring,AMSTEL,1,0,6.99,1.944480556,0,0.160410056,0.103002197,0.059311691,0.229390404,0.012373453,10.7445158,0.245199033,0.080267559,0.177190635,0.12780083,0.033192686
1514,94,136,94136,Spring,AMSTEL,1,0,6.29,1.838961071,0,0.160410056,0.103002197,0.059311691,0.229390404,0.012373453,10.7445158,0.245199033,0.080267559,0.177190635,0.12780083,0.033192686
222,123,220,123220,Winter,MILLER,45,3.80666249,9.73,2.275213896,1,0.138477591,0.176040942,0.204809699,0.153191489,0.241944444,10.33410045,0.316291161,0.175150378,0.196106332,0.395160489,0.087524312
505,123,267,123267,Fall,MILLER,14,2.63905733,10.99,2.396985768,1,0.138477591,0.176040942,0.204809699,0.153191489,0.241944444,10.33410045,0.316291161,0.175150378,0.196106332,0.395160489,0.087524312
555,123,177,123177,Winter,MILLER,36,3.583518938,10.99,2.396985768,1,0.138477591,0.176040942,0.204809699,0.153191489,0.241944444,10.33410045,0.316291161,0.175150378,0.196106332,0.395160489,0.087524312
737,123,91,123091,Summer,MILLER,17,2.833213344,11.99,2.484072969,0,0.138477591,0.176040942,0.204809699,0.153191489,0.241944444,10.33410045,0.316291161,0.175150378,0.196106332,0.395160489,0.087524312
766,123,155,123155,Fall,MILLER,34,3.526360525,10.99,2.396985768,1,0.138477591,0.176040942,0.204809699,0.153191489,0.241944444,10.33410045,0.316291161,0.175150378,0.196106332,0.395160489,0.087524312
819,123,110,123110,Fall,MILLER,17,2.833213344,11.99,2.484072969,0,0.138477591,0.176040942,0.204809699,0.153191489,0.241944444,10.33410045,0.316291161,0.175150378,0.196106332,0.395160489,0.087524312
1158,123,187,123187,Spring,MILLER,32,3.465735903,10.99,2.396985768,1,0.138477591,0.176040942,0.204809699,0.153191489,0.241944444,10.33410045,0.316291161,0.175150378,0.196106332,0.395160489,0.087524312
1516,123,97,123097,Summer,MILLER,30,3.401197382,11.99,2.484072969,0,0.138477591,0.176040942,0.204809699,0.153191489,0.241944444,10.33410045,0.316291161,0.175150378,0.196106332,0.395160489,0.087524312
1574,123,316,123316,Fall,MILLER,51,3.931825633,10.99,2.396985768,1,0.138477591,0.176040942,0.204809699,0.153191489,0.241944444,10.33410045,0.316291161,0.175150378,0.196106332,0.395160489,0.087524312
1663,123,254,123254,Summer,MILLER,43,3.761200116,10.99,2.396985768,1,0.138477591,0.176040942,0.204809699,0.153191489,0.241944444,10.33410045,0.316291161,0.175150378,0.196106332,0.395160489,0.087524312
1666,123,224,123224,Winter,MILLER,65,4.17438727,9.99,2.301584593,1,0.138477591,0.176040942,0.204809699,0.153191489,0.241944444,10.33410045,0.316291161,0.175150378,0.196106332,0.395160489,0.087524312
1749,123,307,123307,Summer,MILLER,50,3.912023005,10.99,2.396985768,1,0.138477591,0.176040942,0.204809699,0.153191489,0.241944444,10.33410045,0.316291161,0.175150378,0.196106332,0.395160489,0.087524312
1949,123,312,123312,Fall,MILLER,69,4.234106505,10.99,2.396985768,1,0.138477591,0.176040942,0.204809699,0.153191489,0.241944444,10.33410045,0.316291161,0.175150378,0.196106332,0.395160489,0.087524312
223,49,211,49211,Fall,MILLER,11,2.397895273,11.99,2.484072969,0,0.134877735,0.187473187,0.038352638,0.319949969,0.054382022,10.80675383,0.237270004,0.154472451,0.178674994,0.099184899,0.028320971
650,49,199,49199,Summer,MILLER,47,3.850147602,10.99,2.396985768,1,0.134877735,0.187473187,0.038352638,0.319949969,0.054382022,10.80675383,0.237270004,0.154472451,0.178674994,0.099184899,0.028320971
678,49,128,49128,Spring,MILLER,13,2.564949357,10.99,2.396985768,1,0.134877735,0.187473187,0.038352638,0.319949969,0.054382022,10.80675383,0.237270004,0.154472451,0.178674994,0.099184899,0.028320971
989,49,282,49282,Winter,MILLER,5,1.609437912,11.99,2.484072969,0,0.134877735,0.187473187,0.038352638,0.319949969,0.054382022,10.80675383,0.237270004,0.154472451,0.178674994,0.099184899,0.028320971
1159,49,168,49168,Winter,MILLER,25,3.218875825,10.99,2.396985768,0,0.134877735,0.187473187,0.038352638,0.319949969,0.054382022,10.80675383,0.237270004,0.154472451,0.178674994,0.099184899,0.028320971
1294,49,115,49115,Winter,MILLER,9,2.197224577,11.99,2.484072969,0,0.134877735,0.187473187,0.038352638,0.319949969,0.054382022,10.80675383,0.237270004,0.154472451,0.178674994,0.099184899,0.028320971
1383,49,127,49127,Winter,MILLER,3,1.098612289,11.99,2.484072969,0,0.134877735,0.187473187,0.038352638,0.319949969,0.054382022,10.80675383,0.237270004,0.154472451,0.178674994,0.099184899,0.028320971
1504,49,118,49118,Winter,MILLER,5,1.609437912,11.99,2.484072969,0,0.134877735,0.187473187,0.038352638,0.319949969,0.054382022,10.80675383,0.237270004,0.154472451,0.178674994,0.099184899,0.028320971
1743,49,98,49098,Summer,MILLER,17,2.833213344,9.99,2.301584593,1,0.134877735,0.187473187,0.038352638,0.319949969,0.054382022,10.80675383,0.237270004,0.154472451,0.178674994,0.099184899,0.028320971
