Final exam/651FINALEXAM/Q1Q2V6.csv
ID,STORE,Week,STOREWEEK,Season,BRAND,MOVE,logmove,PRICE,logprice,Feat,AGE9,AGE60,ETHNIC,EDUC,NOCAR,INCOME,SINGLE,RETIRED,UNEMP,NWHITE,POVERTY
227,81,122,81122,Winter,MILLER,6,1.791759469,11.99,2.484072969,0,0.116792163,0.181118938,0.073961623,0.234201612,0.033180662,10.71993585,0.275213259,0.114415781,0.143095599,0.141243624,0.031450382
237,81,102,81102,Fall,MILLER,1,0,11.99,2.484072969,1,0.116792163,0.181118938,0.073961623,0.234201612,0.033180662,10.71993585,0.275213259,0.114415781,0.143095599,0.141243624,0.031450382
252,81,105,81105,Fall,MILLER,15,2.708050201,9.79,2.281361457,1,0.116792163,0.181118938,0.073961623,0.234201612,0.033180662,10.71993585,0.275213259,0.114415781,0.143095599,0.141243624,0.031450382
502,81,228,81228,Winter,MILLER,30,3.401197382,9.99,2.301584593,1,0.116792163,0.181118938,0.073961623,0.234201612,0.033180662,10.71993585,0.275213259,0.114415781,0.143095599,0.141243624,0.031450382
569,81,212,81212,Fall,MILLER,45,3.80666249,10.94,2.392425797,1,0.116792163,0.181118938,0.073961623,0.234201612,0.033180662,10.71993585,0.275213259,0.114415781,0.143095599,0.141243624,0.031450382
589,81,226,81226,Winter,MILLER,12,2.48490665,10.99,2.396985768,0,0.116792163,0.181118938,0.073961623,0.234201612,0.033180662,10.71993585,0.275213259,0.114415781,0.143095599,0.141243624,0.031450382
759,81,191,81191,Spring,MILLER,39,3.663561646,10.99,2.396985768,1,0.116792163,0.181118938,0.073961623,0.234201612,0.033180662,10.71993585,0.275213259,0.114415781,0.143095599,0.141243624,0.031450382
1047,81,241,81241,Spring,MILLER,30,3.401197382,10.99,2.396985768,1,0.116792163,0.181118938,0.073961623,0.234201612,0.033180662,10.71993585,0.275213259,0.114415781,0.143095599,0.141243624,0.031450382
1092,81,131,81131,Spring,MILLER,3,1.098612289,11.99,2.484072969,0,0.116792163,0.181118938,0.073961623,0.234201612,0.033180662,10.71993585,0.275213259,0.114415781,0.143095599,0.141243624,0.031450382
1161,81,239,81239,Spring,MILLER,32,3.465735903,10.99,2.396985768,1,0.116792163,0.181118938,0.073961623,0.234201612,0.033180662,10.71993585,0.275213259,0.114415781,0.143095599,0.141243624,0.031450382
1216,81,134,81134,Spring,MILLER,6,1.791759469,11.99,2.484072969,0,0.116792163,0.181118938,0.073961623,0.234201612,0.033180662,10.71993585,0.275213259,0.114415781,0.143095599,0.141243624,0.031450382
1333,81,164,81164,Fall,MILLER,22,3.091042453,10.99,2.396985768,1,0.116792163,0.181118938,0.073961623,0.234201612,0.033180662,10.71993585,0.275213259,0.114415781,0.143095599,0.141243624,0.031450382
1500,81,93,81093,Summer,MILLER,4,1.386294361,11.99,2.484072969,1,0.116792163,0.181118938,0.073961623,0.234201612,0.033180662,10.71993585,0.275213259,0.114415781,0.143095599,0.141243624,0.031450382
1595,81,267,81267,Fall,MILLER,22,3.091042453,10.99,2.396985768,1,0.116792163,0.181118938,0.073961623,0.234201612,0.033180662,10.71993585,0.275213259,0.114415781,0.143095599,0.141243624,0.031450382
1607,81,195,81195,Summer,MILLER,16,2.772588722,11.99,2.484072969,0,0.116792163,0.181118938,0.073961623,0.234201612,0.033180662,10.71993585,0.275213259,0.114415781,0.143095599,0.141243624,0.031450382
1614,81,306,81306,Summer,MILLER,18,2.890371758,11.87,2.474014209,1,0.116792163,0.181118938,0.073961623,0.234201612,0.033180662,10.71993585,0.275213259,0.114415781,0.143095599,0.141243624,0.031450382
1645,81,197,81197,Summer,MILLER,23,3.135494216,11.99,2.484072969,0,0.116792163,0.181118938,0.073961623,0.234201612,0.033180662,10.71993585,0.275213259,0.114415781,0.143095599,0.141243624,0.031450382
1646,81,116,81116,Winter,MILLER,10,2.302585093,10.49,2.350422422,1,0.116792163,0.181118938,0.073961623,0.234201612,0.033180662,10.71993585,0.275213259,0.114415781,0.143095599,0.141243624,0.031450382
1651,81,185,81185,Spring,MILLER,5,1.609437912,11.99,2.484072969,0,0.116792163,0.181118938,0.073961623,0.234201612,0.033180662,10.71993585,0.275213259,0.114415781,0.143095599,0.141243624,0.031450382
1824,81,213,81213,Fall,MILLER,42,3.737669618,9.99,2.301584593,1,0.116792163,0.181118938,0.073961623,0.234201612,0.033180662,10.71993585,0.275213259,0.114415781,0.143095599,0.141243624,0.031450382
1959,81,315,81315,Fall,MILLER,12,2.48490665,12.82,2.551006451,1,0.116792163,0.181118938,0.073961623,0.234201612,0.033180662,10.71993585,0.275213259,0.114415781,0.143095599,0.141243624,0.031450382
1972,81,177,81177,Winter,MILLER,16,2.772588722,10.99,2.396985768,1,0.116792163,0.181118938,0.073961623,0.234201612,0.033180662,10.71993585,0.275213259,0.114415781,0.143095599,0.141243624,0.031450382
228,121,247,121247,Summer,AMSTEL,5,1.609437912,6.59,1.885553349,0,0.131251097,0.16358133,0.039173539,0.35061287,0.023876247,10.94992897,0.252030319,0.128497937,0.171745152,0.102167047,0.016704036
495,121,242,121242,Spring,AMSTEL,2,0.693147181,6.59,1.885553349,0,0.131251097,0.16358133,0.039173539,0.35061287,0.023876247,10.94992897,0.252030319,0.128497937,0.171745152,0.102167047,0.016704036
733,121,296,121296,Spring,AMSTEL,3,1.098612289,6.99,1.944480556,0,0.131251097,0.16358133,0.039173539,0.35061287,0.023876247,10.94992897,0.252030319,0.128497937,0.171745152,0.102167047,0.016704036
940,121,279,121279,Winter,AMSTEL,4,1.386294361,6.49,1.870262531,0,0.131251097,0.16358133,0.039173539,0.35061287,0.023876247,10.94992897,0.252030319,0.128497937,0.171745152,0.102167047,0.016704036
1335,121,393,121393,Spring,AMSTEL,4,1.386294361,6.99,1.944480556,0,0.131251097,0.16358133,0.039173539,0.35061287,0.023876247,10.94992897,0.252030319,0.128497937,0.171745152,0.102167047,0.016704036
1477,121,215,121215,Fall,AMSTEL,11,2.397895273,4.99,1.60743591,1,0.131251097,0.16358133,0.039173539,0.35061287,0.023876247,10.94992897,0.252030319,0.128497937,0.171745152,0.102167047,0.016704036
1612,121,365,121365,Fall,AMSTEL,4,1.386294361,6.99,1.944480556,0,0.131251097,0.16358133,0.039173539,0.35061287,0.023876247,10.94992897,0.252030319,0.128497937,0.171745152,0.102167047,0.016704036
1820,121,255,121255,Summer,AMSTEL,3,1.098612289,6.05,1.800058272,0,0.131251097,0.16358133,0.039173539,0.35061287,0.023876247,10.94992897,0.252030319,0.128497937,0.171745152,0.102167047,0.016704036
1853,121,206,121206,Fall,AMSTEL,2,0.693147181,6.29,1.838961071,0,0.131251097,0.16358133,0.039173539,0.35061287,0.023876247,10.94992897,0.252030319,0.128497937,0.171745152,0.102167047,0.016704036
1899,121,375,121375,Winter,AMSTEL,1,0,6.99,1.944480556,0,0.131251097,0.16358133,0.039173539,0.35061287,0.023876247,10.94992897,0.252030319,0.128497937,0.171745152,0.102167047,0.016704036
2018,121,232,121232,Spring,AMSTEL,5,1.609437912,6.29,1.838961071,0,0.131251097,0.16358133,0.039173539,0.35061287,0.023876247,10.94992897,0.252030319,0.128497937,0.171745152,0.102167047,0.016704036
231,130,390,130390,Spring,AMSTEL,1,0,5.99,1.790091412,1,0.150929181,0.145117314,0.984896319,0.143406846,0.407351505,9.966650127,0.426659256,0.173900279,0.231883349,0.983640669,0.193144481
1410,130,125,130125,Winter,AMSTEL,1,0,4.99,1.60743591,1,0.150929181,0.145117314,0.984896319,0.143406846,0.407351505,9.966650127,0.426659256,0.173900279,0.231883349,0.983640669,0.193144481
1419,130,138,130138,Spring,AMSTEL,1,0,6.29,1.838961071,0,0.150929181,0.145117314,0.984896319,0.143406846,0.407351505,9.966650127,0.426659256,0.173900279,0.231883349,0.983640669,0.193144481
1432,130,299,130299,Summer,AMSTEL,1,0,5.99,1.790091412,1,0.150929181,0.145117314,0.984896319,0.143406846,0.407351505,9.966650127,0.426659256,0.173900279,0.231883349,0.983640669,0.193144481
1652,130,105,130105,Fall,AMSTEL,2,0.693147181,6.19,1.822935087,0,0.150929181,0.145117314,0.984896319,0.143406846,0.407351505,9.966650127,0.426659256,0.173900279,0.231883349,0.983640669,0.193144481
1744,130,343,130343,Spring,AMSTEL,1,0,5.99,1.790091412,1,0.150929181,0.145117314,0.984896319,0.143406846,0.407351505,9.966650127,0.426659256,0.173900279,0.231883349,0.983640669,0.193144481
1915,130,141,130141,Summer,AMSTEL,2,0.693147181,6.29,1.838961071,0,0.150929181,0.145117314,0.984896319,0.143406846,0.407351505,9.966650127,0.426659256,0.173900279,0.231883349,0.983640669,0.193144481
2033,130,156,130156,Fall,AMSTEL,1,0,6.49,1.870262531,0,0.150929181,0.145117314,0.984896319,0.143406846,0.407351505,9.966650127,0.426659256,0.173900279,0.231883349,0.983640669,0.193144481
238,64,105,64105,Fall,MILLER,67,4.204692619,9.79,2.281361457,1,0.148404104,0.141992021,0.070034198,0.16082131,0.043620725,10.60581744,0.265272875,0.114546665,0.166111693,0.107580507,0.038713642
453,64,198,64198,Summer,MILLER,41,3.713572067,11.99,2.484072969,0,0.148404104,0.141992021,0.070034198,0.16082131,0.043620725,10.60581744,0.265272875,0.114546665,0.166111693,0.107580507,0.038713642
519,64,138,64138,Spring,MILLER,33,3.496507561,11.99,2.484072969,0,0.148404104,0.141992021,0.070034198,0.16082131,0.043620725,10.60581744,0.265272875,0.114546665,0.166111693,0.107580507,0.038713642
539,64,220,64220,Winter,MILLER,82,4.406719247,9.58,2.259677592,1,0.148404104,0.141992021,0.070034198,0.16082131,0.043620725,10.60581744,0.265272875,0.114546665,0.166111693,0.107580507,0.038713642
615,64,228,64228,Winter,MILLER,69,4.234106505,9.99,2.301584593,1,0.148404104,0.141992021,0.070034198,0.16082131,0.043620725,10.60581744,0.265272875,0.114546665,0.166111693,0.107580507,0.038713642
889,64,115,64115,Winter,MILLER,19,2.944438979,11.99,2.484072969,0,0.148404104,0.141992021,0.070034198,0.16082131,0.043620725,10.60581744,0.265272875,0.114546665,0.166111693,0.107580507,0.038713642
893,64,123,64123,Winter,MILLER,21,3.044522438,11.99,2.484072969,0,0.148404104,0.141992021,0.070034198,0.16082131,0.043620725,10.60581744,0.265272875,0.114546665,0.166111693,0.107580507,0.038713642
1042,64,99,64099,Summer,MILLER,78,4.356708827,9.99,2.301584593,1,0.148404104,0.141992021,0.070034198,0.16082131,0.043620725,10.60581744,0.265272875,0.114546665,0.166111693,0.107580507,0.038713642
1285,64,110,64110,Fall,MILLER,17,2.833213344,11.99,2.484072969,0,0.148404104,0.141992021,0.070034198,0.16082131,0.043620725,10.60581744,0.265272875,0.114546665,0.166111693,0.107580507,0.038713642
1399,64,108,64108,Fall,MILLER,33,3.496507561,10.49,2.350422422,1,0.148404104,0.141992021,0.070034198,0.16082131,0.043620725,10.60581744,0.265272875,0.114546665,0.166111693,0.107580507,0.038713642
1700,64,168,64168,Winter,MILLER,50,3.912023005,10.99,2.396985768,1,0.148404104,0.141992021,0.070034198,0.16082131,0.043620725,10.60581744,0.265272875,0.114546665,0.166111693,0.107580507,0.038713642
1712,64,176,64176,Winter,MILLER,36,3.583518938,10.99,2.396985768,1,0.148404104,0.141992021,0.070034198,0.16082131,0.043620725,10.60581744,0.265272875,0.114546665,0.166111693,0.107580507,0.038713642
1780,64,112,64112,Fall,MILLER,53,3.970291914,10.49,2.350422422,1,0.148404104,0.141992021,0.070034198,0.16082131,0.043620725,10.60581744,0.265272875,0.114546665,0.166111693,0.107580507,0.038713642
1790,64,131,64131,Spring,MILLER,22,3.091042453,11.99,2.484072969,0,0.148404104,0.141992021,0.070034198,0.16082131,0.043620725,10.60581744,0.265272875,0.114546665,0.166111693,0.107580507,0.038713642
1828,64,166,64166,Fall,MILLER,26,3.258096538,11.99,2.484072969,0,0.148404104,0.141992021,0.070034198,0.16082131,0.043620725,10.60581744,0.265272875,0.114546665,0.166111693,0.107580507,0.038713642
1834,64,217,64217,Fall,MILLER,46,3.828641396,9.99,2.301584593,1,0.148404104,0.141992021,0.070034198,0.16082131,0.043620725,10.60581744,0.265272875,0.114546665,0.166111693,0.107580507,0.038713642
240,103,287,103287,Spring,MILLER,70,4.248495242,11.99,2.484072969,1,0.185393984,0.058053966,0.187760899,0.194621102,0.015063237,10.58524512,0.262553802,0.063029284,0.212877368,0.227740242,0.033110701
273,103,182,103182,Spring,MILLER,45,3.80666249,11.99,2.484072969,0,0.185393984,0.058053966,0.187760899,0.194621102,0.015063237,10.58524512,0.262553802,0.063029284,0.212877368,0.227740242,0.033110701
707,103,111,103111,Fall,MILLER,48,3.871201011,10.99,2.396985768,0,0.185393984,0.058053966,0.187760899,0.194621102,0.015063237,10.58524512,0.262553802,0.063029284,0.212877368,0.227740242,0.033110701
881,103,244,103244,Spring,MILLER,91,4.510859507,10.99,2.396985768,0,0.185393984,0.058053966,0.187760899,0.194621102,0.015063237,10.58524512,0.262553802,0.063029284,0.212877368,0.227740242,0.033110701
1038,103,195,103195,Summer,MILLER,77,4.343805422,11.99,2.484072969,0,0.185393984,0.058053966,0.187760899,0.194621102,0.015063237,10.58524512,0.262553802,0.063029284,0.212877368,0.227740242,0.033110701
1120,103,275,103275,Winter,MILLER,92,4.521788577,10.99,2.396985768,1,0.185393984,0.058053966,0.187760899,0.194621102,0.015063237,10.58524512,0.262553802,0.063029284,0.212877368,0.227740242,0.033110701
1286,103,313,103313,Fall,MILLER,110,4.700480366,10.99,2.396985768,1,0.185393984,0.058053966,0.187760899,0.194621102,0.015063237,10.58524512,0.262553802,0.063029284,0.212877368,0.227740242,0.033110701
1411,103,102,103102,Fall,MILLER,81,4.394449155,10.99,2.396985768,0,0.185393984,0.058053966,0.187760899,0.194621102,0.015063237,10.58524512,0.262553802,0.063029284,0.212877368,0.227740242,0.033110701
1444,103,279,103279,Winter,MILLER,49,3.891820298,11.9,2.4765384,0,0.185393984,0.058053966,0.187760899,0.194621102,0.015063237,10.58524512,0.262553802,0.063029284,0.212877368,0.227740242,0.033110701
1521,103,293,103293,Spring,MILLER,48,3.871201011,12.96,2.561867691,1,0.185393984,0.058053966,0.187760899,0.194621102,0.015063237,10.58524512,0.262553802,0.063029284,0.212877368,0.227740242,0.033110701
1586,103,227,103227,Winter,MILLER,117,4.762173935,9.49,2.250238613,1,0.185393984,0.058053966,0.187760899,0.194621102,0.015063237,10.58524512,0.262553802,0.063029284,0.212877368,0.227740242,0.033110701
1805,103,207,103207,Fall,MILLER,89,4.48863637,10.99,2.396985768,1,0.185393984,0.058053966,0.187760899,0.194621102,0.015063237,10.58524512,0.262553802,0.063029284,0.212877368,0.227740242,0.033110701
1914,103,309,103309,Summer,MILLER,82,4.406719247,12.99,2.564179831,0,0.185393984,0.058053966,0.187760899,0.194621102,0.015063237,10.58524512,0.262553802,0.063029284,0.212877368,0.227740242,0.033110701
1982,103,211,103211,Fall,MILLER,56,4.025351691,11.99,2.484072969,0,0.185393984,0.058053966,0.187760899,0.194621102,0.015063237,10.58524512,0.262553802,0.063029284,0.212877368,0.227740242,0.033110701
2016,103,267,103267,Fall,MILLER,77,4.343805422,10.99,2.396985768,1,0.185393984,0.058053966,0.187760899,0.194621102,0.015063237,10.58524512,0.262553802,0.063029284,0.212877368,0.227740242,0.033110701
247,122,313,122313,Fall,COORS,17,2.833213344,9.99,2.301584593,1,0.16735739,0.061953911,0.078372885,0.255889066,0.019283122,10.77505285,0.269524042,0.055971112,0.186152769,0.145527017,0.018980641
312,122,120,122120,Winter,COORS,7,1.945910149,10.49,2.350422422,1,0.16735739,0.061953911,0.078372885,0.255889066,0.019283122,10.77505285,0.269524042,0.055971112,0.186152769,0.145527017,0.018980641
343,122,217,122217,Fall,COORS,3,1.098612289,10.99,2.396985768,0,0.16735739,0.061953911,0.078372885,0.255889066,0.019283122,10.77505285,0.269524042,0.055971112,0.186152769,0.145527017,0.018980641
629,122,231,122231,Winter,COORS,2,0.693147181,11.99,2.484072969,0,0.16735739,0.061953911,0.078372885,0.255889066,0.019283122,10.77505285,0.269524042,0.055971112,0.186152769,0.145527017,0.018980641
722,122,134,122134,Spring,COORS,7,1.945910149,10.99,2.396985768,1,0.16735739,0.061953911,0.078372885,0.255889066,0.019283122,10.77505285,0.269524042,0.055971112,0.186152769,0.145527017,0.018980641
755,122,258,122258,Fall,COORS,3,1.098612289,11.99,2.484072969,0,0.16735739,0.061953911,0.078372885,0.255889066,0.019283122,10.77505285,0.269524042,0.055971112,0.186152769,0.145527017,0.018980641
1166,122,190,122190,Spring,COORS,11,2.397895273,10.99,2.396985768,1,0.16735739,0.061953911,0.078372885,0.255889066,0.019283122,10.77505285,0.269524042,0.055971112,0.186152769,0.145527017,0.018980641
1190,122,278,122278,Winter,COORS,7,1.945910149,10.99,2.396985768,1,0.16735739,0.061953911,0.078372885,0.255889066,0.019283122,10.77505285,0.269524042,0.055971112,0.186152769,0.145527017,0.018980641
1253,122,268,122268,Fall,COORS,8,2.079441542,10.99,2.396985768,1,0.16735739,0.061953911,0.078372885,0.255889066,0.019283122,10.77505285,0.269524042,0.055971112,0.186152769,0.145527017,0.018980641
1387,122,95,122095,Summer,COORS,9,2.197224577,10.99,2.396985768,0,0.16735739,0.061953911,0.078372885,0.255889066,0.019283122,10.77505285,0.269524042,0.055971112,0.186152769,0.145527017,0.018980641
1439,122,212,122212,Fall,COORS,6,1.791759469,11.99,2.484072969,0,0.16735739,0.061953911,0.078372885,0.255889066,0.019283122,10.77505285,0.269524042,0.055971112,0.186152769,0.145527017,0.018980641
1670,122,229,122229,Winter,COORS,10,2.302585093,9.99,2.301584593,1,0.16735739,0.061953911,0.078372885,0.255889066,0.019283122,10.77505285,0.269524042,0.055971112,0.186152769,0.145527017,0.018980641
1696,122,170,122170,Winter,COORS,7,1.945910149,10.99,2.396985768,1,0.16735739,0.061953911,0.078372885,0.255889066,0.019283122,10.77505285,0.269524042,0.055971112,0.186152769,0.145527017,0.018980641
