Final exam/651FINALEXAM/Q1Q2V6.csv
ID,STORE,Week,STOREWEEK,Season,BRAND,MOVE,logmove,PRICE,logprice,Feat,AGE9,AGE60,ETHNIC,EDUC,NOCAR,INCOME,SINGLE,RETIRED,UNEMP,NWHITE,POVERTY
260,74,310,74310,Fall,COORS,1,0,12.99,2.564179831,0,0.093843178,0.307397856,0.041542429,0.07119776,0.14364528,10.48001664,0.25636593,0.230280877,0.16554444,0.061568217,0.06509299
333,74,286,74286,Spring,COORS,3,1.098612289,12.99,2.564179831,0,0.093843178,0.307397856,0.041542429,0.07119776,0.14364528,10.48001664,0.25636593,0.230280877,0.16554444,0.061568217,0.06509299
1028,74,306,74306,Summer,COORS,2,0.693147181,10.99,2.396985768,1,0.093843178,0.307397856,0.041542429,0.07119776,0.14364528,10.48001664,0.25636593,0.230280877,0.16554444,0.061568217,0.06509299
1114,74,236,74236,Spring,COORS,1,0,10.99,2.396985768,1,0.093843178,0.307397856,0.041542429,0.07119776,0.14364528,10.48001664,0.25636593,0.230280877,0.16554444,0.061568217,0.06509299
1315,74,166,74166,Fall,COORS,1,0,10.99,2.396985768,1,0.093843178,0.307397856,0.041542429,0.07119776,0.14364528,10.48001664,0.25636593,0.230280877,0.16554444,0.061568217,0.06509299
1368,74,282,74282,Winter,COORS,2,0.693147181,10.99,2.396985768,1,0.093843178,0.307397856,0.041542429,0.07119776,0.14364528,10.48001664,0.25636593,0.230280877,0.16554444,0.061568217,0.06509299
1380,74,185,74185,Spring,COORS,5,1.609437912,10.99,2.396985768,0,0.093843178,0.307397856,0.041542429,0.07119776,0.14364528,10.48001664,0.25636593,0.230280877,0.16554444,0.061568217,0.06509299
1730,74,293,74293,Spring,COORS,2,0.693147181,11.99,2.484072969,1,0.093843178,0.307397856,0.041542429,0.07119776,0.14364528,10.48001664,0.25636593,0.230280877,0.16554444,0.061568217,0.06509299
265,74,115,74115,Winter,AMSTEL,1,0,6.19,1.822935087,0,0.093843178,0.307397856,0.041542429,0.07119776,0.14364528,10.48001664,0.25636593,0.230280877,0.16554444,0.061568217,0.06509299
448,74,335,74335,Winter,AMSTEL,2,0.693147181,5.99,1.790091412,1,0.093843178,0.307397856,0.041542429,0.07119776,0.14364528,10.48001664,0.25636593,0.230280877,0.16554444,0.061568217,0.06509299
600,74,260,74260,Fall,AMSTEL,1,0,6.59,1.885553349,0,0.093843178,0.307397856,0.041542429,0.07119776,0.14364528,10.48001664,0.25636593,0.230280877,0.16554444,0.061568217,0.06509299
727,74,178,74178,Winter,AMSTEL,1,0,6.49,1.870262531,0,0.093843178,0.307397856,0.041542429,0.07119776,0.14364528,10.48001664,0.25636593,0.230280877,0.16554444,0.061568217,0.06509299
773,74,201,74201,Summer,AMSTEL,1,0,4.99,1.60743591,1,0.093843178,0.307397856,0.041542429,0.07119776,0.14364528,10.48001664,0.25636593,0.230280877,0.16554444,0.061568217,0.06509299
914,74,101,74101,Summer,AMSTEL,1,0,6.19,1.822935087,0,0.093843178,0.307397856,0.041542429,0.07119776,0.14364528,10.48001664,0.25636593,0.230280877,0.16554444,0.061568217,0.06509299
1297,74,378,74378,Winter,AMSTEL,2,0.693147181,6.99,1.944480556,0,0.093843178,0.307397856,0.041542429,0.07119776,0.14364528,10.48001664,0.25636593,0.230280877,0.16554444,0.061568217,0.06509299
1610,74,391,74391,Spring,AMSTEL,1,0,5.99,1.790091412,1,0.093843178,0.307397856,0.041542429,0.07119776,0.14364528,10.48001664,0.25636593,0.230280877,0.16554444,0.061568217,0.06509299
266,70,373,70373,Fall,AMSTEL,3,1.098612289,5.49,1.702928256,1,0.143345982,0.190235804,0.162860821,0.165669605,0.081125525,10.41235125,0.26475788,0.179099737,0.19729558,0.175159236,0.087977343
400,70,223,70223,Winter,AMSTEL,1,0,6.29,1.838961071,0,0.143345982,0.190235804,0.162860821,0.165669605,0.081125525,10.41235125,0.26475788,0.179099737,0.19729558,0.175159236,0.087977343
528,70,274,70274,Winter,AMSTEL,1,0,6.59,1.885553349,0,0.143345982,0.190235804,0.162860821,0.165669605,0.081125525,10.41235125,0.26475788,0.179099737,0.19729558,0.175159236,0.087977343
659,70,294,70294,Spring,AMSTEL,1,0,6.99,1.944480556,0,0.143345982,0.190235804,0.162860821,0.165669605,0.081125525,10.41235125,0.26475788,0.179099737,0.19729558,0.175159236,0.087977343
1429,70,346,70346,Spring,AMSTEL,5,1.609437912,6.99,1.944480556,0,0.143345982,0.190235804,0.162860821,0.165669605,0.081125525,10.41235125,0.26475788,0.179099737,0.19729558,0.175159236,0.087977343
1434,70,283,70283,Winter,AMSTEL,3,1.098612289,5.65,1.731655545,0,0.143345982,0.190235804,0.162860821,0.165669605,0.081125525,10.41235125,0.26475788,0.179099737,0.19729558,0.175159236,0.087977343
1637,70,345,70345,Spring,AMSTEL,2,0.693147181,6.49,1.870262531,0,0.143345982,0.190235804,0.162860821,0.165669605,0.081125525,10.41235125,0.26475788,0.179099737,0.19729558,0.175159236,0.087977343
1738,70,341,70341,Spring,AMSTEL,3,1.098612289,6.99,1.944480556,0,0.143345982,0.190235804,0.162860821,0.165669605,0.081125525,10.41235125,0.26475788,0.179099737,0.19729558,0.175159236,0.087977343
1758,70,202,70202,Summer,AMSTEL,3,1.098612289,4.99,1.60743591,1,0.143345982,0.190235804,0.162860821,0.165669605,0.081125525,10.41235125,0.26475788,0.179099737,0.19729558,0.175159236,0.087977343
1811,70,288,70288,Spring,AMSTEL,3,1.098612289,6.99,1.944480556,0,0.143345982,0.190235804,0.162860821,0.165669605,0.081125525,10.41235125,0.26475788,0.179099737,0.19729558,0.175159236,0.087977343
268,112,123,112123,Winter,MILLER,43,3.761200116,11.99,2.484072969,0,0.16361186,0.08972372,0.069710243,0.329898517,0.013948884,10.88265918,0.250960531,0.06922866,0.181411077,0.114420485,0.019981998
313,112,143,112143,Summer,MILLER,57,4.043051268,11.99,2.484072969,0,0.16361186,0.08972372,0.069710243,0.329898517,0.013948884,10.88265918,0.250960531,0.06922866,0.181411077,0.114420485,0.019981998
500,112,186,112186,Spring,MILLER,22,3.091042453,11.99,2.484072969,0,0.16361186,0.08972372,0.069710243,0.329898517,0.013948884,10.88265918,0.250960531,0.06922866,0.181411077,0.114420485,0.019981998
568,112,107,112107,Fall,MILLER,50,3.912023005,10.99,2.396985768,0,0.16361186,0.08972372,0.069710243,0.329898517,0.013948884,10.88265918,0.250960531,0.06922866,0.181411077,0.114420485,0.019981998
788,112,197,112197,Summer,MILLER,53,3.970291914,11.99,2.484072969,0,0.16361186,0.08972372,0.069710243,0.329898517,0.013948884,10.88265918,0.250960531,0.06922866,0.181411077,0.114420485,0.019981998
1170,112,192,112192,Spring,MILLER,66,4.189654742,10.99,2.396985768,1,0.16361186,0.08972372,0.069710243,0.329898517,0.013948884,10.88265918,0.250960531,0.06922866,0.181411077,0.114420485,0.019981998
1314,112,213,112213,Fall,MILLER,51,3.931825633,10.99,2.396985768,1,0.16361186,0.08972372,0.069710243,0.329898517,0.013948884,10.88265918,0.250960531,0.06922866,0.181411077,0.114420485,0.019981998
1701,112,209,112209,Fall,MILLER,39,3.663561646,10.99,2.396985768,1,0.16361186,0.08972372,0.069710243,0.329898517,0.013948884,10.88265918,0.250960531,0.06922866,0.181411077,0.114420485,0.019981998
1754,112,160,112160,Fall,MILLER,38,3.63758616,10.99,2.396985768,1,0.16361186,0.08972372,0.069710243,0.329898517,0.013948884,10.88265918,0.250960531,0.06922866,0.181411077,0.114420485,0.019981998
1807,112,151,112151,Summer,MILLER,68,4.219507705,10.99,2.396985768,1,0.16361186,0.08972372,0.069710243,0.329898517,0.013948884,10.88265918,0.250960531,0.06922866,0.181411077,0.114420485,0.019981998
2027,112,229,112229,Winter,MILLER,82,4.406719247,9.99,2.301584593,1,0.16361186,0.08972372,0.069710243,0.329898517,0.013948884,10.88265918,0.250960531,0.06922866,0.181411077,0.114420485,0.019981998
296,115,130,115130,Spring,COORS,11,2.397895273,11.99,2.484072969,0,0.185493511,0.060280055,0.043971995,0.406312482,0.018763942,10.94748525,0.236840561,0.068418412,0.198356955,0.094859973,0.018897638
658,115,309,115309,Summer,COORS,7,1.945910149,12.99,2.564179831,0,0.185493511,0.060280055,0.043971995,0.406312482,0.018763942,10.94748525,0.236840561,0.068418412,0.198356955,0.094859973,0.018897638
682,115,271,115271,Winter,COORS,8,2.079441542,11.61,2.451866796,0,0.185493511,0.060280055,0.043971995,0.406312482,0.018763942,10.94748525,0.236840561,0.068418412,0.198356955,0.094859973,0.018897638
913,115,278,115278,Winter,COORS,10,2.302585093,10.99,2.396985768,1,0.185493511,0.060280055,0.043971995,0.406312482,0.018763942,10.94748525,0.236840561,0.068418412,0.198356955,0.094859973,0.018897638
1308,115,212,115212,Fall,COORS,12,2.48490665,11.99,2.484072969,0,0.185493511,0.060280055,0.043971995,0.406312482,0.018763942,10.94748525,0.236840561,0.068418412,0.198356955,0.094859973,0.018897638
1515,115,135,115135,Spring,COORS,19,2.944438979,10.99,2.396985768,1,0.185493511,0.060280055,0.043971995,0.406312482,0.018763942,10.94748525,0.236840561,0.068418412,0.198356955,0.094859973,0.018897638
1567,115,207,115207,Fall,COORS,7,1.945910149,11.99,2.484072969,0,0.185493511,0.060280055,0.043971995,0.406312482,0.018763942,10.94748525,0.236840561,0.068418412,0.198356955,0.094859973,0.018897638
1633,115,209,115209,Fall,COORS,4,1.386294361,11.99,2.484072969,0,0.185493511,0.060280055,0.043971995,0.406312482,0.018763942,10.94748525,0.236840561,0.068418412,0.198356955,0.094859973,0.018897638
1936,115,316,115316,Fall,COORS,9,2.197224577,10.99,2.396985768,1,0.185493511,0.060280055,0.043971995,0.406312482,0.018763942,10.94748525,0.236840561,0.068418412,0.198356955,0.094859973,0.018897638
301,51,111,51111,Fall,MILLER,6,1.791759469,11.99,2.484072969,0,0.132472108,0.176159718,0.025425719,0.171916711,0.025436409,10.62083942,0.256408378,0.153822512,0.189627353,0.042571932,0.039401496
608,51,204,51204,Summer,MILLER,54,3.988984047,10.06,2.308567165,1,0.132472108,0.176159718,0.025425719,0.171916711,0.025436409,10.62083942,0.256408378,0.153822512,0.189627353,0.042571932,0.039401496
1098,51,254,51254,Summer,MILLER,69,4.234106505,10.99,2.396985768,1,0.132472108,0.176159718,0.025425719,0.171916711,0.025436409,10.62083942,0.256408378,0.153822512,0.189627353,0.042571932,0.039401496
1220,51,246,51246,Summer,MILLER,98,4.584967479,10.99,2.396985768,1,0.132472108,0.176159718,0.025425719,0.171916711,0.025436409,10.62083942,0.256408378,0.153822512,0.189627353,0.042571932,0.039401496
1224,51,193,51193,Summer,MILLER,96,4.564348191,9.99,2.301584593,0,0.132472108,0.176159718,0.025425719,0.171916711,0.025436409,10.62083942,0.256408378,0.153822512,0.189627353,0.042571932,0.039401496
1643,51,236,51236,Spring,MILLER,30,3.401197382,10.99,2.396985768,1,0.132472108,0.176159718,0.025425719,0.171916711,0.025436409,10.62083942,0.256408378,0.153822512,0.189627353,0.042571932,0.039401496
1688,51,165,51165,Fall,MILLER,15,2.708050201,11.99,2.484072969,0,0.132472108,0.176159718,0.025425719,0.171916711,0.025436409,10.62083942,0.256408378,0.153822512,0.189627353,0.042571932,0.039401496
1711,51,134,51134,Spring,MILLER,18,2.890371758,11.99,2.484072969,0,0.132472108,0.176159718,0.025425719,0.171916711,0.025436409,10.62083942,0.256408378,0.153822512,0.189627353,0.042571932,0.039401496
1781,51,173,51173,Winter,MILLER,43,3.761200116,10.99,2.396985768,1,0.132472108,0.176159718,0.025425719,0.171916711,0.025436409,10.62083942,0.256408378,0.153822512,0.189627353,0.042571932,0.039401496
1986,51,278,51278,Winter,MILLER,35,3.555348061,10.99,2.396985768,1,0.132472108,0.176159718,0.025425719,0.171916711,0.025436409,10.62083942,0.256408378,0.153822512,0.189627353,0.042571932,0.039401496
2001,51,103,51103,Fall,MILLER,19,2.944438979,11.99,2.484072969,0,0.132472108,0.176159718,0.025425719,0.171916711,0.025436409,10.62083942,0.256408378,0.153822512,0.189627353,0.042571932,0.039401496
2019,51,196,51196,Summer,MILLER,75,4.317488114,10.04,2.306577114,0,0.132472108,0.176159718,0.025425719,0.171916711,0.025436409,10.62083942,0.256408378,0.153822512,0.189627353,0.042571932,0.039401496
305,132,194,132194,Summer,COORS,8,2.079441542,11.99,2.484072969,0,0.146748237,0.139617348,0.273974204,0.264528441,0.032773961,10.61915425,0.25541913,0.119681566,0.188908612,0.296886568,0.041450777
787,132,206,132206,Fall,COORS,8,2.079441542,11.99,2.484072969,0,0.146748237,0.139617348,0.273974204,0.264528441,0.032773961,10.61915425,0.25541913,0.119681566,0.188908612,0.296886568,0.041450777
908,132,169,132169,Winter,COORS,17,2.833213344,10.99,2.396985768,1,0.146748237,0.139617348,0.273974204,0.264528441,0.032773961,10.61915425,0.25541913,0.119681566,0.188908612,0.296886568,0.041450777
983,132,161,132161,Fall,COORS,8,2.079441542,10.99,2.396985768,1,0.146748237,0.139617348,0.273974204,0.264528441,0.032773961,10.61915425,0.25541913,0.119681566,0.188908612,0.296886568,0.041450777
1030,132,136,132136,Spring,COORS,2,0.693147181,11.99,2.484072969,0,0.146748237,0.139617348,0.273974204,0.264528441,0.032773961,10.61915425,0.25541913,0.119681566,0.188908612,0.296886568,0.041450777
1116,132,308,132308,Summer,COORS,6,1.791759469,12.99,2.564179831,0,0.146748237,0.139617348,0.273974204,0.264528441,0.032773961,10.61915425,0.25541913,0.119681566,0.188908612,0.296886568,0.041450777
1466,132,255,132255,Summer,COORS,6,1.791759469,10.99,2.396985768,1,0.146748237,0.139617348,0.273974204,0.264528441,0.032773961,10.61915425,0.25541913,0.119681566,0.188908612,0.296886568,0.041450777
1564,132,185,132185,Spring,COORS,8,2.079441542,10.99,2.396985768,1,0.146748237,0.139617348,0.273974204,0.264528441,0.032773961,10.61915425,0.25541913,0.119681566,0.188908612,0.296886568,0.041450777
1576,132,177,132177,Winter,COORS,6,1.791759469,11.99,2.484072969,0,0.146748237,0.139617348,0.273974204,0.264528441,0.032773961,10.61915425,0.25541913,0.119681566,0.188908612,0.296886568,0.041450777
1669,132,225,132225,Winter,COORS,2,0.693147181,10.99,2.396985768,0,0.146748237,0.139617348,0.273974204,0.264528441,0.032773961,10.61915425,0.25541913,0.119681566,0.188908612,0.296886568,0.041450777
1912,132,178,132178,Winter,COORS,4,1.386294361,10.99,2.396985768,1,0.146748237,0.139617348,0.273974204,0.264528441,0.032773961,10.61915425,0.25541913,0.119681566,0.188908612,0.296886568,0.041450777
318,56,258,56258,Fall,AMSTEL,1,0,4.99,1.60743591,1,0.131013828,0.192888549,0.041356019,0.237550719,0.031997305,10.83182543,0.228409181,0.153770087,0.172146683,0.076339769,0.027950833
336,56,209,56209,Fall,AMSTEL,2,0.693147181,4.99,1.60743591,1,0.131013828,0.192888549,0.041356019,0.237550719,0.031997305,10.83182543,0.228409181,0.153770087,0.172146683,0.076339769,0.027950833
573,56,389,56389,Spring,AMSTEL,1,0,6.49,1.870262531,0,0.131013828,0.192888549,0.041356019,0.237550719,0.031997305,10.83182543,0.228409181,0.153770087,0.172146683,0.076339769,0.027950833
948,56,244,56244,Spring,AMSTEL,1,0,4.99,1.60743591,1,0.131013828,0.192888549,0.041356019,0.237550719,0.031997305,10.83182543,0.228409181,0.153770087,0.172146683,0.076339769,0.027950833
1006,56,174,56174,Winter,AMSTEL,1,0,6.49,1.870262531,0,0.131013828,0.192888549,0.041356019,0.237550719,0.031997305,10.83182543,0.228409181,0.153770087,0.172146683,0.076339769,0.027950833
1613,56,135,56135,Spring,AMSTEL,1,0,6.29,1.838961071,0,0.131013828,0.192888549,0.041356019,0.237550719,0.031997305,10.83182543,0.228409181,0.153770087,0.172146683,0.076339769,0.027950833
1739,56,133,56133,Spring,AMSTEL,2,0.693147181,6.29,1.838961071,0,0.131013828,0.192888549,0.041356019,0.237550719,0.031997305,10.83182543,0.228409181,0.153770087,0.172146683,0.076339769,0.027950833
1835,56,360,56360,Summer,AMSTEL,1,0,6.99,1.944480556,0,0.131013828,0.192888549,0.041356019,0.237550719,0.031997305,10.83182543,0.228409181,0.153770087,0.172146683,0.076339769,0.027950833
335,105,317,105317,Fall,MILLER,58,4.060443011,10.99,2.396985768,1,0.147564877,0.175542126,0.365410594,0.094235589,0.092156656,10.41439317,0.277669286,0.161185624,0.173547802,0.391503733,0.081917027
511,105,161,105161,Fall,MILLER,58,4.060443011,11.99,2.484072969,1,0.147564877,0.175542126,0.365410594,0.094235589,0.092156656,10.41439317,0.277669286,0.161185624,0.173547802,0.391503733,0.081917027
741,105,193,105193,Summer,MILLER,65,4.17438727,11.22,2.4176979,0,0.147564877,0.175542126,0.365410594,0.094235589,0.092156656,10.41439317,0.277669286,0.161185624,0.173547802,0.391503733,0.081917027
749,105,221,105221,Winter,MILLER,61,4.110873864,9.98,2.30058309,1,0.147564877,0.175542126,0.365410594,0.094235589,0.092156656,10.41439317,0.277669286,0.161185624,0.173547802,0.391503733,0.081917027
830,105,195,105195,Summer,MILLER,46,3.828641396,11.99,2.484072969,0,0.147564877,0.175542126,0.365410594,0.094235589,0.092156656,10.41439317,0.277669286,0.161185624,0.173547802,0.391503733,0.081917027
1020,105,199,105199,Summer,MILLER,135,4.905274778,10.99,2.396985768,1,0.147564877,0.175542126,0.365410594,0.094235589,0.092156656,10.41439317,0.277669286,0.161185624,0.173547802,0.391503733,0.081917027
1214,105,109,105109,Fall,MILLER,60,4.094344562,10.49,2.350422422,1,0.147564877,0.175542126,0.365410594,0.094235589,0.092156656,10.41439317,0.277669286,0.161185624,0.173547802,0.391503733,0.081917027
1721,105,207,105207,Fall,MILLER,54,3.988984047,10.99,2.396985768,1,0.147564877,0.175542126,0.365410594,0.094235589,0.092156656,10.41439317,0.277669286,0.161185624,0.173547802,0.391503733,0.081917027
