Final exam/651FINALEXAM/Q1Q2V6.csv
ID,STORE,Week,STOREWEEK,Season,BRAND,MOVE,logmove,PRICE,logprice,Feat,AGE9,AGE60,ETHNIC,EDUC,NOCAR,INCOME,SINGLE,RETIRED,UNEMP,NWHITE,POVERTY
345,101,186,101186,Spring,COORS,7,1.945910149,10.99,2.396985768,1,0.116924935,0.225035218,0.087422017,0.174741859,0.061029945,10.65993812,0.255044273,0.15505933,0.149301557,0.127510566,0.038226458
665,101,239,101239,Spring,COORS,3,1.098612289,11.99,2.484072969,0,0.116924935,0.225035218,0.087422017,0.174741859,0.061029945,10.65993812,0.255044273,0.15505933,0.149301557,0.127510566,0.038226458
828,101,190,101190,Spring,COORS,7,1.945910149,10.99,2.396985768,1,0.116924935,0.225035218,0.087422017,0.174741859,0.061029945,10.65993812,0.255044273,0.15505933,0.149301557,0.127510566,0.038226458
844,101,269,101269,Fall,COORS,3,1.098612289,11.99,2.484072969,0,0.116924935,0.225035218,0.087422017,0.174741859,0.061029945,10.65993812,0.255044273,0.15505933,0.149301557,0.127510566,0.038226458
1075,101,180,101180,Spring,COORS,3,1.098612289,11.99,2.484072969,0,0.116924935,0.225035218,0.087422017,0.174741859,0.061029945,10.65993812,0.255044273,0.15505933,0.149301557,0.127510566,0.038226458
1188,101,144,101144,Summer,COORS,10,2.302585093,10.99,2.396985768,1,0.116924935,0.225035218,0.087422017,0.174741859,0.061029945,10.65993812,0.255044273,0.15505933,0.149301557,0.127510566,0.038226458
1837,101,231,101231,Winter,COORS,1,0,11.99,2.484072969,0,0.116924935,0.225035218,0.087422017,0.174741859,0.061029945,10.65993812,0.255044273,0.15505933,0.149301557,0.127510566,0.038226458
2043,101,92,101092,Summer,COORS,17,2.833213344,9.69,2.271094426,1,0.116924935,0.225035218,0.087422017,0.174741859,0.061029945,10.65993812,0.255044273,0.15505933,0.149301557,0.127510566,0.038226458
346,21,273,21273,Winter,MILLER,17,2.833213344,11.99,2.484072969,0,0.175926346,0.066896458,0.105038777,0.17750345,0.017598198,10.71619397,0.258991055,0.064449334,0.189012553,0.163363418,0.024785242
712,21,289,21289,Spring,MILLER,18,2.890371758,12.99,2.564179831,0,0.175926346,0.066896458,0.105038777,0.17750345,0.017598198,10.71619397,0.258991055,0.064449334,0.189012553,0.163363418,0.024785242
785,21,266,21266,Fall,MILLER,31,3.433987204,11.86,2.473171394,0,0.175926346,0.066896458,0.105038777,0.17750345,0.017598198,10.71619397,0.258991055,0.064449334,0.189012553,0.163363418,0.024785242
927,21,164,21164,Fall,MILLER,41,3.713572067,10.99,2.396985768,1,0.175926346,0.066896458,0.105038777,0.17750345,0.017598198,10.71619397,0.258991055,0.064449334,0.189012553,0.163363418,0.024785242
1327,21,132,21132,Spring,MILLER,38,3.63758616,10.99,2.396985768,1,0.175926346,0.066896458,0.105038777,0.17750345,0.017598198,10.71619397,0.258991055,0.064449334,0.189012553,0.163363418,0.024785242
1337,21,252,21252,Summer,MILLER,29,3.36729583,11.99,2.484072969,0,0.175926346,0.066896458,0.105038777,0.17750345,0.017598198,10.71619397,0.258991055,0.064449334,0.189012553,0.163363418,0.024785242
1479,21,135,21135,Spring,MILLER,17,2.833213344,11.99,2.484072969,0,0.175926346,0.066896458,0.105038777,0.17750345,0.017598198,10.71619397,0.258991055,0.064449334,0.189012553,0.163363418,0.024785242
1594,21,213,21213,Fall,MILLER,32,3.465735903,10.99,2.396985768,1,0.175926346,0.066896458,0.105038777,0.17750345,0.017598198,10.71619397,0.258991055,0.064449334,0.189012553,0.163363418,0.024785242
1671,21,299,21299,Summer,MILLER,37,3.610917913,12.12,2.494856981,1,0.175926346,0.066896458,0.105038777,0.17750345,0.017598198,10.71619397,0.258991055,0.064449334,0.189012553,0.163363418,0.024785242
1726,21,177,21177,Winter,MILLER,55,4.007333185,10.99,2.396985768,1,0.175926346,0.066896458,0.105038777,0.17750345,0.017598198,10.71619397,0.258991055,0.064449334,0.189012553,0.163363418,0.024785242
1891,21,317,21317,Fall,MILLER,50,3.912023005,10.99,2.396985768,1,0.175926346,0.066896458,0.105038777,0.17750345,0.017598198,10.71619397,0.258991055,0.064449334,0.189012553,0.163363418,0.024785242
357,56,179,56179,Winter,MILLER,7,1.945910149,11.99,2.484072969,0,0.131013828,0.192888549,0.041356019,0.237550719,0.031997305,10.83182543,0.228409181,0.153770087,0.172146683,0.076339769,0.027950833
426,56,107,56107,Fall,MILLER,17,2.833213344,11.99,2.484072969,0,0.131013828,0.192888549,0.041356019,0.237550719,0.031997305,10.83182543,0.228409181,0.153770087,0.172146683,0.076339769,0.027950833
473,56,150,56150,Summer,MILLER,25,3.218875825,10.99,2.396985768,1,0.131013828,0.192888549,0.041356019,0.237550719,0.031997305,10.83182543,0.228409181,0.153770087,0.172146683,0.076339769,0.027950833
643,56,101,56101,Summer,MILLER,15,2.708050201,11.99,2.484072969,0,0.131013828,0.192888549,0.041356019,0.237550719,0.031997305,10.83182543,0.228409181,0.153770087,0.172146683,0.076339769,0.027950833
856,56,279,56279,Winter,MILLER,6,1.791759469,11.65,2.45530618,0,0.131013828,0.192888549,0.041356019,0.237550719,0.031997305,10.83182543,0.228409181,0.153770087,0.172146683,0.076339769,0.027950833
1019,56,155,56155,Fall,MILLER,33,3.496507561,10.99,2.396985768,1,0.131013828,0.192888549,0.041356019,0.237550719,0.031997305,10.83182543,0.228409181,0.153770087,0.172146683,0.076339769,0.027950833
1065,56,93,56093,Summer,MILLER,27,3.295836866,11.99,2.484072969,1,0.131013828,0.192888549,0.041356019,0.237550719,0.031997305,10.83182543,0.228409181,0.153770087,0.172146683,0.076339769,0.027950833
1809,56,159,56159,Fall,MILLER,12,2.48490665,10.99,2.396985768,1,0.131013828,0.192888549,0.041356019,0.237550719,0.031997305,10.83182543,0.228409181,0.153770087,0.172146683,0.076339769,0.027950833
1838,56,295,56295,Spring,MILLER,14,2.63905733,11.99,2.484072969,1,0.131013828,0.192888549,0.041356019,0.237550719,0.031997305,10.83182543,0.228409181,0.153770087,0.172146683,0.076339769,0.027950833
1890,56,303,56303,Summer,MILLER,64,4.158883083,10.99,2.396985768,1,0.131013828,0.192888549,0.041356019,0.237550719,0.031997305,10.83182543,0.228409181,0.153770087,0.172146683,0.076339769,0.027950833
2036,56,149,56149,Summer,MILLER,31,3.433987204,11.99,2.484072969,0,0.131013828,0.192888549,0.041356019,0.237550719,0.031997305,10.83182543,0.228409181,0.153770087,0.172146683,0.076339769,0.027950833
373,76,205,76205,Summer,COORS,1,0,10.99,2.396985768,1,0.141774676,0.149192423,0.425324028,0.087711787,0.347964098,10.1406129,0.317409394,0.172157335,0.218352276,0.463688933,0.133099825
421,76,92,76092,Summer,COORS,3,1.098612289,9.69,2.271094426,1,0.141774676,0.149192423,0.425324028,0.087711787,0.347964098,10.1406129,0.317409394,0.172157335,0.218352276,0.463688933,0.133099825
777,76,273,76273,Winter,COORS,3,1.098612289,10.99,2.396985768,1,0.141774676,0.149192423,0.425324028,0.087711787,0.347964098,10.1406129,0.317409394,0.172157335,0.218352276,0.463688933,0.133099825
933,76,192,76192,Spring,COORS,5,1.609437912,10.39,2.340843805,1,0.141774676,0.149192423,0.425324028,0.087711787,0.347964098,10.1406129,0.317409394,0.172157335,0.218352276,0.463688933,0.133099825
998,76,154,76154,Fall,COORS,2,0.693147181,11.99,2.484072969,0,0.141774676,0.149192423,0.425324028,0.087711787,0.347964098,10.1406129,0.317409394,0.172157335,0.218352276,0.463688933,0.133099825
1480,76,95,76095,Summer,COORS,1,0,11.99,2.484072969,0,0.141774676,0.149192423,0.425324028,0.087711787,0.347964098,10.1406129,0.317409394,0.172157335,0.218352276,0.463688933,0.133099825
1717,76,272,76272,Winter,COORS,1,0,10.99,2.396985768,1,0.141774676,0.149192423,0.425324028,0.087711787,0.347964098,10.1406129,0.317409394,0.172157335,0.218352276,0.463688933,0.133099825
1889,76,236,76236,Spring,COORS,1,0,10.99,2.396985768,1,0.141774676,0.149192423,0.425324028,0.087711787,0.347964098,10.1406129,0.317409394,0.172157335,0.218352276,0.463688933,0.133099825
405,113,228,113228,Winter,AMSTEL,4,1.386294361,4.99,1.60743591,1,0.103084931,0.299352545,0.026448309,0.151592429,0.144444444,10.64766049,0.255682382,0.231425958,0.163126334,0.047268419,0.046153846
503,113,156,113156,Fall,AMSTEL,1,0,6.49,1.870262531,0,0.103084931,0.299352545,0.026448309,0.151592429,0.144444444,10.64766049,0.255682382,0.231425958,0.163126334,0.047268419,0.046153846
816,113,242,113242,Spring,AMSTEL,1,0,6.59,1.885553349,0,0.103084931,0.299352545,0.026448309,0.151592429,0.144444444,10.64766049,0.255682382,0.231425958,0.163126334,0.047268419,0.046153846
833,113,375,113375,Winter,AMSTEL,2,0.693147181,6.99,1.944480556,0,0.103084931,0.299352545,0.026448309,0.151592429,0.144444444,10.64766049,0.255682382,0.231425958,0.163126334,0.047268419,0.046153846
878,113,151,113151,Summer,AMSTEL,2,0.693147181,6.49,1.870262531,0,0.103084931,0.299352545,0.026448309,0.151592429,0.144444444,10.64766049,0.255682382,0.231425958,0.163126334,0.047268419,0.046153846
904,113,333,113333,Winter,AMSTEL,4,1.386294361,6.99,1.944480556,0,0.103084931,0.299352545,0.026448309,0.151592429,0.144444444,10.64766049,0.255682382,0.231425958,0.163126334,0.047268419,0.046153846
936,113,371,113371,Fall,AMSTEL,4,1.386294361,5.49,1.702928256,1,0.103084931,0.299352545,0.026448309,0.151592429,0.144444444,10.64766049,0.255682382,0.231425958,0.163126334,0.047268419,0.046153846
1230,113,113,113113,Fall,AMSTEL,2,0.693147181,6.19,1.822935087,0,0.103084931,0.299352545,0.026448309,0.151592429,0.144444444,10.64766049,0.255682382,0.231425958,0.163126334,0.047268419,0.046153846
1356,113,177,113177,Winter,AMSTEL,5,1.609437912,4.99,1.60743591,0,0.103084931,0.299352545,0.026448309,0.151592429,0.144444444,10.64766049,0.255682382,0.231425958,0.163126334,0.047268419,0.046153846
1408,113,252,113252,Summer,AMSTEL,2,0.693147181,6.59,1.885553349,0,0.103084931,0.299352545,0.026448309,0.151592429,0.144444444,10.64766049,0.255682382,0.231425958,0.163126334,0.047268419,0.046153846
1812,113,233,113233,Spring,AMSTEL,1,0,6.29,1.838961071,0,0.103084931,0.299352545,0.026448309,0.151592429,0.144444444,10.64766049,0.255682382,0.231425958,0.163126334,0.047268419,0.046153846
408,76,249,76249,Summer,AMSTEL,2,0.693147181,6.59,1.885553349,0,0.141774676,0.149192423,0.425324028,0.087711787,0.347964098,10.1406129,0.317409394,0.172157335,0.218352276,0.463688933,0.133099825
446,76,144,76144,Summer,AMSTEL,2,0.693147181,6.29,1.838961071,0,0.141774676,0.149192423,0.425324028,0.087711787,0.347964098,10.1406129,0.317409394,0.172157335,0.218352276,0.463688933,0.133099825
671,76,165,76165,Fall,AMSTEL,2,0.693147181,6.49,1.870262531,0,0.141774676,0.149192423,0.425324028,0.087711787,0.347964098,10.1406129,0.317409394,0.172157335,0.218352276,0.463688933,0.133099825
876,76,251,76251,Summer,AMSTEL,2,0.693147181,6.59,1.885553349,0,0.141774676,0.149192423,0.425324028,0.087711787,0.347964098,10.1406129,0.317409394,0.172157335,0.218352276,0.463688933,0.133099825
950,76,96,76096,Summer,AMSTEL,4,1.386294361,4.99,1.60743591,1,0.141774676,0.149192423,0.425324028,0.087711787,0.347964098,10.1406129,0.317409394,0.172157335,0.218352276,0.463688933,0.133099825
991,76,200,76200,Summer,AMSTEL,2,0.693147181,6.29,1.838961071,0,0.141774676,0.149192423,0.425324028,0.087711787,0.347964098,10.1406129,0.317409394,0.172157335,0.218352276,0.463688933,0.133099825
1048,76,390,76390,Spring,AMSTEL,1,0,5.99,1.790091412,1,0.141774676,0.149192423,0.425324028,0.087711787,0.347964098,10.1406129,0.317409394,0.172157335,0.218352276,0.463688933,0.133099825
1071,76,367,76367,Fall,AMSTEL,2,0.693147181,6.99,1.944480556,0,0.141774676,0.149192423,0.425324028,0.087711787,0.347964098,10.1406129,0.317409394,0.172157335,0.218352276,0.463688933,0.133099825
1078,76,142,76142,Summer,AMSTEL,4,1.386294361,4.99,1.60743591,1,0.141774676,0.149192423,0.425324028,0.087711787,0.347964098,10.1406129,0.317409394,0.172157335,0.218352276,0.463688933,0.133099825
1197,76,399,76399,Spring,AMSTEL,7,1.945910149,5.99,1.790091412,1,0.141774676,0.149192423,0.425324028,0.087711787,0.347964098,10.1406129,0.317409394,0.172157335,0.218352276,0.463688933,0.133099825
1250,76,298,76298,Summer,AMSTEL,1,0,5.99,1.790091412,1,0.141774676,0.149192423,0.425324028,0.087711787,0.347964098,10.1406129,0.317409394,0.172157335,0.218352276,0.463688933,0.133099825
434,71,138,71138,Spring,MILLER,24,3.17805383,11.99,2.484072969,0,0.111723683,0.26807087,0.074828009,0.159588077,0.15343218,10.40483843,0.26706132,0.232490272,0.179617762,0.100791631,0.073374341
520,71,114,71114,Fall,MILLER,20,2.995732274,11.89,2.475697711,0,0.111723683,0.26807087,0.074828009,0.159588077,0.15343218,10.40483843,0.26706132,0.232490272,0.179617762,0.100791631,0.073374341
706,71,92,71092,Summer,MILLER,18,2.890371758,11.99,2.484072969,0,0.111723683,0.26807087,0.074828009,0.159588077,0.15343218,10.40483843,0.26706132,0.232490272,0.179617762,0.100791631,0.073374341
739,71,130,71130,Spring,MILLER,21,3.044522438,11.99,2.484072969,0,0.111723683,0.26807087,0.074828009,0.159588077,0.15343218,10.40483843,0.26706132,0.232490272,0.179617762,0.100791631,0.073374341
804,71,298,71298,Summer,MILLER,83,4.418840608,12,2.48490665,0,0.111723683,0.26807087,0.074828009,0.159588077,0.15343218,10.40483843,0.26706132,0.232490272,0.179617762,0.100791631,0.073374341
810,71,100,71100,Summer,MILLER,35,3.555348061,9.99,2.301584593,1,0.111723683,0.26807087,0.074828009,0.159588077,0.15343218,10.40483843,0.26706132,0.232490272,0.179617762,0.100791631,0.073374341
977,71,170,71170,Winter,MILLER,19,2.944438979,11.99,2.484072969,0,0.111723683,0.26807087,0.074828009,0.159588077,0.15343218,10.40483843,0.26706132,0.232490272,0.179617762,0.100791631,0.073374341
1056,71,194,71194,Summer,MILLER,87,4.465908119,10.49,2.350422422,1,0.111723683,0.26807087,0.074828009,0.159588077,0.15343218,10.40483843,0.26706132,0.232490272,0.179617762,0.100791631,0.073374341
1728,71,283,71283,Winter,MILLER,43,3.761200116,11.8,2.468099531,0,0.111723683,0.26807087,0.074828009,0.159588077,0.15343218,10.40483843,0.26706132,0.232490272,0.179617762,0.100791631,0.073374341
1930,71,161,71161,Fall,MILLER,24,3.17805383,11.99,2.484072969,1,0.111723683,0.26807087,0.074828009,0.159588077,0.15343218,10.40483843,0.26706132,0.232490272,0.179617762,0.100791631,0.073374341
2011,71,237,71237,Spring,MILLER,35,3.555348061,10.99,2.396985768,1,0.111723683,0.26807087,0.074828009,0.159588077,0.15343218,10.40483843,0.26706132,0.232490272,0.179617762,0.100791631,0.073374341
438,89,195,89195,Summer,MILLER,23,3.135494216,11.99,2.484072969,0,0.152115498,0.205811359,0.353053696,0.053349435,0.284282634,10.30811898,0.307044054,0.220319356,0.188200878,0.368766225,0.109616849
444,89,154,89154,Fall,MILLER,15,2.708050201,11.99,2.484072969,0,0.152115498,0.205811359,0.353053696,0.053349435,0.284282634,10.30811898,0.307044054,0.220319356,0.188200878,0.368766225,0.109616849
469,89,185,89185,Spring,MILLER,7,1.945910149,11.99,2.484072969,0,0.152115498,0.205811359,0.353053696,0.053349435,0.284282634,10.30811898,0.307044054,0.220319356,0.188200878,0.368766225,0.109616849
595,89,278,89278,Winter,MILLER,8,2.079441542,11.99,2.484072969,0,0.152115498,0.205811359,0.353053696,0.053349435,0.284282634,10.30811898,0.307044054,0.220319356,0.188200878,0.368766225,0.109616849
604,89,210,89210,Fall,MILLER,19,2.944438979,10.99,2.396985768,1,0.152115498,0.205811359,0.353053696,0.053349435,0.284282634,10.30811898,0.307044054,0.220319356,0.188200878,0.368766225,0.109616849
695,89,91,89091,Summer,MILLER,10,2.302585093,11.99,2.484072969,0,0.152115498,0.205811359,0.353053696,0.053349435,0.284282634,10.30811898,0.307044054,0.220319356,0.188200878,0.368766225,0.109616849
836,89,148,89148,Summer,MILLER,114,4.736198448,10.49,2.350422422,1,0.152115498,0.205811359,0.353053696,0.053349435,0.284282634,10.30811898,0.307044054,0.220319356,0.188200878,0.368766225,0.109616849
870,89,188,89188,Spring,MILLER,18,2.890371758,10.99,2.396985768,1,0.152115498,0.205811359,0.353053696,0.053349435,0.284282634,10.30811898,0.307044054,0.220319356,0.188200878,0.368766225,0.109616849
923,89,232,89232,Spring,MILLER,13,2.564949357,11.06,2.403334996,0,0.152115498,0.205811359,0.353053696,0.053349435,0.284282634,10.30811898,0.307044054,0.220319356,0.188200878,0.368766225,0.109616849
1011,89,240,89240,Spring,MILLER,11,2.397895273,10.99,2.396985768,1,0.152115498,0.205811359,0.353053696,0.053349435,0.284282634,10.30811898,0.307044054,0.220319356,0.188200878,0.368766225,0.109616849
1248,89,122,89122,Winter,MILLER,15,2.708050201,11.99,2.484072969,0,0.152115498,0.205811359,0.353053696,0.053349435,0.284282634,10.30811898,0.307044054,0.220319356,0.188200878,0.368766225,0.109616849
1262,89,160,89160,Fall,MILLER,16,2.772588722,10.99,2.396985768,1,0.152115498,0.205811359,0.353053696,0.053349435,0.284282634,10.30811898,0.307044054,0.220319356,0.188200878,0.368766225,0.109616849
1431,89,101,89101,Summer,MILLER,8,2.079441542,11.99,2.484072969,0,0.152115498,0.205811359,0.353053696,0.053349435,0.284282634,10.30811898,0.307044054,0.220319356,0.188200878,0.368766225,0.109616849
1518,89,245,89245,Summer,MILLER,13,2.564949357,10.99,2.396985768,1,0.152115498,0.205811359,0.353053696,0.053349435,0.284282634,10.30811898,0.307044054,0.220319356,0.188200878,0.368766225,0.109616849
1638,89,94,89094,Summer,MILLER,83,4.418840608,9.49,2.250238613,1,0.152115498,0.205811359,0.353053696,0.053349435,0.284282634,10.30811898,0.307044054,0.220319356,0.188200878,0.368766225,0.109616849
1674,89,190,89190,Spring,MILLER,12,2.48490665,11.99,2.484072969,0,0.152115498,0.205811359,0.353053696,0.053349435,0.284282634,10.30811898,0.307044054,0.220319356,0.188200878,0.368766225,0.109616849
1722,89,317,89317,Fall,MILLER,10,2.302585093,10.99,2.396985768,1,0.152115498,0.205811359,0.353053696,0.053349435,0.284282634,10.30811898,0.307044054,0.220319356,0.188200878,0.368766225,0.109616849
