Final exam/651FINALEXAM/Q1Q2V6.csv
ID,STORE,Week,STOREWEEK,Season,BRAND,MOVE,logmove,PRICE,logprice,Feat,AGE9,AGE60,ETHNIC,EDUC,NOCAR,INCOME,SINGLE,RETIRED,UNEMP,NWHITE,POVERTY
472,126,103,126103,Fall,MILLER,36,3.583518938,10.99,2.396985768,0,0.160059877,0.107002273,0.045018573,0.413222417,0.023449553,10.9808762,0.262072942,0.09331307,0.17887538,0.092587459,0.01373033
761,126,113,126113,Fall,MILLER,53,3.970291914,10.49,2.350422422,0,0.160059877,0.107002273,0.045018573,0.413222417,0.023449553,10.9808762,0.262072942,0.09331307,0.17887538,0.092587459,0.01373033
967,126,271,126271,Winter,MILLER,57,4.043051268,10.99,2.396985768,1,0.160059877,0.107002273,0.045018573,0.413222417,0.023449553,10.9808762,0.262072942,0.09331307,0.17887538,0.092587459,0.01373033
1192,126,269,126269,Fall,MILLER,56,4.025351691,11.99,2.484072969,0,0.160059877,0.107002273,0.045018573,0.413222417,0.023449553,10.9808762,0.262072942,0.09331307,0.17887538,0.092587459,0.01373033
1319,126,275,126275,Winter,MILLER,102,4.624972813,10.99,2.396985768,1,0.160059877,0.107002273,0.045018573,0.413222417,0.023449553,10.9808762,0.262072942,0.09331307,0.17887538,0.092587459,0.01373033
1384,126,229,126229,Winter,MILLER,158,5.062595033,9.99,2.301584593,1,0.160059877,0.107002273,0.045018573,0.413222417,0.023449553,10.9808762,0.262072942,0.09331307,0.17887538,0.092587459,0.01373033
1501,126,177,126177,Winter,MILLER,71,4.262679877,10.99,2.396985768,1,0.160059877,0.107002273,0.045018573,0.413222417,0.023449553,10.9808762,0.262072942,0.09331307,0.17887538,0.092587459,0.01373033
1650,126,144,126144,Summer,MILLER,34,3.526360525,11.99,2.484072969,0,0.160059877,0.107002273,0.045018573,0.413222417,0.023449553,10.9808762,0.262072942,0.09331307,0.17887538,0.092587459,0.01373033
1724,126,312,126312,Fall,MILLER,108,4.682131227,10.99,2.396985768,1,0.160059877,0.107002273,0.045018573,0.413222417,0.023449553,10.9808762,0.262072942,0.09331307,0.17887538,0.092587459,0.01373033
1984,126,223,126223,Winter,MILLER,103,4.634728988,9.99,2.301584593,1,0.160059877,0.107002273,0.045018573,0.413222417,0.023449553,10.9808762,0.262072942,0.09331307,0.17887538,0.092587459,0.01373033
493,102,192,102192,Spring,COORS,4,1.386294361,9.99,2.301584593,1,0.14694592,0.216626232,0.172158585,0.120657539,0.114071326,10.49385422,0.285636477,0.215508152,0.19263525,0.178730461,0.068706795
1290,102,100,102100,Summer,COORS,8,2.079441542,9.99,2.301584593,0,0.14694592,0.216626232,0.172158585,0.120657539,0.114071326,10.49385422,0.285636477,0.215508152,0.19263525,0.178730461,0.068706795
1414,102,166,102166,Fall,COORS,6,1.791759469,10.99,2.396985768,1,0.14694592,0.216626232,0.172158585,0.120657539,0.114071326,10.49385422,0.285636477,0.215508152,0.19263525,0.178730461,0.068706795
1449,102,256,102256,Summer,COORS,5,1.609437912,10.99,2.396985768,1,0.14694592,0.216626232,0.172158585,0.120657539,0.114071326,10.49385422,0.285636477,0.215508152,0.19263525,0.178730461,0.068706795
1623,102,210,102210,Fall,COORS,7,1.945910149,10.49,2.350422422,1,0.14694592,0.216626232,0.172158585,0.120657539,0.114071326,10.49385422,0.285636477,0.215508152,0.19263525,0.178730461,0.068706795
1947,102,118,102118,Winter,COORS,2,0.693147181,10.49,2.350422422,1,0.14694592,0.216626232,0.172158585,0.120657539,0.114071326,10.49385422,0.285636477,0.215508152,0.19263525,0.178730461,0.068706795
1952,102,176,102176,Winter,COORS,4,1.386294361,11.99,2.484072969,0,0.14694592,0.216626232,0.172158585,0.120657539,0.114071326,10.49385422,0.285636477,0.215508152,0.19263525,0.178730461,0.068706795
1987,102,126,102126,Winter,COORS,3,1.098612289,11.99,2.484072969,0,0.14694592,0.216626232,0.172158585,0.120657539,0.114071326,10.49385422,0.285636477,0.215508152,0.19263525,0.178730461,0.068706795
497,73,164,73164,Fall,COORS,1,0,11.99,2.484072969,0,0.124465022,0.257450782,0.109213291,0.07305396,0.133319044,10.61496569,0.264121264,0.218285714,0.165913043,0.119523772,0.062145077
533,73,185,73185,Spring,COORS,5,1.609437912,10.99,2.396985768,0,0.124465022,0.257450782,0.109213291,0.07305396,0.133319044,10.61496569,0.264121264,0.218285714,0.165913043,0.119523772,0.062145077
676,73,253,73253,Summer,COORS,3,1.098612289,11.99,2.484072969,0,0.124465022,0.257450782,0.109213291,0.07305396,0.133319044,10.61496569,0.264121264,0.218285714,0.165913043,0.119523772,0.062145077
744,73,224,73224,Winter,COORS,2,0.693147181,10.99,2.396985768,0,0.124465022,0.257450782,0.109213291,0.07305396,0.133319044,10.61496569,0.264121264,0.218285714,0.165913043,0.119523772,0.062145077
1101,73,315,73315,Fall,COORS,1,0,12.99,2.564179831,0,0.124465022,0.257450782,0.109213291,0.07305396,0.133319044,10.61496569,0.264121264,0.218285714,0.165913043,0.119523772,0.062145077
1437,73,229,73229,Winter,COORS,5,1.609437912,9.99,2.301584593,1,0.124465022,0.257450782,0.109213291,0.07305396,0.133319044,10.61496569,0.264121264,0.218285714,0.165913043,0.119523772,0.062145077
1774,73,143,73143,Summer,COORS,6,1.791759469,10.99,2.396985768,1,0.124465022,0.257450782,0.109213291,0.07305396,0.133319044,10.61496569,0.264121264,0.218285714,0.165913043,0.119523772,0.062145077
1868,73,135,73135,Spring,COORS,5,1.609437912,10.99,2.396985768,1,0.124465022,0.257450782,0.109213291,0.07305396,0.133319044,10.61496569,0.264121264,0.218285714,0.165913043,0.119523772,0.062145077
1888,73,251,73251,Summer,COORS,9,2.197224577,10.99,2.396985768,1,0.124465022,0.257450782,0.109213291,0.07305396,0.133319044,10.61496569,0.264121264,0.218285714,0.165913043,0.119523772,0.062145077
509,51,127,51127,Winter,COORS,2,0.693147181,10.99,2.396985768,0,0.132472108,0.176159718,0.025425719,0.171916711,0.025436409,10.62083942,0.256408378,0.153822512,0.189627353,0.042571932,0.039401496
547,51,305,51305,Summer,COORS,4,1.386294361,12.49,2.524928324,0,0.132472108,0.176159718,0.025425719,0.171916711,0.025436409,10.62083942,0.256408378,0.153822512,0.189627353,0.042571932,0.039401496
754,51,120,51120,Winter,COORS,6,1.791759469,10.49,2.350422422,1,0.132472108,0.176159718,0.025425719,0.171916711,0.025436409,10.62083942,0.256408378,0.153822512,0.189627353,0.042571932,0.039401496
954,51,229,51229,Winter,COORS,1,0,9.99,2.301584593,1,0.132472108,0.176159718,0.025425719,0.171916711,0.025436409,10.62083942,0.256408378,0.153822512,0.189627353,0.042571932,0.039401496
1009,51,291,51291,Spring,COORS,2,0.693147181,12.99,2.564179831,0,0.132472108,0.176159718,0.025425719,0.171916711,0.025436409,10.62083942,0.256408378,0.153822512,0.189627353,0.042571932,0.039401496
1086,51,197,51197,Summer,COORS,2,0.693147181,11.99,2.484072969,0,0.132472108,0.176159718,0.025425719,0.171916711,0.025436409,10.62083942,0.256408378,0.153822512,0.189627353,0.042571932,0.039401496
1370,51,251,51251,Summer,COORS,25,3.218875825,10.99,2.396985768,1,0.132472108,0.176159718,0.025425719,0.171916711,0.025436409,10.62083942,0.256408378,0.153822512,0.189627353,0.042571932,0.039401496
1916,51,93,51093,Summer,COORS,2,0.693147181,9.69,2.271094426,1,0.132472108,0.176159718,0.025425719,0.171916711,0.025436409,10.62083942,0.256408378,0.153822512,0.189627353,0.042571932,0.039401496
2012,51,250,51250,Summer,COORS,14,2.63905733,10.99,2.396985768,1,0.132472108,0.176159718,0.025425719,0.171916711,0.025436409,10.62083942,0.256408378,0.153822512,0.189627353,0.042571932,0.039401496
2020,51,193,51193,Summer,COORS,1,0,9.99,2.301584593,1,0.132472108,0.176159718,0.025425719,0.171916711,0.025436409,10.62083942,0.256408378,0.153822512,0.189627353,0.042571932,0.039401496
532,116,359,116359,Summer,AMSTEL,1,0,6.99,1.944480556,0,0.139877224,0.18817339,0.033137058,0.259224748,0.060981912,10.69711335,0.248022555,0.155310458,0.166748366,0.054622902,0.036188179
544,116,207,116207,Fall,AMSTEL,2,0.693147181,6.29,1.838961071,0,0.139877224,0.18817339,0.033137058,0.259224748,0.060981912,10.69711335,0.248022555,0.155310458,0.166748366,0.054622902,0.036188179
703,116,288,116288,Spring,AMSTEL,4,1.386294361,6.99,1.944480556,0,0.139877224,0.18817339,0.033137058,0.259224748,0.060981912,10.69711335,0.248022555,0.155310458,0.166748366,0.054622902,0.036188179
860,116,249,116249,Summer,AMSTEL,1,0,6.59,1.885553349,0,0.139877224,0.18817339,0.033137058,0.259224748,0.060981912,10.69711335,0.248022555,0.155310458,0.166748366,0.054622902,0.036188179
1014,116,387,116387,Winter,AMSTEL,1,0,6.49,1.870262531,1,0.139877224,0.18817339,0.033137058,0.259224748,0.060981912,10.69711335,0.248022555,0.155310458,0.166748366,0.054622902,0.036188179
1209,116,297,116297,Summer,AMSTEL,5,1.609437912,6.79,1.915450942,0,0.139877224,0.18817339,0.033137058,0.259224748,0.060981912,10.69711335,0.248022555,0.155310458,0.166748366,0.054622902,0.036188179
1271,116,199,116199,Summer,AMSTEL,1,0,6.29,1.838961071,0,0.139877224,0.18817339,0.033137058,0.259224748,0.060981912,10.69711335,0.248022555,0.155310458,0.166748366,0.054622902,0.036188179
1272,116,248,116248,Summer,AMSTEL,3,1.098612289,6.59,1.885553349,0,0.139877224,0.18817339,0.033137058,0.259224748,0.060981912,10.69711335,0.248022555,0.155310458,0.166748366,0.054622902,0.036188179
1713,116,153,116153,Summer,AMSTEL,1,0,6.49,1.870262531,0,0.139877224,0.18817339,0.033137058,0.259224748,0.060981912,10.69711335,0.248022555,0.155310458,0.166748366,0.054622902,0.036188179
1843,116,116,116116,Winter,AMSTEL,8,2.079441542,6.19,1.822935087,0,0.139877224,0.18817339,0.033137058,0.259224748,0.060981912,10.69711335,0.248022555,0.155310458,0.166748366,0.054622902,0.036188179
1863,116,392,116392,Spring,AMSTEL,1,0,6.99,1.944480556,0,0.139877224,0.18817339,0.033137058,0.259224748,0.060981912,10.69711335,0.248022555,0.155310458,0.166748366,0.054622902,0.036188179
540,86,213,86213,Fall,COORS,1,0,11.99,2.484072969,0,0.141758513,0.138756374,0.427866425,0.096763919,0.353421218,10.08897077,0.384547713,0.168956936,0.244589916,0.465084718,0.15266297
930,86,130,86130,Spring,COORS,3,1.098612289,11.99,2.484072969,0,0.141758513,0.138756374,0.427866425,0.096763919,0.353421218,10.08897077,0.384547713,0.168956936,0.244589916,0.465084718,0.15266297
1066,86,123,86123,Winter,COORS,2,0.693147181,11.99,2.484072969,0,0.141758513,0.138756374,0.427866425,0.096763919,0.353421218,10.08897077,0.384547713,0.168956936,0.244589916,0.465084718,0.15266297
1213,86,134,86134,Spring,COORS,2,0.693147181,10.99,2.396985768,1,0.141758513,0.138756374,0.427866425,0.096763919,0.353421218,10.08897077,0.384547713,0.168956936,0.244589916,0.465084718,0.15266297
1256,86,158,86158,Fall,COORS,1,0,11.99,2.484072969,0,0.141758513,0.138756374,0.427866425,0.096763919,0.353421218,10.08897077,0.384547713,0.168956936,0.244589916,0.465084718,0.15266297
1317,86,208,86208,Fall,COORS,1,0,11.99,2.484072969,0,0.141758513,0.138756374,0.427866425,0.096763919,0.353421218,10.08897077,0.384547713,0.168956936,0.244589916,0.465084718,0.15266297
1393,86,177,86177,Winter,COORS,4,1.386294361,11.99,2.484072969,0,0.141758513,0.138756374,0.427866425,0.096763919,0.353421218,10.08897077,0.384547713,0.168956936,0.244589916,0.465084718,0.15266297
1447,86,162,86162,Fall,COORS,1,0,11.99,2.484072969,0,0.141758513,0.138756374,0.427866425,0.096763919,0.353421218,10.08897077,0.384547713,0.168956936,0.244589916,0.465084718,0.15266297
1680,86,143,86143,Summer,COORS,8,2.079441542,10.99,2.396985768,1,0.141758513,0.138756374,0.427866425,0.096763919,0.353421218,10.08897077,0.384547713,0.168956936,0.244589916,0.465084718,0.15266297
585,77,309,77309,Summer,MILLER,47,3.850147602,12.99,2.564179831,0,0.174716756,0.10110045,0.073507887,0.376871097,0.016867843,10.98312087,0.230663978,0.096568962,0.18200409,0.116441698,0.025692617
640,77,119,77119,Winter,MILLER,18,2.890371758,11.99,2.484072969,0,0.174716756,0.10110045,0.073507887,0.376871097,0.016867843,10.98312087,0.230663978,0.096568962,0.18200409,0.116441698,0.025692617
821,77,197,77197,Summer,MILLER,26,3.258096538,11.99,2.484072969,0,0.174716756,0.10110045,0.073507887,0.376871097,0.016867843,10.98312087,0.230663978,0.096568962,0.18200409,0.116441698,0.025692617
862,77,165,77165,Fall,MILLER,16,2.772588722,11.99,2.484072969,0,0.174716756,0.10110045,0.073507887,0.376871097,0.016867843,10.98312087,0.230663978,0.096568962,0.18200409,0.116441698,0.025692617
916,77,234,77234,Spring,MILLER,40,3.688879454,11.99,2.484072969,1,0.174716756,0.10110045,0.073507887,0.376871097,0.016867843,10.98312087,0.230663978,0.096568962,0.18200409,0.116441698,0.025692617
986,77,296,77296,Spring,MILLER,51,3.931825633,11.99,2.484072969,1,0.174716756,0.10110045,0.073507887,0.376871097,0.016867843,10.98312087,0.230663978,0.096568962,0.18200409,0.116441698,0.025692617
993,77,148,77148,Summer,MILLER,89,4.48863637,10.49,2.350422422,1,0.174716756,0.10110045,0.073507887,0.376871097,0.016867843,10.98312087,0.230663978,0.096568962,0.18200409,0.116441698,0.025692617
1459,77,196,77196,Summer,MILLER,36,3.583518938,11.99,2.484072969,0,0.174716756,0.10110045,0.073507887,0.376871097,0.016867843,10.98312087,0.230663978,0.096568962,0.18200409,0.116441698,0.025692617
1492,77,150,77150,Summer,MILLER,17,2.833213344,10.99,2.396985768,1,0.174716756,0.10110045,0.073507887,0.376871097,0.016867843,10.98312087,0.230663978,0.096568962,0.18200409,0.116441698,0.025692617
1511,77,294,77294,Spring,MILLER,45,3.80666249,12.79,2.548663616,0,0.174716756,0.10110045,0.073507887,0.376871097,0.016867843,10.98312087,0.230663978,0.096568962,0.18200409,0.116441698,0.025692617
1831,77,242,77242,Spring,MILLER,50,3.912023005,10.79,2.378619779,1,0.174716756,0.10110045,0.073507887,0.376871097,0.016867843,10.98312087,0.230663978,0.096568962,0.18200409,0.116441698,0.025692617
1911,77,235,77235,Spring,MILLER,68,4.219507705,10.49,2.350422422,1,0.174716756,0.10110045,0.073507887,0.376871097,0.016867843,10.98312087,0.230663978,0.096568962,0.18200409,0.116441698,0.025692617
616,121,279,121279,Winter,MILLER,26,3.258096538,11.64,2.454447442,0,0.131251097,0.16358133,0.039173539,0.35061287,0.023876247,10.94992897,0.252030319,0.128497937,0.171745152,0.102167047,0.016704036
723,121,254,121254,Summer,MILLER,70,4.248495242,10.99,2.396985768,1,0.131251097,0.16358133,0.039173539,0.35061287,0.023876247,10.94992897,0.252030319,0.128497937,0.171745152,0.102167047,0.016704036
809,121,314,121314,Fall,MILLER,33,3.496507561,12.99,2.564179831,0,0.131251097,0.16358133,0.039173539,0.35061287,0.023876247,10.94992897,0.252030319,0.128497937,0.171745152,0.102167047,0.016704036
917,121,218,121218,Fall,MILLER,43,3.761200116,10.99,2.396985768,0,0.131251097,0.16358133,0.039173539,0.35061287,0.023876247,10.94992897,0.252030319,0.128497937,0.171745152,0.102167047,0.016704036
938,121,134,121134,Spring,MILLER,34,3.526360525,11.99,2.484072969,0,0.131251097,0.16358133,0.039173539,0.35061287,0.023876247,10.94992897,0.252030319,0.128497937,0.171745152,0.102167047,0.016704036
1082,121,217,121217,Fall,MILLER,60,4.094344562,10.09,2.311544834,1,0.131251097,0.16358133,0.039173539,0.35061287,0.023876247,10.94992897,0.252030319,0.128497937,0.171745152,0.102167047,0.016704036
1090,121,316,121316,Fall,MILLER,47,3.850147602,10.99,2.396985768,1,0.131251097,0.16358133,0.039173539,0.35061287,0.023876247,10.94992897,0.252030319,0.128497937,0.171745152,0.102167047,0.016704036
1420,121,136,121136,Spring,MILLER,47,3.850147602,10.99,2.396985768,1,0.131251097,0.16358133,0.039173539,0.35061287,0.023876247,10.94992897,0.252030319,0.128497937,0.171745152,0.102167047,0.016704036
1422,121,221,121221,Winter,MILLER,48,3.871201011,9.96,2.298577072,1,0.131251097,0.16358133,0.039173539,0.35061287,0.023876247,10.94992897,0.252030319,0.128497937,0.171745152,0.102167047,0.016704036
1591,121,208,121208,Fall,MILLER,80,4.382026635,10.99,2.396985768,1,0.131251097,0.16358133,0.039173539,0.35061287,0.023876247,10.94992897,0.252030319,0.128497937,0.171745152,0.102167047,0.016704036
1841,121,148,121148,Summer,MILLER,136,4.912654886,10.49,2.350422422,1,0.131251097,0.16358133,0.039173539,0.35061287,0.023876247,10.94992897,0.252030319,0.128497937,0.171745152,0.102167047,0.016704036
2039,121,126,121126,Winter,MILLER,25,3.218875825,11.99,2.484072969,0,0.131251097,0.16358133,0.039173539,0.35061287,0.023876247,10.94992897,0.252030319,0.128497937,0.171745152,0.102167047,0.016704036
645,110,382,110382,Winter,AMSTEL,9,2.197224577,6.49,1.870262531,1,0.175594055,0.114956688,0.152944449,0.167553191,0.056953642,10.52085999,0.251984867,0.108684611,0.18142317,0.174839069,0.053595086
760,110,378,110378,Winter,AMSTEL,4,1.386294361,6.99,1.944480556,0,0.175594055,0.114956688,0.152944449,0.167553191,0.056953642,10.52085999,0.251984867,0.108684611,0.18142317,0.174839069,0.053595086
883,110,366,110366,Fall,AMSTEL,3,1.098612289,6.99,1.944480556,0,0.175594055,0.114956688,0.152944449,0.167553191,0.056953642,10.52085999,0.251984867,0.108684611,0.18142317,0.174839069,0.053595086
1306,110,341,110341,Spring,AMSTEL,2,0.693147181,6.99,1.944480556,0,0.175594055,0.114956688,0.152944449,0.167553191,0.056953642,10.52085999,0.251984867,0.108684611,0.18142317,0.174839069,0.053595086
1355,110,91,110091,Summer,AMSTEL,2,0.693147181,6.19,1.822935087,0,0.175594055,0.114956688,0.152944449,0.167553191,0.056953642,10.52085999,0.251984867,0.108684611,0.18142317,0.174839069,0.053595086
1622,110,333,110333,Winter,AMSTEL,4,1.386294361,6.99,1.944480556,0,0.175594055,0.114956688,0.152944449,0.167553191,0.056953642,10.52085999,0.251984867,0.108684611,0.18142317,0.174839069,0.053595086
1793,110,376,110376,Winter,AMSTEL,1,0,6.99,1.944480556,0,0.175594055,0.114956688,0.152944449,0.167553191,0.056953642,10.52085999,0.251984867,0.108684611,0.18142317,0.174839069,0.053595086
1932,110,373,110373,Fall,AMSTEL,5,1.609437912,5.49,1.702928256,1,0.175594055,0.114956688,0.152944449,0.167553191,0.056953642,10.52085999,0.251984867,0.108684611,0.18142317,0.174839069,0.053595086
1971,110,308,110308,Summer,AMSTEL,3,1.098612289,6.99,1.944480556,0,0.175594055,0.114956688,0.152944449,0.167553191,0.056953642,10.52085999,0.251984867,0.108684611,0.18142317,0.174839069,0.053595086
