Final exam/651FINALEXAM/Q1Q2V6.csv
ID,STORE,Week,STOREWEEK,Season,BRAND,MOVE,logmove,PRICE,logprice,Feat,AGE9,AGE60,ETHNIC,EDUC,NOCAR,INCOME,SINGLE,RETIRED,UNEMP,NWHITE,POVERTY
880,68,290,68290,Spring,AMSTEL,1,0,6.99,1.944480556,0,0.130970406,0.181417756,0.220991053,0.159721511,0.305255707,10.1883657,0.34005229,0.181246726,0.198096735,0.379215416,0.098212706
912,68,267,68267,Fall,AMSTEL,2,0.693147181,6.59,1.885553349,0,0.130970406,0.181417756,0.220991053,0.159721511,0.305255707,10.1883657,0.34005229,0.181246726,0.198096735,0.379215416,0.098212706
944,68,294,68294,Spring,AMSTEL,4,1.386294361,6.99,1.944480556,0,0.130970406,0.181417756,0.220991053,0.159721511,0.305255707,10.1883657,0.34005229,0.181246726,0.198096735,0.379215416,0.098212706
958,68,100,68100,Summer,AMSTEL,1,0,6.19,1.822935087,0,0.130970406,0.181417756,0.220991053,0.159721511,0.305255707,10.1883657,0.34005229,0.181246726,0.198096735,0.379215416,0.098212706
988,68,111,68111,Fall,AMSTEL,4,1.386294361,4.99,1.60743591,1,0.130970406,0.181417756,0.220991053,0.159721511,0.305255707,10.1883657,0.34005229,0.181246726,0.198096735,0.379215416,0.098212706
1068,68,343,68343,Spring,AMSTEL,4,1.386294361,5.99,1.790091412,1,0.130970406,0.181417756,0.220991053,0.159721511,0.305255707,10.1883657,0.34005229,0.181246726,0.198096735,0.379215416,0.098212706
1169,68,238,68238,Spring,AMSTEL,3,1.098612289,6.59,1.885553349,0,0.130970406,0.181417756,0.220991053,0.159721511,0.305255707,10.1883657,0.34005229,0.181246726,0.198096735,0.379215416,0.098212706
1279,68,350,68350,Summer,AMSTEL,4,1.386294361,5.99,1.790091412,1,0.130970406,0.181417756,0.220991053,0.159721511,0.305255707,10.1883657,0.34005229,0.181246726,0.198096735,0.379215416,0.098212706
1552,68,370,68370,Fall,AMSTEL,3,1.098612289,5.49,1.702928256,1,0.130970406,0.181417756,0.220991053,0.159721511,0.305255707,10.1883657,0.34005229,0.181246726,0.198096735,0.379215416,0.098212706
1659,68,319,68319,Fall,AMSTEL,1,0,6.99,1.944480556,0,0.130970406,0.181417756,0.220991053,0.159721511,0.305255707,10.1883657,0.34005229,0.181246726,0.198096735,0.379215416,0.098212706
1787,68,361,68361,Summer,AMSTEL,1,0,6.99,1.944480556,0,0.130970406,0.181417756,0.220991053,0.159721511,0.305255707,10.1883657,0.34005229,0.181246726,0.198096735,0.379215416,0.098212706
1881,68,354,68354,Summer,AMSTEL,1,0,6.99,1.944480556,0,0.130970406,0.181417756,0.220991053,0.159721511,0.305255707,10.1883657,0.34005229,0.181246726,0.198096735,0.379215416,0.098212706
1892,68,108,68108,Fall,AMSTEL,1,0,6.19,1.822935087,0,0.130970406,0.181417756,0.220991053,0.159721511,0.305255707,10.1883657,0.34005229,0.181246726,0.198096735,0.379215416,0.098212706
1969,68,317,68317,Fall,AMSTEL,5,1.609437912,5.99,1.790091412,1,0.130970406,0.181417756,0.220991053,0.159721511,0.305255707,10.1883657,0.34005229,0.181246726,0.198096735,0.379215416,0.098212706
1997,68,212,68212,Fall,AMSTEL,1,0,6.29,1.838961071,0,0.130970406,0.181417756,0.220991053,0.159721511,0.305255707,10.1883657,0.34005229,0.181246726,0.198096735,0.379215416,0.098212706
